
> aether-assist@0.1.0 build
> next build

   Gû¦ Next.js 15.2.2
   - Environments: .env.local

   Creating an optimized production build ...
 GÜá Compiled with warnings
System.Management.Automation.RemoteException
./node_modules/next/dist/pages/_app.js
There are multiple modules with names that only differ in casing.
This can lead to unexpected behavior when compiling on a filesystem with other case-semantic.
Use equal casing. Compare these module identifiers:
* javascript/auto|D:\Jag\projects\aether-assist\node_modules\next\dist\build\webpack\loaders\next-swc-loader.js??ruleSet[1].rules[15].oneOf[8].use[0]!D:\Jag\projects\aether-assist\node_modules\next\dist\pages\_app.js|pages-dir-node
    Used by 2 module(s), i. e.
    javascript/auto|D:\Jag\projects\aether-assist\node_modules\next\dist\build\webpack\loaders\next-route-loader\index.js?kind=PAGES&page=%2F_error&preferredRegion=&absolutePagePath=next%2Fdist%2Fpages%2F_error&absoluteAppPath=next%2Fdist%2Fpages%2F_app&absoluteDocumentPath=next%2Fdist%2Fpages%2F_document&middlewareConfigBase64=e30%3D!|pages-dir-node
* javascript/auto|D:\Jag\projects\aether-assist\node_modules\next\dist\build\webpack\loaders\next-swc-loader.js??ruleSet[1].rules[15].oneOf[8].use[0]!D:\jag\projects\aether-assist\node_modules\next\dist\pages\_app.js|pages-dir-node
    Used by 1 module(s), i. e.
    javascript/auto|D:\Jag\projects\aether-assist\node_modules\next\dist\build\webpack\loaders\next-swc-loader.js??ruleSet[1].rules[15].oneOf[8].use[0]!D:\jag\projects\aether-assist\node_modules\next\dist\pages\_app.js|pages-dir-node
System.Management.Automation.RemoteException
Import trace for requested module:
./node_modules/next/dist/pages/_app.js
System.Management.Automation.RemoteException
./node_modules/next/dist/pages/_document.js
There are multiple modules with names that only differ in casing.
This can lead to unexpected behavior when compiling on a filesystem with other case-semantic.
Use equal casing. Compare these module identifiers:
* javascript/auto|D:\Jag\projects\aether-assist\node_modules\next\dist\build\webpack\loaders\next-swc-loader.js??ruleSet[1].rules[15].oneOf[8].use[0]!D:\Jag\projects\aether-assist\node_modules\next\dist\pages\_document.js|pages-dir-node
    Used by 2 module(s), i. e.
    javascript/auto|D:\Jag\projects\aether-assist\node_modules\next\dist\build\webpack\loaders\next-route-loader\index.js?kind=PAGES&page=%2F_error&preferredRegion=&absolutePagePath=next%2Fdist%2Fpages%2F_error&absoluteAppPath=next%2Fdist%2Fpages%2F_app&absoluteDocumentPath=next%2Fdist%2Fpages%2F_document&middlewareConfigBase64=e30%3D!|pages-dir-node
* javascript/auto|D:\Jag\projects\aether-assist\node_modules\next\dist\build\webpack\loaders\next-swc-loader.js??ruleSet[1].rules[15].oneOf[8].use[0]!D:\jag\projects\aether-assist\node_modules\next\dist\pages\_document.js|pages-dir-node
    Used by 1 module(s), i. e.
    javascript/auto|D:\Jag\projects\aether-assist\node_modules\next\dist\build\webpack\loaders\next-swc-loader.js??ruleSet[1].rules[15].oneOf[8].use[0]!D:\jag\projects\aether-assist\node_modules\next\dist\pages\_document.js|pages-dir-node
System.Management.Automation.RemoteException
Import trace for requested module:
./node_modules/next/dist/pages/_document.js
System.Management.Automation.RemoteException
./node_modules/next/dist/shared/lib/constants.js
There are multiple modules with names that only differ in casing.
This can lead to unexpected behavior when compiling on a filesystem with other case-semantic.
Use equal casing. Compare these module identifiers:
* javascript/auto|D:\Jag\projects\aether-assist\node_modules\next\dist\build\webpack\loaders\next-swc-loader.js??ruleSet[1].rules[15].oneOf[8].use[0]!D:\Jag\projects\aether-assist\node_modules\next\dist\shared\lib\constants.js|pages-dir-node
    Used by 3 module(s), i. e.
    javascript/auto|D:\Jag\projects\aether-assist\node_modules\next\dist\build\webpack\loaders\next-swc-loader.js??ruleSet[1].rules[15].oneOf[8].use[0]!D:\Jag\projects\aether-assist\node_modules\next\dist\pages\_document.js|pages-dir-node
* javascript/auto|D:\Jag\projects\aether-assist\node_modules\next\dist\build\webpack\loaders\next-swc-loader.js??ruleSet[1].rules[15].oneOf[8].use[0]!D:\jag\projects\aether-assist\node_modules\next\dist\shared\lib\constants.js|pages-dir-node
    Used by 3 module(s), i. e.
    javascript/auto|D:\Jag\projects\aether-assist\node_modules\next\dist\build\webpack\loaders\next-swc-loader.js??ruleSet[1].rules[15].oneOf[8].use[0]!D:\jag\projects\aether-assist\node_modules\next\dist\pages\_document.js|pages-dir-node
System.Management.Automation.RemoteException
Import trace for requested module:
./node_modules/next/dist/shared/lib/constants.js
./node_modules/next/dist/pages/_document.js
System.Management.Automation.RemoteException
./node_modules/next/dist/shared/lib/encode-uri-path.js
There are multiple modules with names that only differ in casing.
This can lead to unexpected behavior when compiling on a filesystem with other case-semantic.
Use equal casing. Compare these module identifiers:
* javascript/auto|D:\Jag\projects\aether-assist\node_modules\next\dist\build\webpack\loaders\next-swc-loader.js??ruleSet[1].rules[15].oneOf[8].use[0]!D:\Jag\projects\aether-assist\node_modules\next\dist\shared\lib\encode-uri-path.js|pages-dir-node
    Used by 1 module(s), i. e.
    javascript/auto|D:\Jag\projects\aether-assist\node_modules\next\dist\build\webpack\loaders\next-swc-loader.js??ruleSet[1].rules[15].oneOf[8].use[0]!D:\Jag\projects\aether-assist\node_modules\next\dist\pages\_document.js|pages-dir-node
* javascript/auto|D:\Jag\projects\aether-assist\node_modules\next\dist\build\webpack\loaders\next-swc-loader.js??ruleSet[1].rules[15].oneOf[8].use[0]!D:\jag\projects\aether-assist\node_modules\next\dist\shared\lib\encode-uri-path.js|pages-dir-node
    Used by 1 module(s), i. e.
    javascript/auto|D:\Jag\projects\aether-assist\node_modules\next\dist\build\webpack\loaders\next-swc-loader.js??ruleSet[1].rules[15].oneOf[8].use[0]!D:\jag\projects\aether-assist\node_modules\next\dist\pages\_document.js|pages-dir-node
System.Management.Automation.RemoteException
Import trace for requested module:
./node_modules/next/dist/shared/lib/encode-uri-path.js
./node_modules/next/dist/pages/_document.js
System.Management.Automation.RemoteException
./node_modules/next/dist/shared/lib/is-plain-object.js
There are multiple modules with names that only differ in casing.
This can lead to unexpected behavior when compiling on a filesystem with other case-semantic.
Use equal casing. Compare these module identifiers:
* javascript/auto|D:\Jag\projects\aether-assist\node_modules\next\dist\build\webpack\loaders\next-swc-loader.js??ruleSet[1].rules[15].oneOf[8].use[0]!D:\Jag\projects\aether-assist\node_modules\next\dist\shared\lib\is-plain-object.js|pages-dir-node
    Used by 2 module(s), i. e.
    javascript/auto|D:\Jag\projects\aether-assist\node_modules\next\dist\lib\is-error.js|pages-dir-node
* javascript/auto|D:\Jag\projects\aether-assist\node_modules\next\dist\build\webpack\loaders\next-swc-loader.js??ruleSet[1].rules[15].oneOf[8].use[0]!D:\jag\projects\aether-assist\node_modules\next\dist\shared\lib\is-plain-object.js|pages-dir-node
    Used by 2 module(s), i. e.
    javascript/auto|D:\jag\projects\aether-assist\node_modules\next\dist\lib\is-error.js|pages-dir-node
System.Management.Automation.RemoteException
Import trace for requested module:
./node_modules/next/dist/shared/lib/is-plain-object.js
./node_modules/next/dist/lib/is-error.js
./node_modules/next/dist/pages/_document.js
System.Management.Automation.RemoteException
./node_modules/next/dist/shared/lib/is-thenable.js
There are multiple modules with names that only differ in casing.
This can lead to unexpected behavior when compiling on a filesystem with other case-semantic.
Use equal casing. Compare these module identifiers:
* javascript/auto|D:\Jag\projects\aether-assist\node_modules\next\dist\build\webpack\loaders\next-swc-loader.js??ruleSet[1].rules[15].oneOf[8].use[0]!D:\Jag\projects\aether-assist\node_modules\next\dist\shared\lib\is-thenable.js|pages-dir-node
    Used by 1 module(s), i. e.
    javascript/auto|D:\Jag\projects\aether-assist\node_modules\next\dist\server\lib\trace\tracer.js|pages-dir-node
* javascript/auto|D:\Jag\projects\aether-assist\node_modules\next\dist\build\webpack\loaders\next-swc-loader.js??ruleSet[1].rules[15].oneOf[8].use[0]!D:\jag\projects\aether-assist\node_modules\next\dist\shared\lib\is-thenable.js|pages-dir-node
    Used by 1 module(s), i. e.
    javascript/auto|D:\jag\projects\aether-assist\node_modules\next\dist\server\lib\trace\tracer.js|pages-dir-node
System.Management.Automation.RemoteException
Import trace for requested module:
./node_modules/next/dist/shared/lib/is-thenable.js
./node_modules/next/dist/server/lib/trace/tracer.js
./node_modules/next/dist/pages/_document.js
System.Management.Automation.RemoteException
./node_modules/next/dist/shared/lib/modern-browserslist-target.js
There are multiple modules with names that only differ in casing.
This can lead to unexpected behavior when compiling on a filesystem with other case-semantic.
Use equal casing. Compare these module identifiers:
* javascript/auto|D:\Jag\projects\aether-assist\node_modules\next\dist\build\webpack\loaders\next-swc-loader.js??ruleSet[1].rules[15].oneOf[8].use[0]!D:\Jag\projects\aether-assist\node_modules\next\dist\shared\lib\modern-browserslist-target.js|pages-dir-node
    Used by 2 module(s), i. e.
    javascript/auto|D:\Jag\projects\aether-assist\node_modules\next\dist\build\webpack\loaders\next-swc-loader.js??ruleSet[1].rules[15].oneOf[8].use[0]!D:\Jag\projects\aether-assist\node_modules\next\dist\shared\lib\constants.js|pages-dir-node
* javascript/auto|D:\Jag\projects\aether-assist\node_modules\next\dist\build\webpack\loaders\next-swc-loader.js??ruleSet[1].rules[15].oneOf[8].use[0]!D:\jag\projects\aether-assist\node_modules\next\dist\shared\lib\modern-browserslist-target.js|pages-dir-node
    Used by 2 module(s), i. e.
    javascript/auto|D:\Jag\projects\aether-assist\node_modules\next\dist\build\webpack\loaders\next-swc-loader.js??ruleSet[1].rules[15].oneOf[8].use[0]!D:\jag\projects\aether-assist\node_modules\next\dist\shared\lib\constants.js|pages-dir-node
System.Management.Automation.RemoteException
Import trace for requested module:
./node_modules/next/dist/shared/lib/modern-browserslist-target.js
./node_modules/next/dist/shared/lib/constants.js
./node_modules/next/dist/pages/_document.js
System.Management.Automation.RemoteException
./node_modules/next/dist/shared/lib/page-path/denormalize-page-path.js
There are multiple modules with names that only differ in casing.
This can lead to unexpected behavior when compiling on a filesystem with other case-semantic.
Use equal casing. Compare these module identifiers:
* javascript/auto|D:\Jag\projects\aether-assist\node_modules\next\dist\build\webpack\loaders\next-swc-loader.js??ruleSet[1].rules[15].oneOf[8].use[0]!D:\Jag\projects\aether-assist\node_modules\next\dist\shared\lib\page-path\denormalize-page-path.js|pages-dir-node
    Used by 1 module(s), i. e.
    javascript/auto|D:\Jag\projects\aether-assist\node_modules\next\dist\server\get-page-files.js|pages-dir-node
* javascript/auto|D:\Jag\projects\aether-assist\node_modules\next\dist\build\webpack\loaders\next-swc-loader.js??ruleSet[1].rules[15].oneOf[8].use[0]!D:\jag\projects\aether-assist\node_modules\next\dist\shared\lib\page-path\denormalize-page-path.js|pages-dir-node
    Used by 1 module(s), i. e.
    javascript/auto|D:\jag\projects\aether-assist\node_modules\next\dist\server\get-page-files.js|pages-dir-node
System.Management.Automation.RemoteException
Import trace for requested module:
./node_modules/next/dist/shared/lib/page-path/denormalize-page-path.js
./node_modules/next/dist/server/get-page-files.js
./node_modules/next/dist/pages/_document.js
System.Management.Automation.RemoteException
./node_modules/next/dist/shared/lib/page-path/ensure-leading-slash.js
There are multiple modules with names that only differ in casing.
This can lead to unexpected behavior when compiling on a filesystem with other case-semantic.
Use equal casing. Compare these module identifiers:
* javascript/auto|D:\Jag\projects\aether-assist\node_modules\next\dist\build\webpack\loaders\next-swc-loader.js??ruleSet[1].rules[15].oneOf[8].use[0]!D:\Jag\projects\aether-assist\node_modules\next\dist\shared\lib\page-path\ensure-leading-slash.js|pages-dir-node
    Used by 2 module(s), i. e.
    javascript/auto|D:\Jag\projects\aether-assist\node_modules\next\dist\build\webpack\loaders\next-swc-loader.js??ruleSet[1].rules[15].oneOf[8].use[0]!D:\Jag\projects\aether-assist\node_modules\next\dist\shared\lib\page-path\normalize-page-path.js|pages-dir-node
* javascript/auto|D:\Jag\projects\aether-assist\node_modules\next\dist\build\webpack\loaders\next-swc-loader.js??ruleSet[1].rules[15].oneOf[8].use[0]!D:\jag\projects\aether-assist\node_modules\next\dist\shared\lib\page-path\ensure-leading-slash.js|pages-dir-node
    Used by 2 module(s), i. e.
    javascript/auto|D:\Jag\projects\aether-assist\node_modules\next\dist\build\webpack\loaders\next-swc-loader.js??ruleSet[1].rules[15].oneOf[8].use[0]!D:\jag\projects\aether-assist\node_modules\next\dist\shared\lib\page-path\normalize-page-path.js|pages-dir-node
System.Management.Automation.RemoteException
Import trace for requested module:
./node_modules/next/dist/shared/lib/page-path/ensure-leading-slash.js
./node_modules/next/dist/shared/lib/page-path/normalize-page-path.js
./node_modules/next/dist/server/get-page-files.js
./node_modules/next/dist/pages/_document.js
System.Management.Automation.RemoteException
./node_modules/next/dist/shared/lib/page-path/normalize-page-path.js
There are multiple modules with names that only differ in casing.
This can lead to unexpected behavior when compiling on a filesystem with other case-semantic.
Use equal casing. Compare these module identifiers:
* javascript/auto|D:\Jag\projects\aether-assist\node_modules\next\dist\build\webpack\loaders\next-swc-loader.js??ruleSet[1].rules[15].oneOf[8].use[0]!D:\Jag\projects\aether-assist\node_modules\next\dist\shared\lib\page-path\normalize-page-path.js|pages-dir-node
    Used by 1 module(s), i. e.
    javascript/auto|D:\Jag\projects\aether-assist\node_modules\next\dist\server\get-page-files.js|pages-dir-node
* javascript/auto|D:\Jag\projects\aether-assist\node_modules\next\dist\build\webpack\loaders\next-swc-loader.js??ruleSet[1].rules[15].oneOf[8].use[0]!D:\jag\projects\aether-assist\node_modules\next\dist\shared\lib\page-path\normalize-page-path.js|pages-dir-node
    Used by 1 module(s), i. e.
    javascript/auto|D:\jag\projects\aether-assist\node_modules\next\dist\server\get-page-files.js|pages-dir-node
System.Management.Automation.RemoteException
Import trace for requested module:
./node_modules/next/dist/shared/lib/page-path/normalize-page-path.js
./node_modules/next/dist/server/get-page-files.js
./node_modules/next/dist/pages/_document.js
System.Management.Automation.RemoteException
./node_modules/next/dist/shared/lib/page-path/normalize-path-sep.js
There are multiple modules with names that only differ in casing.
This can lead to unexpected behavior when compiling on a filesystem with other case-semantic.
Use equal casing. Compare these module identifiers:
* javascript/auto|D:\Jag\projects\aether-assist\node_modules\next\dist\build\webpack\loaders\next-swc-loader.js??ruleSet[1].rules[15].oneOf[8].use[0]!D:\Jag\projects\aether-assist\node_modules\next\dist\shared\lib\page-path\normalize-path-sep.js|pages-dir-node
    Used by 1 module(s), i. e.
    javascript/auto|D:\Jag\projects\aether-assist\node_modules\next\dist\build\webpack\loaders\next-swc-loader.js??ruleSet[1].rules[15].oneOf[8].use[0]!D:\Jag\projects\aether-assist\node_modules\next\dist\shared\lib\page-path\denormalize-page-path.js|pages-dir-node
* javascript/auto|D:\Jag\projects\aether-assist\node_modules\next\dist\build\webpack\loaders\next-swc-loader.js??ruleSet[1].rules[15].oneOf[8].use[0]!D:\jag\projects\aether-assist\node_modules\next\dist\shared\lib\page-path\normalize-path-sep.js|pages-dir-node
    Used by 1 module(s), i. e.
    javascript/auto|D:\Jag\projects\aether-assist\node_modules\next\dist\build\webpack\loaders\next-swc-loader.js??ruleSet[1].rules[15].oneOf[8].use[0]!D:\jag\projects\aether-assist\node_modules\next\dist\shared\lib\page-path\denormalize-page-path.js|pages-dir-node
System.Management.Automation.RemoteException
Import trace for requested module:
./node_modules/next/dist/shared/lib/page-path/normalize-path-sep.js
./node_modules/next/dist/shared/lib/page-path/denormalize-page-path.js
./node_modules/next/dist/server/get-page-files.js
./node_modules/next/dist/pages/_document.js
System.Management.Automation.RemoteException
./node_modules/next/dist/shared/lib/router/utils/app-paths.js
There are multiple modules with names that only differ in casing.
This can lead to unexpected behavior when compiling on a filesystem with other case-semantic.
Use equal casing. Compare these module identifiers:
* javascript/auto|D:\Jag\projects\aether-assist\node_modules\next\dist\build\webpack\loaders\next-swc-loader.js??ruleSet[1].rules[15].oneOf[8].use[0]!D:\Jag\projects\aether-assist\node_modules\next\dist\shared\lib\router\utils\app-paths.js|pages-dir-node
    Used by 2 module(s), i. e.
    javascript/auto|D:\Jag\projects\aether-assist\node_modules\next\dist\build\webpack\loaders\next-swc-loader.js??ruleSet[1].rules[15].oneOf[8].use[0]!D:\Jag\projects\aether-assist\node_modules\next\dist\shared\lib\router\utils\interception-routes.js|pages-dir-node
* javascript/auto|D:\Jag\projects\aether-assist\node_modules\next\dist\build\webpack\loaders\next-swc-loader.js??ruleSet[1].rules[15].oneOf[8].use[0]!D:\jag\projects\aether-assist\node_modules\next\dist\shared\lib\router\utils\app-paths.js|pages-dir-node
    Used by 2 module(s), i. e.
    javascript/auto|D:\Jag\projects\aether-assist\node_modules\next\dist\build\webpack\loaders\next-swc-loader.js??ruleSet[1].rules[15].oneOf[8].use[0]!D:\jag\projects\aether-assist\node_modules\next\dist\shared\lib\router\utils\interception-routes.js|pages-dir-node
System.Management.Automation.RemoteException
Import trace for requested module:
./node_modules/next/dist/shared/lib/router/utils/app-paths.js
./node_modules/next/dist/shared/lib/router/utils/interception-routes.js
./node_modules/next/dist/shared/lib/router/utils/is-dynamic.js
./node_modules/next/dist/shared/lib/router/utils/index.js
./node_modules/next/dist/shared/lib/page-path/denormalize-page-path.js
./node_modules/next/dist/server/get-page-files.js
./node_modules/next/dist/pages/_document.js
System.Management.Automation.RemoteException
./node_modules/next/dist/shared/lib/router/utils/index.js
There are multiple modules with names that only differ in casing.
This can lead to unexpected behavior when compiling on a filesystem with other case-semantic.
Use equal casing. Compare these module identifiers:
* javascript/auto|D:\Jag\projects\aether-assist\node_modules\next\dist\build\webpack\loaders\next-swc-loader.js??ruleSet[1].rules[15].oneOf[8].use[0]!D:\Jag\projects\aether-assist\node_modules\next\dist\shared\lib\router\utils\index.js|pages-dir-node
    Used by 3 module(s), i. e.
    javascript/auto|D:\Jag\projects\aether-assist\node_modules\next\dist\build\webpack\loaders\next-swc-loader.js??ruleSet[1].rules[15].oneOf[8].use[0]!D:\Jag\projects\aether-assist\node_modules\next\dist\shared\lib\page-path\denormalize-page-path.js|pages-dir-node
* javascript/auto|D:\Jag\projects\aether-assist\node_modules\next\dist\build\webpack\loaders\next-swc-loader.js??ruleSet[1].rules[15].oneOf[8].use[0]!D:\jag\projects\aether-assist\node_modules\next\dist\shared\lib\router\utils\index.js|pages-dir-node
    Used by 3 module(s), i. e.
    javascript/auto|D:\Jag\projects\aether-assist\node_modules\next\dist\build\webpack\loaders\next-swc-loader.js??ruleSet[1].rules[15].oneOf[8].use[0]!D:\jag\projects\aether-assist\node_modules\next\dist\shared\lib\page-path\denormalize-page-path.js|pages-dir-node
System.Management.Automation.RemoteException
Import trace for requested module:
./node_modules/next/dist/shared/lib/router/utils/index.js
./node_modules/next/dist/shared/lib/page-path/denormalize-page-path.js
./node_modules/next/dist/server/get-page-files.js
./node_modules/next/dist/pages/_document.js
System.Management.Automation.RemoteException
./node_modules/next/dist/shared/lib/router/utils/interception-routes.js
There are multiple modules with names that only differ in casing.
This can lead to unexpected behavior when compiling on a filesystem with other case-semantic.
Use equal casing. Compare these module identifiers:
* javascript/auto|D:\Jag\projects\aether-assist\node_modules\next\dist\build\webpack\loaders\next-swc-loader.js??ruleSet[1].rules[15].oneOf[8].use[0]!D:\Jag\projects\aether-assist\node_modules\next\dist\shared\lib\router\utils\interception-routes.js|pages-dir-node
    Used by 2 module(s), i. e.
    javascript/auto|D:\Jag\projects\aether-assist\node_modules\next\dist\build\webpack\loaders\next-swc-loader.js??ruleSet[1].rules[15].oneOf[8].use[0]!D:\Jag\projects\aether-assist\node_modules\next\dist\shared\lib\router\utils\is-dynamic.js|pages-dir-node
* javascript/auto|D:\Jag\projects\aether-assist\node_modules\next\dist\build\webpack\loaders\next-swc-loader.js??ruleSet[1].rules[15].oneOf[8].use[0]!D:\jag\projects\aether-assist\node_modules\next\dist\shared\lib\router\utils\interception-routes.js|pages-dir-node
    Used by 2 module(s), i. e.
    javascript/auto|D:\Jag\projects\aether-assist\node_modules\next\dist\build\webpack\loaders\next-swc-loader.js??ruleSet[1].rules[15].oneOf[8].use[0]!D:\jag\projects\aether-assist\node_modules\next\dist\shared\lib\router\utils\is-dynamic.js|pages-dir-node
System.Management.Automation.RemoteException
Import trace for requested module:
./node_modules/next/dist/shared/lib/router/utils/interception-routes.js
./node_modules/next/dist/shared/lib/router/utils/is-dynamic.js
./node_modules/next/dist/shared/lib/router/utils/index.js
./node_modules/next/dist/shared/lib/page-path/denormalize-page-path.js
./node_modules/next/dist/server/get-page-files.js
./node_modules/next/dist/pages/_document.js
System.Management.Automation.RemoteException
./node_modules/next/dist/shared/lib/router/utils/is-dynamic.js
There are multiple modules with names that only differ in casing.
This can lead to unexpected behavior when compiling on a filesystem with other case-semantic.
Use equal casing. Compare these module identifiers:
* javascript/auto|D:\Jag\projects\aether-assist\node_modules\next\dist\build\webpack\loaders\next-swc-loader.js??ruleSet[1].rules[15].oneOf[8].use[0]!D:\Jag\projects\aether-assist\node_modules\next\dist\shared\lib\router\utils\is-dynamic.js|pages-dir-node
    Used by 1 module(s), i. e.
    javascript/auto|D:\Jag\projects\aether-assist\node_modules\next\dist\build\webpack\loaders\next-swc-loader.js??ruleSet[1].rules[15].oneOf[8].use[0]!D:\Jag\projects\aether-assist\node_modules\next\dist\shared\lib\router\utils\index.js|pages-dir-node
* javascript/auto|D:\Jag\projects\aether-assist\node_modules\next\dist\build\webpack\loaders\next-swc-loader.js??ruleSet[1].rules[15].oneOf[8].use[0]!D:\jag\projects\aether-assist\node_modules\next\dist\shared\lib\router\utils\is-dynamic.js|pages-dir-node
    Used by 1 module(s), i. e.
    javascript/auto|D:\Jag\projects\aether-assist\node_modules\next\dist\build\webpack\loaders\next-swc-loader.js??ruleSet[1].rules[15].oneOf[8].use[0]!D:\jag\projects\aether-assist\node_modules\next\dist\shared\lib\router\utils\index.js|pages-dir-node
System.Management.Automation.RemoteException
Import trace for requested module:
./node_modules/next/dist/shared/lib/router/utils/is-dynamic.js
./node_modules/next/dist/shared/lib/router/utils/index.js
./node_modules/next/dist/shared/lib/page-path/denormalize-page-path.js
./node_modules/next/dist/server/get-page-files.js
./node_modules/next/dist/pages/_document.js
System.Management.Automation.RemoteException
./node_modules/next/dist/shared/lib/router/utils/sorted-routes.js
There are multiple modules with names that only differ in casing.
This can lead to unexpected behavior when compiling on a filesystem with other case-semantic.
Use equal casing. Compare these module identifiers:
* javascript/auto|D:\Jag\projects\aether-assist\node_modules\next\dist\build\webpack\loaders\next-swc-loader.js??ruleSet[1].rules[15].oneOf[8].use[0]!D:\Jag\projects\aether-assist\node_modules\next\dist\shared\lib\router\utils\sorted-routes.js|pages-dir-node
    Used by 2 module(s), i. e.
    javascript/auto|D:\Jag\projects\aether-assist\node_modules\next\dist\build\webpack\loaders\next-swc-loader.js??ruleSet[1].rules[15].oneOf[8].use[0]!D:\Jag\projects\aether-assist\node_modules\next\dist\shared\lib\router\utils\index.js|pages-dir-node
* javascript/auto|D:\Jag\projects\aether-assist\node_modules\next\dist\build\webpack\loaders\next-swc-loader.js??ruleSet[1].rules[15].oneOf[8].use[0]!D:\jag\projects\aether-assist\node_modules\next\dist\shared\lib\router\utils\sorted-routes.js|pages-dir-node
    Used by 2 module(s), i. e.
    javascript/auto|D:\Jag\projects\aether-assist\node_modules\next\dist\build\webpack\loaders\next-swc-loader.js??ruleSet[1].rules[15].oneOf[8].use[0]!D:\jag\projects\aether-assist\node_modules\next\dist\shared\lib\router\utils\index.js|pages-dir-node
System.Management.Automation.RemoteException
Import trace for requested module:
./node_modules/next/dist/shared/lib/router/utils/sorted-routes.js
./node_modules/next/dist/shared/lib/router/utils/index.js
./node_modules/next/dist/shared/lib/page-path/denormalize-page-path.js
./node_modules/next/dist/server/get-page-files.js
./node_modules/next/dist/pages/_document.js
System.Management.Automation.RemoteException
./node_modules/next/dist/shared/lib/segment.js
There are multiple modules with names that only differ in casing.
This can lead to unexpected behavior when compiling on a filesystem with other case-semantic.
Use equal casing. Compare these module identifiers:
* javascript/auto|D:\Jag\projects\aether-assist\node_modules\next\dist\build\webpack\loaders\next-swc-loader.js??ruleSet[1].rules[15].oneOf[8].use[0]!D:\Jag\projects\aether-assist\node_modules\next\dist\shared\lib\segment.js|pages-dir-node
    Used by 2 module(s), i. e.
    javascript/auto|D:\Jag\projects\aether-assist\node_modules\next\dist\build\webpack\loaders\next-swc-loader.js??ruleSet[1].rules[15].oneOf[8].use[0]!D:\Jag\projects\aether-assist\node_modules\next\dist\shared\lib\router\utils\app-paths.js|pages-dir-node
* javascript/auto|D:\Jag\projects\aether-assist\node_modules\next\dist\build\webpack\loaders\next-swc-loader.js??ruleSet[1].rules[15].oneOf[8].use[0]!D:\jag\projects\aether-assist\node_modules\next\dist\shared\lib\segment.js|pages-dir-node
    Used by 2 module(s), i. e.
    javascript/auto|D:\Jag\projects\aether-assist\node_modules\next\dist\build\webpack\loaders\next-swc-loader.js??ruleSet[1].rules[15].oneOf[8].use[0]!D:\jag\projects\aether-assist\node_modules\next\dist\shared\lib\router\utils\app-paths.js|pages-dir-node
System.Management.Automation.RemoteException
Import trace for requested module:
./node_modules/next/dist/shared/lib/segment.js
./node_modules/next/dist/shared/lib/router/utils/app-paths.js
./node_modules/next/dist/shared/lib/router/utils/interception-routes.js
./node_modules/next/dist/shared/lib/router/utils/is-dynamic.js
./node_modules/next/dist/shared/lib/router/utils/index.js
./node_modules/next/dist/shared/lib/page-path/denormalize-page-path.js
./node_modules/next/dist/server/get-page-files.js
./node_modules/next/dist/pages/_document.js
System.Management.Automation.RemoteException
./node_modules/next/dist/shared/lib/utils.js
There are multiple modules with names that only differ in casing.
This can lead to unexpected behavior when compiling on a filesystem with other case-semantic.
Use equal casing. Compare these module identifiers:
* javascript/auto|D:\Jag\projects\aether-assist\node_modules\next\dist\build\webpack\loaders\next-swc-loader.js??ruleSet[1].rules[15].oneOf[8].use[0]!D:\Jag\projects\aether-assist\node_modules\next\dist\shared\lib\utils.js|pages-dir-node
    Used by 3 module(s), i. e.
    javascript/auto|D:\Jag\projects\aether-assist\node_modules\next\dist\build\webpack\loaders\next-swc-loader.js??ruleSet[1].rules[15].oneOf[8].use[0]!D:\Jag\projects\aether-assist\node_modules\next\dist\pages\_app.js|pages-dir-node
* javascript/auto|D:\Jag\projects\aether-assist\node_modules\next\dist\build\webpack\loaders\next-swc-loader.js??ruleSet[1].rules[15].oneOf[8].use[0]!D:\jag\projects\aether-assist\node_modules\next\dist\shared\lib\utils.js|pages-dir-node
    Used by 3 module(s), i. e.
    javascript/auto|D:\Jag\projects\aether-assist\node_modules\next\dist\build\webpack\loaders\next-swc-loader.js??ruleSet[1].rules[15].oneOf[8].use[0]!D:\jag\projects\aether-assist\node_modules\next\dist\pages\_app.js|pages-dir-node
System.Management.Automation.RemoteException
Import trace for requested module:
./node_modules/next/dist/shared/lib/utils.js
./node_modules/next/dist/pages/_app.js
System.Management.Automation.RemoteException
./node_modules/next/dist/lib/is-error.js
There are multiple modules with names that only differ in casing.
This can lead to unexpected behavior when compiling on a filesystem with other case-semantic.
Use equal casing. Compare these module identifiers:
* javascript/auto|D:\Jag\projects\aether-assist\node_modules\next\dist\lib\is-error.js|pages-dir-node
    Used by 2 module(s), i. e.
    javascript/auto|D:\Jag\projects\aether-assist\node_modules\next\dist\build\webpack\loaders\next-swc-loader.js??ruleSet[1].rules[15].oneOf[8].use[0]!D:\Jag\projects\aether-assist\node_modules\next\dist\pages\_document.js|pages-dir-node
* javascript/auto|D:\jag\projects\aether-assist\node_modules\next\dist\lib\is-error.js|pages-dir-node
    Used by 2 module(s), i. e.
    javascript/auto|D:\Jag\projects\aether-assist\node_modules\next\dist\build\webpack\loaders\next-swc-loader.js??ruleSet[1].rules[15].oneOf[8].use[0]!D:\jag\projects\aether-assist\node_modules\next\dist\pages\_document.js|pages-dir-node
System.Management.Automation.RemoteException
Import trace for requested module:
./node_modules/next/dist/lib/is-error.js
./node_modules/next/dist/pages/_document.js
System.Management.Automation.RemoteException
./node_modules/next/dist/lib/pretty-bytes.js
There are multiple modules with names that only differ in casing.
This can lead to unexpected behavior when compiling on a filesystem with other case-semantic.
Use equal casing. Compare these module identifiers:
* javascript/auto|D:\Jag\projects\aether-assist\node_modules\next\dist\lib\pretty-bytes.js|pages-dir-node
    Used by 1 module(s), i. e.
    javascript/auto|D:\Jag\projects\aether-assist\node_modules\next\dist\build\webpack\loaders\next-swc-loader.js??ruleSet[1].rules[15].oneOf[8].use[0]!D:\Jag\projects\aether-assist\node_modules\next\dist\pages\_document.js|pages-dir-node
* javascript/auto|D:\jag\projects\aether-assist\node_modules\next\dist\lib\pretty-bytes.js|pages-dir-node
    Used by 1 module(s), i. e.
    javascript/auto|D:\Jag\projects\aether-assist\node_modules\next\dist\build\webpack\loaders\next-swc-loader.js??ruleSet[1].rules[15].oneOf[8].use[0]!D:\jag\projects\aether-assist\node_modules\next\dist\pages\_document.js|pages-dir-node
System.Management.Automation.RemoteException
Import trace for requested module:
./node_modules/next/dist/lib/pretty-bytes.js
./node_modules/next/dist/pages/_document.js
System.Management.Automation.RemoteException
./node_modules/next/dist/server/get-page-files.js
There are multiple modules with names that only differ in casing.
This can lead to unexpected behavior when compiling on a filesystem with other case-semantic.
Use equal casing. Compare these module identifiers:
* javascript/auto|D:\Jag\projects\aether-assist\node_modules\next\dist\server\get-page-files.js|pages-dir-node
    Used by 1 module(s), i. e.
    javascript/auto|D:\Jag\projects\aether-assist\node_modules\next\dist\build\webpack\loaders\next-swc-loader.js??ruleSet[1].rules[15].oneOf[8].use[0]!D:\Jag\projects\aether-assist\node_modules\next\dist\pages\_document.js|pages-dir-node
* javascript/auto|D:\jag\projects\aether-assist\node_modules\next\dist\server\get-page-files.js|pages-dir-node
    Used by 1 module(s), i. e.
    javascript/auto|D:\Jag\projects\aether-assist\node_modules\next\dist\build\webpack\loaders\next-swc-loader.js??ruleSet[1].rules[15].oneOf[8].use[0]!D:\jag\projects\aether-assist\node_modules\next\dist\pages\_document.js|pages-dir-node
System.Management.Automation.RemoteException
Import trace for requested module:
./node_modules/next/dist/server/get-page-files.js
./node_modules/next/dist/pages/_document.js
System.Management.Automation.RemoteException
./node_modules/next/dist/server/htmlescape.js
There are multiple modules with names that only differ in casing.
This can lead to unexpected behavior when compiling on a filesystem with other case-semantic.
Use equal casing. Compare these module identifiers:
* javascript/auto|D:\Jag\projects\aether-assist\node_modules\next\dist\server\htmlescape.js|pages-dir-node
    Used by 2 module(s), i. e.
    javascript/auto|D:\Jag\projects\aether-assist\node_modules\next\dist\build\webpack\loaders\next-swc-loader.js??ruleSet[1].rules[15].oneOf[8].use[0]!D:\Jag\projects\aether-assist\node_modules\next\dist\pages\_document.js|pages-dir-node
* javascript/auto|D:\jag\projects\aether-assist\node_modules\next\dist\server\htmlescape.js|pages-dir-node
    Used by 2 module(s), i. e.
    javascript/auto|D:\Jag\projects\aether-assist\node_modules\next\dist\build\webpack\loaders\next-swc-loader.js??ruleSet[1].rules[15].oneOf[8].use[0]!D:\jag\projects\aether-assist\node_modules\next\dist\pages\_document.js|pages-dir-node
System.Management.Automation.RemoteException
Import trace for requested module:
./node_modules/next/dist/server/htmlescape.js
./node_modules/next/dist/pages/_document.js
System.Management.Automation.RemoteException
./node_modules/next/dist/server/lib/trace/constants.js
There are multiple modules with names that only differ in casing.
This can lead to unexpected behavior when compiling on a filesystem with other case-semantic.
Use equal casing. Compare these module identifiers:
* javascript/auto|D:\Jag\projects\aether-assist\node_modules\next\dist\server\lib\trace\constants.js|pages-dir-node
    Used by 2 module(s), i. e.
    javascript/auto|D:\Jag\projects\aether-assist\node_modules\next\dist\server\lib\trace\tracer.js|pages-dir-node
* javascript/auto|D:\jag\projects\aether-assist\node_modules\next\dist\server\lib\trace\constants.js|pages-dir-node
    Used by 2 module(s), i. e.
    javascript/auto|D:\jag\projects\aether-assist\node_modules\next\dist\server\lib\trace\tracer.js|pages-dir-node
System.Management.Automation.RemoteException
Import trace for requested module:
./node_modules/next/dist/server/lib/trace/constants.js
./node_modules/next/dist/server/lib/trace/tracer.js
./node_modules/next/dist/pages/_document.js
System.Management.Automation.RemoteException
./node_modules/next/dist/server/lib/trace/tracer.js
There are multiple modules with names that only differ in casing.
This can lead to unexpected behavior when compiling on a filesystem with other case-semantic.
Use equal casing. Compare these module identifiers:
* javascript/auto|D:\Jag\projects\aether-assist\node_modules\next\dist\server\lib\trace\tracer.js|pages-dir-node
    Used by 2 module(s), i. e.
    javascript/auto|D:\Jag\projects\aether-assist\node_modules\next\dist\build\webpack\loaders\next-swc-loader.js??ruleSet[1].rules[15].oneOf[8].use[0]!D:\Jag\projects\aether-assist\node_modules\next\dist\pages\_document.js|pages-dir-node
* javascript/auto|D:\jag\projects\aether-assist\node_modules\next\dist\server\lib\trace\tracer.js|pages-dir-node
    Used by 2 module(s), i. e.
    javascript/auto|D:\Jag\projects\aether-assist\node_modules\next\dist\build\webpack\loaders\next-swc-loader.js??ruleSet[1].rules[15].oneOf[8].use[0]!D:\jag\projects\aether-assist\node_modules\next\dist\pages\_document.js|pages-dir-node
System.Management.Automation.RemoteException
Import trace for requested module:
./node_modules/next/dist/server/lib/trace/tracer.js
./node_modules/next/dist/pages/_document.js
System.Management.Automation.RemoteException
./node_modules/next/dist/server/lib/trace/utils.js
There are multiple modules with names that only differ in casing.
This can lead to unexpected behavior when compiling on a filesystem with other case-semantic.
Use equal casing. Compare these module identifiers:
* javascript/auto|D:\Jag\projects\aether-assist\node_modules\next\dist\server\lib\trace\utils.js|pages-dir-node
    Used by 1 module(s), i. e.
    javascript/auto|D:\Jag\projects\aether-assist\node_modules\next\dist\build\webpack\loaders\next-swc-loader.js??ruleSet[1].rules[15].oneOf[8].use[0]!D:\Jag\projects\aether-assist\node_modules\next\dist\pages\_document.js|pages-dir-node
* javascript/auto|D:\jag\projects\aether-assist\node_modules\next\dist\server\lib\trace\utils.js|pages-dir-node
    Used by 1 module(s), i. e.
    javascript/auto|D:\Jag\projects\aether-assist\node_modules\next\dist\build\webpack\loaders\next-swc-loader.js??ruleSet[1].rules[15].oneOf[8].use[0]!D:\jag\projects\aether-assist\node_modules\next\dist\pages\_document.js|pages-dir-node
System.Management.Automation.RemoteException
Import trace for requested module:
./node_modules/next/dist/server/lib/trace/utils.js
./node_modules/next/dist/pages/_document.js
System.Management.Automation.RemoteException
./node_modules/next/dist/server/utils.js
There are multiple modules with names that only differ in casing.
This can lead to unexpected behavior when compiling on a filesystem with other case-semantic.
Use equal casing. Compare these module identifiers:
* javascript/auto|D:\Jag\projects\aether-assist\node_modules\next\dist\server\utils.js|pages-dir-node
    Used by 2 module(s), i. e.
    javascript/auto|D:\Jag\projects\aether-assist\node_modules\next\dist\build\webpack\loaders\next-swc-loader.js??ruleSet[1].rules[15].oneOf[8].use[0]!D:\Jag\projects\aether-assist\node_modules\next\dist\pages\_document.js|pages-dir-node
* javascript/auto|D:\jag\projects\aether-assist\node_modules\next\dist\server\utils.js|pages-dir-node
    Used by 2 module(s), i. e.
    javascript/auto|D:\Jag\projects\aether-assist\node_modules\next\dist\build\webpack\loaders\next-swc-loader.js??ruleSet[1].rules[15].oneOf[8].use[0]!D:\jag\projects\aether-assist\node_modules\next\dist\pages\_document.js|pages-dir-node
System.Management.Automation.RemoteException
Import trace for requested module:
./node_modules/next/dist/server/utils.js
./node_modules/next/dist/pages/_document.js
System.Management.Automation.RemoteException
 GÜá Compiled with warnings
System.Management.Automation.RemoteException
./node_modules/next/dist/build/deployment-id.js
There are multiple modules with names that only differ in casing.
This can lead to unexpected behavior when compiling on a filesystem with other case-semantic.
Use equal casing. Compare these module identifiers:
* javascript/auto|D:\Jag\projects\aether-assist\node_modules\next\dist\build\deployment-id.js|pages-dir-browser
    Used by 1 module(s), i. e.
    javascript/auto|D:\Jag\projects\aether-assist\node_modules\next\dist\build\webpack\loaders\next-swc-loader.js??ruleSet[1].rules[15].oneOf[8].use[0]!D:\Jag\projects\aether-assist\node_modules\next\dist\client\route-loader.js|pages-dir-browser
* javascript/auto|D:\jag\projects\aether-assist\node_modules\next\dist\build\deployment-id.js|pages-dir-browser
    Used by 2 module(s), i. e.
    javascript/auto|D:\Jag\projects\aether-assist\node_modules\next\dist\build\webpack\loaders\next-swc-loader.js??ruleSet[1].rules[15].oneOf[8].use[0]!D:\jag\projects\aether-assist\node_modules\next\dist\client\webpack.js|pages-dir-browser
System.Management.Automation.RemoteException
Import trace for requested module:
./node_modules/next/dist/build/deployment-id.js
./node_modules/next/dist/client/route-loader.js
./node_modules/next/dist/shared/lib/router/router.js
System.Management.Automation.RemoteException
./node_modules/next/dist/client/add-base-path.js
There are multiple modules with names that only differ in casing.
This can lead to unexpected behavior when compiling on a filesystem with other case-semantic.
Use equal casing. Compare these module identifiers:
* javascript/auto|D:\Jag\projects\aether-assist\node_modules\next\dist\build\webpack\loaders\next-flight-client-module-loader.js!D:\Jag\projects\aether-assist\node_modules\next\dist\build\webpack\loaders\next-swc-loader.js??ruleSet[1].rules[15].oneOf[6].use[1]!D:\Jag\projects\aether-assist\node_modules\next\dist\client\add-base-path.js|app-pages-browser
    Used by 3 module(s), i. e.
    javascript/auto|D:\Jag\projects\aether-assist\node_modules\next\dist\build\webpack\loaders\next-flight-client-module-loader.js!D:\Jag\projects\aether-assist\node_modules\next\dist\build\webpack\loaders\next-swc-loader.js??ruleSet[1].rules[15].oneOf[6].use[1]!D:\Jag\projects\aether-assist\node_modules\next\dist\client\components\app-router.js|app-pages-browser
* javascript/auto|D:\Jag\projects\aether-assist\node_modules\next\dist\build\webpack\loaders\next-flight-client-module-loader.js!D:\Jag\projects\aether-assist\node_modules\next\dist\build\webpack\loaders\next-swc-loader.js??ruleSet[1].rules[15].oneOf[6].use[1]!D:\jag\projects\aether-assist\node_modules\next\dist\client\add-base-path.js|app-pages-browser
    Used by 3 module(s), i. e.
    javascript/auto|D:\Jag\projects\aether-assist\node_modules\next\dist\build\webpack\loaders\next-flight-client-module-loader.js!D:\Jag\projects\aether-assist\node_modules\next\dist\build\webpack\loaders\next-swc-loader.js??ruleSet[1].rules[15].oneOf[6].use[1]!D:\jag\projects\aether-assist\node_modules\next\dist\client\components\app-router.js|app-pages-browser
System.Management.Automation.RemoteException
Import trace for requested module:
./node_modules/next/dist/client/add-base-path.js
./node_modules/next/dist/client/components/app-router.js
System.Management.Automation.RemoteException
./node_modules/next/dist/client/app-build-id.js
There are multiple modules with names that only differ in casing.
This can lead to unexpected behavior when compiling on a filesystem with other case-semantic.
Use equal casing. Compare these module identifiers:
* javascript/auto|D:\Jag\projects\aether-assist\node_modules\next\dist\build\webpack\loaders\next-flight-client-module-loader.js!D:\Jag\projects\aether-assist\node_modules\next\dist\build\webpack\loaders\next-swc-loader.js??ruleSet[1].rules[15].oneOf[6].use[1]!D:\Jag\projects\aether-assist\node_modules\next\dist\client\app-build-id.js|app-pages-browser
    Used by 2 module(s), i. e.
    javascript/auto|D:\Jag\projects\aether-assist\node_modules\next\dist\build\webpack\loaders\next-flight-client-module-loader.js!D:\Jag\projects\aether-assist\node_modules\next\dist\build\webpack\loaders\next-swc-loader.js??ruleSet[1].rules[15].oneOf[6].use[1]!D:\Jag\projects\aether-assist\node_modules\next\dist\client\components\router-reducer\fetch-server-response.js|app-pages-browser
* javascript/auto|D:\Jag\projects\aether-assist\node_modules\next\dist\build\webpack\loaders\next-flight-client-module-loader.js!D:\Jag\projects\aether-assist\node_modules\next\dist\build\webpack\loaders\next-swc-loader.js??ruleSet[1].rules[15].oneOf[6].use[1]!D:\jag\projects\aether-assist\node_modules\next\dist\client\app-build-id.js|app-pages-browser
    Used by 3 module(s), i. e.
    javascript/auto|D:\Jag\projects\aether-assist\node_modules\next\dist\build\webpack\loaders\next-flight-client-module-loader.js!D:\Jag\projects\aether-assist\node_modules\next\dist\build\webpack\loaders\next-swc-loader.js??ruleSet[1].rules[15].oneOf[6].use[1]!D:\jag\projects\aether-assist\node_modules\next\dist\client\app-index.js|app-pages-browser
System.Management.Automation.RemoteException
Import trace for requested module:
./node_modules/next/dist/client/app-build-id.js
./node_modules/next/dist/client/components/router-reducer/fetch-server-response.js
./node_modules/next/dist/client/components/layout-router.js
System.Management.Automation.RemoteException
./node_modules/next/dist/client/app-call-server.js
There are multiple modules with names that only differ in casing.
This can lead to unexpected behavior when compiling on a filesystem with other case-semantic.
Use equal casing. Compare these module identifiers:
* javascript/auto|D:\Jag\projects\aether-assist\node_modules\next\dist\build\webpack\loaders\next-flight-client-module-loader.js!D:\Jag\projects\aether-assist\node_modules\next\dist\build\webpack\loaders\next-swc-loader.js??ruleSet[1].rules[15].oneOf[6].use[1]!D:\Jag\projects\aether-assist\node_modules\next\dist\client\app-call-server.js|app-pages-browser
    Used by 4 module(s), i. e.
    javascript/auto|D:\Jag\projects\aether-assist\node_modules\next\dist\build\webpack\loaders\next-flight-client-module-loader.js!D:\Jag\projects\aether-assist\node_modules\next\dist\build\webpack\loaders\next-swc-loader.js??ruleSet[1].rules[15].oneOf[6].use[1]!D:\Jag\projects\aether-assist\node_modules\next\dist\client\components\app-router.js|app-pages-browser
* javascript/auto|D:\Jag\projects\aether-assist\node_modules\next\dist\build\webpack\loaders\next-flight-client-module-loader.js!D:\Jag\projects\aether-assist\node_modules\next\dist\build\webpack\loaders\next-swc-loader.js??ruleSet[1].rules[15].oneOf[6].use[1]!D:\jag\projects\aether-assist\node_modules\next\dist\client\app-call-server.js|app-pages-browser
    Used by 5 module(s), i. e.
    javascript/auto|D:\Jag\projects\aether-assist\node_modules\next\dist\build\webpack\loaders\next-flight-client-module-loader.js!D:\Jag\projects\aether-assist\node_modules\next\dist\build\webpack\loaders\next-swc-loader.js??ruleSet[1].rules[15].oneOf[6].use[1]!D:\jag\projects\aether-assist\node_modules\next\dist\client\app-index.js|app-pages-browser
System.Management.Automation.RemoteException
Import trace for requested module:
./node_modules/next/dist/client/app-call-server.js
./node_modules/next/dist/client/components/app-router.js
System.Management.Automation.RemoteException
./node_modules/next/dist/client/app-find-source-map-url.js
There are multiple modules with names that only differ in casing.
This can lead to unexpected behavior when compiling on a filesystem with other case-semantic.
Use equal casing. Compare these module identifiers:
* javascript/auto|D:\Jag\projects\aether-assist\node_modules\next\dist\build\webpack\loaders\next-flight-client-module-loader.js!D:\Jag\projects\aether-assist\node_modules\next\dist\build\webpack\loaders\next-swc-loader.js??ruleSet[1].rules[15].oneOf[6].use[1]!D:\Jag\projects\aether-assist\node_modules\next\dist\client\app-find-source-map-url.js|app-pages-browser
    Used by 3 module(s), i. e.
    javascript/auto|D:\Jag\projects\aether-assist\node_modules\next\dist\build\webpack\loaders\next-flight-client-module-loader.js!D:\Jag\projects\aether-assist\node_modules\next\dist\build\webpack\loaders\next-swc-loader.js??ruleSet[1].rules[15].oneOf[6].use[1]!D:\Jag\projects\aether-assist\node_modules\next\dist\client\components\router-reducer\fetch-server-response.js|app-pages-browser
* javascript/auto|D:\Jag\projects\aether-assist\node_modules\next\dist\build\webpack\loaders\next-flight-client-module-loader.js!D:\Jag\projects\aether-assist\node_modules\next\dist\build\webpack\loaders\next-swc-loader.js??ruleSet[1].rules[15].oneOf[6].use[1]!D:\jag\projects\aether-assist\node_modules\next\dist\client\app-find-source-map-url.js|app-pages-browser
    Used by 4 module(s), i. e.
    javascript/auto|D:\Jag\projects\aether-assist\node_modules\next\dist\build\webpack\loaders\next-flight-client-module-loader.js!D:\Jag\projects\aether-assist\node_modules\next\dist\build\webpack\loaders\next-swc-loader.js??ruleSet[1].rules[15].oneOf[6].use[1]!D:\jag\projects\aether-assist\node_modules\next\dist\client\app-index.js|app-pages-browser
System.Management.Automation.RemoteException
Import trace for requested module:
./node_modules/next/dist/client/app-find-source-map-url.js
./node_modules/next/dist/client/components/router-reducer/fetch-server-response.js
./node_modules/next/dist/client/components/layout-router.js
System.Management.Automation.RemoteException
./node_modules/next/dist/client/assign-location.js
There are multiple modules with names that only differ in casing.
This can lead to unexpected behavior when compiling on a filesystem with other case-semantic.
Use equal casing. Compare these module identifiers:
* javascript/auto|D:\Jag\projects\aether-assist\node_modules\next\dist\build\webpack\loaders\next-flight-client-module-loader.js!D:\Jag\projects\aether-assist\node_modules\next\dist\build\webpack\loaders\next-swc-loader.js??ruleSet[1].rules[15].oneOf[6].use[1]!D:\Jag\projects\aether-assist\node_modules\next\dist\client\assign-location.js|app-pages-browser
    Used by 2 module(s), i. e.
    javascript/auto|D:\Jag\projects\aether-assist\node_modules\next\dist\build\webpack\loaders\next-flight-client-module-loader.js!D:\Jag\projects\aether-assist\node_modules\next\dist\build\webpack\loaders\next-swc-loader.js??ruleSet[1].rules[15].oneOf[6].use[1]!D:\Jag\projects\aether-assist\node_modules\next\dist\client\components\router-reducer\reducers\server-action-reducer.js|app-pages-browser
* javascript/auto|D:\Jag\projects\aether-assist\node_modules\next\dist\build\webpack\loaders\next-flight-client-module-loader.js!D:\Jag\projects\aether-assist\node_modules\next\dist\build\webpack\loaders\next-swc-loader.js??ruleSet[1].rules[15].oneOf[6].use[1]!D:\jag\projects\aether-assist\node_modules\next\dist\client\assign-location.js|app-pages-browser
    Used by 2 module(s), i. e.
    javascript/auto|D:\Jag\projects\aether-assist\node_modules\next\dist\build\webpack\loaders\next-flight-client-module-loader.js!D:\Jag\projects\aether-assist\node_modules\next\dist\build\webpack\loaders\next-swc-loader.js??ruleSet[1].rules[15].oneOf[6].use[1]!D:\jag\projects\aether-assist\node_modules\next\dist\client\components\router-reducer\reducers\server-action-reducer.js|app-pages-browser
System.Management.Automation.RemoteException
Import trace for requested module:
./node_modules/next/dist/client/assign-location.js
./node_modules/next/dist/client/components/router-reducer/reducers/server-action-reducer.js
./node_modules/next/dist/client/components/router-reducer/router-reducer.js
./node_modules/next/dist/shared/lib/router/action-queue.js
./node_modules/next/dist/client/components/links.js
./node_modules/next/dist/client/components/app-router.js
System.Management.Automation.RemoteException
./node_modules/next/dist/client/components/app-router-announcer.js
There are multiple modules with names that only differ in casing.
This can lead to unexpected behavior when compiling on a filesystem with other case-semantic.
Use equal casing. Compare these module identifiers:
* javascript/auto|D:\Jag\projects\aether-assist\node_modules\next\dist\build\webpack\loaders\next-flight-client-module-loader.js!D:\Jag\projects\aether-assist\node_modules\next\dist\build\webpack\loaders\next-swc-loader.js??ruleSet[1].rules[15].oneOf[6].use[1]!D:\Jag\projects\aether-assist\node_modules\next\dist\client\components\app-router-announcer.js|app-pages-browser
    Used by 2 module(s), i. e.
    javascript/auto|D:\Jag\projects\aether-assist\node_modules\next\dist\build\webpack\loaders\next-flight-client-module-loader.js!D:\Jag\projects\aether-assist\node_modules\next\dist\build\webpack\loaders\next-swc-loader.js??ruleSet[1].rules[15].oneOf[6].use[1]!D:\Jag\projects\aether-assist\node_modules\next\dist\client\components\app-router.js|app-pages-browser
* javascript/auto|D:\Jag\projects\aether-assist\node_modules\next\dist\build\webpack\loaders\next-flight-client-module-loader.js!D:\Jag\projects\aether-assist\node_modules\next\dist\build\webpack\loaders\next-swc-loader.js??ruleSet[1].rules[15].oneOf[6].use[1]!D:\jag\projects\aether-assist\node_modules\next\dist\client\components\app-router-announcer.js|app-pages-browser
    Used by 2 module(s), i. e.
    javascript/auto|D:\Jag\projects\aether-assist\node_modules\next\dist\build\webpack\loaders\next-flight-client-module-loader.js!D:\Jag\projects\aether-assist\node_modules\next\dist\build\webpack\loaders\next-swc-loader.js??ruleSet[1].rules[15].oneOf[6].use[1]!D:\jag\projects\aether-assist\node_modules\next\dist\client\components\app-router.js|app-pages-browser
System.Management.Automation.RemoteException
Import trace for requested module:
./node_modules/next/dist/client/components/app-router-announcer.js
./node_modules/next/dist/client/components/app-router.js
System.Management.Automation.RemoteException
./node_modules/next/dist/client/components/app-router-headers.js
There are multiple modules with names that only differ in casing.
This can lead to unexpected behavior when compiling on a filesystem with other case-semantic.
Use equal casing. Compare these module identifiers:
* javascript/auto|D:\Jag\projects\aether-assist\node_modules\next\dist\build\webpack\loaders\next-flight-client-module-loader.js!D:\Jag\projects\aether-assist\node_modules\next\dist\build\webpack\loaders\next-swc-loader.js??ruleSet[1].rules[15].oneOf[6].use[1]!D:\Jag\projects\aether-assist\node_modules\next\dist\client\components\app-router-headers.js|app-pages-browser
    Used by 4 module(s), i. e.
    javascript/auto|D:\Jag\projects\aether-assist\node_modules\next\dist\build\webpack\loaders\next-flight-client-module-loader.js!D:\Jag\projects\aether-assist\node_modules\next\dist\build\webpack\loaders\next-swc-loader.js??ruleSet[1].rules[15].oneOf[6].use[1]!D:\Jag\projects\aether-assist\node_modules\next\dist\client\components\router-reducer\fetch-server-response.js|app-pages-browser
* javascript/auto|D:\Jag\projects\aether-assist\node_modules\next\dist\build\webpack\loaders\next-flight-client-module-loader.js!D:\Jag\projects\aether-assist\node_modules\next\dist\build\webpack\loaders\next-swc-loader.js??ruleSet[1].rules[15].oneOf[6].use[1]!D:\jag\projects\aether-assist\node_modules\next\dist\client\components\app-router-headers.js|app-pages-browser
    Used by 4 module(s), i. e.
    javascript/auto|D:\Jag\projects\aether-assist\node_modules\next\dist\build\webpack\loaders\next-flight-client-module-loader.js!D:\Jag\projects\aether-assist\node_modules\next\dist\build\webpack\loaders\next-swc-loader.js??ruleSet[1].rules[15].oneOf[6].use[1]!D:\jag\projects\aether-assist\node_modules\next\dist\client\components\router-reducer\reducers\server-action-reducer.js|app-pages-browser
System.Management.Automation.RemoteException
Import trace for requested module:
./node_modules/next/dist/client/components/app-router-headers.js
./node_modules/next/dist/client/components/router-reducer/fetch-server-response.js
./node_modules/next/dist/client/components/layout-router.js
System.Management.Automation.RemoteException
./node_modules/next/dist/client/components/app-router.js
There are multiple modules with names that only differ in casing.
This can lead to unexpected behavior when compiling on a filesystem with other case-semantic.
Use equal casing. Compare these module identifiers:
* javascript/auto|D:\Jag\projects\aether-assist\node_modules\next\dist\build\webpack\loaders\next-flight-client-module-loader.js!D:\Jag\projects\aether-assist\node_modules\next\dist\build\webpack\loaders\next-swc-loader.js??ruleSet[1].rules[15].oneOf[6].use[1]!D:\Jag\projects\aether-assist\node_modules\next\dist\client\components\app-router.js|app-pages-browser
    Used by 9 module(s), i. e.
    javascript/auto|D:\Jag\projects\aether-assist\node_modules\next\dist\build\webpack\loaders\next-flight-client-module-loader.js!D:\Jag\projects\aether-assist\node_modules\next\dist\build\webpack\loaders\next-swc-loader.js??ruleSet[1].rules[15].oneOf[6].use[1]!D:\jag\projects\aether-assist\node_modules\next\dist\client\app-next.js|app-pages-browser
* javascript/auto|D:\Jag\projects\aether-assist\node_modules\next\dist\build\webpack\loaders\next-flight-client-module-loader.js!D:\Jag\projects\aether-assist\node_modules\next\dist\build\webpack\loaders\next-swc-loader.js??ruleSet[1].rules[15].oneOf[6].use[1]!D:\jag\projects\aether-assist\node_modules\next\dist\client\components\app-router.js|app-pages-browser
    Used by 9 module(s), i. e.
    javascript/auto|D:\Jag\projects\aether-assist\node_modules\next\dist\build\webpack\loaders\next-flight-client-module-loader.js!D:\Jag\projects\aether-assist\node_modules\next\dist\build\webpack\loaders\next-swc-loader.js??ruleSet[1].rules[15].oneOf[6].use[1]!D:\jag\projects\aether-assist\node_modules\next\dist\client\app-index.js|app-pages-browser
System.Management.Automation.RemoteException
Import trace for requested module:
./node_modules/next/dist/client/components/app-router.js
System.Management.Automation.RemoteException
./node_modules/next/dist/client/components/error-boundary.js
There are multiple modules with names that only differ in casing.
This can lead to unexpected behavior when compiling on a filesystem with other case-semantic.
Use equal casing. Compare these module identifiers:
* javascript/auto|D:\Jag\projects\aether-assist\node_modules\next\dist\build\webpack\loaders\next-flight-client-module-loader.js!D:\Jag\projects\aether-assist\node_modules\next\dist\build\webpack\loaders\next-swc-loader.js??ruleSet[1].rules[15].oneOf[6].use[1]!D:\Jag\projects\aether-assist\node_modules\next\dist\client\components\error-boundary.js|app-pages-browser
    Used by 4 module(s), i. e.
    javascript/auto|D:\Jag\projects\aether-assist\node_modules\next\dist\build\webpack\loaders\next-flight-client-entry-loader.js?modules=%7B%22request%22%3A%22D%3A%5C%5CJag%5C%5Cprojects%5C%5Caether-assist%5C%5Cnode_modules%5C%5Cnext%5C%5Cdist%5C%5Cclient%5C%5Ccomponents%5C%5Cclient-page.js%22%2C%22ids%22%3A%5B%5D%7D&modules=%7B%22request%22%3A%22D%3A%5C%5CJag%5C%5Cprojects%5C%5Caether-assist%5C%5Cnode_modules%5C%5Cnext%5C%5Cdist%5C%5Cclient%5C%5Ccomponents%5C%5Cclient-segment.js%22%2C%22ids%22%3A%5B%5D%7D&modules=%7B%22request%22%3A%22D%3A%5C%5CJag%5C%5Cprojects%5C%5Caether-assist%5C%5Cnode_modules%5C%5Cnext%5C%5Cdist%5C%5Cclient%5C%5Ccomponents%5C%5Cerror-boundary.js%22%2C%22ids%22%3A%5B%5D%7D&modules=%7B%22request%22%3A%22D%3A%5C%5CJag%5C%5Cprojects%5C%5Caether-assist%5C%5Cnode_modules%5C%5Cnext%5C%5Cdist%5C%5Cclient%5C%5Ccomponents%5C%5Chttp-access-fallback%5C%5Cerror-boundary.js%22%2C%22ids%22%3A%5B%5D%7D&modules=%7B%22request%22%3A%22D%3A%5C%5CJag%5C%5Cprojects%5C%5Caether-assist%5C%5Cnode_modules%5C%5Cnext%5C%5Cdist%5C%5Cclient%5C%5Ccomponents%5C%5Clayout-router.js%22%2C%22ids%22%3A%5B%5D%7D&modules=%7B%22request%22%3A%22D%3A%5C%5CJag%5C%5Cprojects%5C%5Caether-assist%5C%5Cnode_modules%5C%5Cnext%5C%5Cdist%5C%5Cclient%5C%5Ccomponents%5C%5Cmetadata%5C%5Casync-metadata.js%22%2C%22ids%22%3A%5B%5D%7D&modules=%7B%22request%22%3A%22D%3A%5C%5CJag%5C%5Cprojects%5C%5Caether-assist%5C%5Cnode_modules%5C%5Cnext%5C%5Cdist%5C%5Cclient%5C%5Ccomponents%5C%5Cmetadata%5C%5Cmetadata-boundary.js%22%2C%22ids%22%3A%5B%5D%7D&modules=%7B%22request%22%3A%22D%3A%5C%5CJag%5C%5Cprojects%5C%5Caether-assist%5C%5Cnode_modules%5C%5Cnext%5C%5Cdist%5C%5Cclient%5C%5Ccomponents%5C%5Crender-from-template-context.js%22%2C%22ids%22%3A%5B%5D%7D&server=false!|app-pages-browser
* javascript/auto|D:\Jag\projects\aether-assist\node_modules\next\dist\build\webpack\loaders\next-flight-client-module-loader.js!D:\Jag\projects\aether-assist\node_modules\next\dist\build\webpack\loaders\next-swc-loader.js??ruleSet[1].rules[15].oneOf[6].use[1]!D:\jag\projects\aether-assist\node_modules\next\dist\client\components\error-boundary.js|app-pages-browser
    Used by 3 module(s), i. e.
    javascript/auto|D:\Jag\projects\aether-assist\node_modules\next\dist\build\webpack\loaders\next-flight-client-module-loader.js!D:\Jag\projects\aether-assist\node_modules\next\dist\build\webpack\loaders\next-swc-loader.js??ruleSet[1].rules[15].oneOf[6].use[1]!D:\jag\projects\aether-assist\node_modules\next\dist\client\react-client-callbacks\error-boundary-callbacks.js|app-pages-browser
System.Management.Automation.RemoteException
Import trace for requested module:
./node_modules/next/dist/client/components/error-boundary.js
System.Management.Automation.RemoteException
./node_modules/next/dist/client/components/forbidden.js
There are multiple modules with names that only differ in casing.
This can lead to unexpected behavior when compiling on a filesystem with other case-semantic.
Use equal casing. Compare these module identifiers:
* javascript/auto|D:\Jag\projects\aether-assist\node_modules\next\dist\build\webpack\loaders\next-flight-client-module-loader.js!D:\Jag\projects\aether-assist\node_modules\next\dist\build\webpack\loaders\next-swc-loader.js??ruleSet[1].rules[15].oneOf[6].use[1]!D:\Jag\projects\aether-assist\node_modules\next\dist\client\components\forbidden.js|app-pages-browser
    Used by 2 module(s), i. e.
    javascript/auto|D:\Jag\projects\aether-assist\node_modules\next\dist\build\webpack\loaders\next-flight-client-module-loader.js!D:\Jag\projects\aether-assist\node_modules\next\dist\build\webpack\loaders\next-swc-loader.js??ruleSet[1].rules[15].oneOf[6].use[1]!D:\Jag\projects\aether-assist\node_modules\next\dist\client\components\navigation.react-server.js|app-pages-browser
* javascript/auto|D:\Jag\projects\aether-assist\node_modules\next\dist\build\webpack\loaders\next-flight-client-module-loader.js!D:\Jag\projects\aether-assist\node_modules\next\dist\build\webpack\loaders\next-swc-loader.js??ruleSet[1].rules[15].oneOf[6].use[1]!D:\jag\projects\aether-assist\node_modules\next\dist\client\components\forbidden.js|app-pages-browser
    Used by 2 module(s), i. e.
    javascript/auto|D:\Jag\projects\aether-assist\node_modules\next\dist\build\webpack\loaders\next-flight-client-module-loader.js!D:\Jag\projects\aether-assist\node_modules\next\dist\build\webpack\loaders\next-swc-loader.js??ruleSet[1].rules[15].oneOf[6].use[1]!D:\jag\projects\aether-assist\node_modules\next\dist\client\components\navigation.react-server.js|app-pages-browser
System.Management.Automation.RemoteException
Import trace for requested module:
./node_modules/next/dist/client/components/forbidden.js
./node_modules/next/dist/client/components/navigation.react-server.js
./node_modules/next/dist/client/components/navigation.js
./node_modules/next/dist/client/components/redirect-boundary.js
./node_modules/next/dist/client/components/layout-router.js
System.Management.Automation.RemoteException
./node_modules/next/dist/client/components/http-access-fallback/http-access-fallback.js
There are multiple modules with names that only differ in casing.
This can lead to unexpected behavior when compiling on a filesystem with other case-semantic.
Use equal casing. Compare these module identifiers:
* javascript/auto|D:\Jag\projects\aether-assist\node_modules\next\dist\build\webpack\loaders\next-flight-client-module-loader.js!D:\Jag\projects\aether-assist\node_modules\next\dist\build\webpack\loaders\next-swc-loader.js??ruleSet[1].rules[15].oneOf[6].use[1]!D:\Jag\projects\aether-assist\node_modules\next\dist\client\components\http-access-fallback\http-access-fallback.js|app-pages-browser
    Used by 6 module(s), i. e.
    javascript/auto|D:\Jag\projects\aether-assist\node_modules\next\dist\build\webpack\loaders\next-flight-client-module-loader.js!D:\Jag\projects\aether-assist\node_modules\next\dist\build\webpack\loaders\next-swc-loader.js??ruleSet[1].rules[15].oneOf[6].use[1]!D:\Jag\projects\aether-assist\node_modules\next\dist\client\components\http-access-fallback\error-boundary.js|app-pages-browser
* javascript/auto|D:\Jag\projects\aether-assist\node_modules\next\dist\build\webpack\loaders\next-flight-client-module-loader.js!D:\Jag\projects\aether-assist\node_modules\next\dist\build\webpack\loaders\next-swc-loader.js??ruleSet[1].rules[15].oneOf[6].use[1]!D:\jag\projects\aether-assist\node_modules\next\dist\client\components\http-access-fallback\http-access-fallback.js|app-pages-browser
    Used by 5 module(s), i. e.
    javascript/auto|D:\Jag\projects\aether-assist\node_modules\next\dist\build\webpack\loaders\next-flight-client-module-loader.js!D:\Jag\projects\aether-assist\node_modules\next\dist\build\webpack\loaders\next-swc-loader.js??ruleSet[1].rules[15].oneOf[6].use[1]!D:\jag\projects\aether-assist\node_modules\next\dist\client\components\is-next-router-error.js|app-pages-browser
System.Management.Automation.RemoteException
Import trace for requested module:
./node_modules/next/dist/client/components/http-access-fallback/http-access-fallback.js
./node_modules/next/dist/client/components/http-access-fallback/error-boundary.js
System.Management.Automation.RemoteException
./node_modules/next/dist/client/components/is-next-router-error.js
There are multiple modules with names that only differ in casing.
This can lead to unexpected behavior when compiling on a filesystem with other case-semantic.
Use equal casing. Compare these module identifiers:
* javascript/auto|D:\Jag\projects\aether-assist\node_modules\next\dist\build\webpack\loaders\next-flight-client-module-loader.js!D:\Jag\projects\aether-assist\node_modules\next\dist\build\webpack\loaders\next-swc-loader.js??ruleSet[1].rules[15].oneOf[6].use[1]!D:\Jag\projects\aether-assist\node_modules\next\dist\client\components\is-next-router-error.js|app-pages-browser
    Used by 3 module(s), i. e.
    javascript/auto|D:\Jag\projects\aether-assist\node_modules\next\dist\build\webpack\loaders\next-flight-client-module-loader.js!D:\Jag\projects\aether-assist\node_modules\next\dist\build\webpack\loaders\next-swc-loader.js??ruleSet[1].rules[15].oneOf[6].use[1]!D:\Jag\projects\aether-assist\node_modules\next\dist\client\components\error-boundary.js|app-pages-browser
* javascript/auto|D:\Jag\projects\aether-assist\node_modules\next\dist\build\webpack\loaders\next-flight-client-module-loader.js!D:\Jag\projects\aether-assist\node_modules\next\dist\build\webpack\loaders\next-swc-loader.js??ruleSet[1].rules[15].oneOf[6].use[1]!D:\jag\projects\aether-assist\node_modules\next\dist\client\components\is-next-router-error.js|app-pages-browser
    Used by 7 module(s), i. e.
    javascript/auto|D:\Jag\projects\aether-assist\node_modules\next\dist\build\webpack\loaders\next-flight-client-module-loader.js!D:\Jag\projects\aether-assist\node_modules\next\dist\build\webpack\loaders\next-swc-loader.js??ruleSet[1].rules[15].oneOf[6].use[1]!D:\jag\projects\aether-assist\node_modules\next\dist\client\react-client-callbacks\error-boundary-callbacks.js|app-pages-browser
System.Management.Automation.RemoteException
Import trace for requested module:
./node_modules/next/dist/client/components/is-next-router-error.js
./node_modules/next/dist/client/components/error-boundary.js
System.Management.Automation.RemoteException
./node_modules/next/dist/client/components/links.js
There are multiple modules with names that only differ in casing.
This can lead to unexpected behavior when compiling on a filesystem with other case-semantic.
Use equal casing. Compare these module identifiers:
* javascript/auto|D:\Jag\projects\aether-assist\node_modules\next\dist\build\webpack\loaders\next-flight-client-module-loader.js!D:\Jag\projects\aether-assist\node_modules\next\dist\build\webpack\loaders\next-swc-loader.js??ruleSet[1].rules[15].oneOf[6].use[1]!D:\Jag\projects\aether-assist\node_modules\next\dist\client\components\links.js|app-pages-browser
    Used by 2 module(s), i. e.
    javascript/auto|D:\Jag\projects\aether-assist\node_modules\next\dist\build\webpack\loaders\next-flight-client-module-loader.js!D:\Jag\projects\aether-assist\node_modules\next\dist\build\webpack\loaders\next-swc-loader.js??ruleSet[1].rules[15].oneOf[6].use[1]!D:\Jag\projects\aether-assist\node_modules\next\dist\client\components\app-router.js|app-pages-browser
* javascript/auto|D:\Jag\projects\aether-assist\node_modules\next\dist\build\webpack\loaders\next-flight-client-module-loader.js!D:\Jag\projects\aether-assist\node_modules\next\dist\build\webpack\loaders\next-swc-loader.js??ruleSet[1].rules[15].oneOf[6].use[1]!D:\jag\projects\aether-assist\node_modules\next\dist\client\components\links.js|app-pages-browser
    Used by 2 module(s), i. e.
    javascript/auto|D:\Jag\projects\aether-assist\node_modules\next\dist\build\webpack\loaders\next-flight-client-module-loader.js!D:\Jag\projects\aether-assist\node_modules\next\dist\build\webpack\loaders\next-swc-loader.js??ruleSet[1].rules[15].oneOf[6].use[1]!D:\jag\projects\aether-assist\node_modules\next\dist\client\components\app-router.js|app-pages-browser
System.Management.Automation.RemoteException
Import trace for requested module:
./node_modules/next/dist/client/components/links.js
./node_modules/next/dist/client/components/app-router.js
System.Management.Automation.RemoteException
./node_modules/next/dist/client/components/match-segments.js
There are multiple modules with names that only differ in casing.
This can lead to unexpected behavior when compiling on a filesystem with other case-semantic.
Use equal casing. Compare these module identifiers:
* javascript/auto|D:\Jag\projects\aether-assist\node_modules\next\dist\build\webpack\loaders\next-flight-client-module-loader.js!D:\Jag\projects\aether-assist\node_modules\next\dist\build\webpack\loaders\next-swc-loader.js??ruleSet[1].rules[15].oneOf[6].use[1]!D:\Jag\projects\aether-assist\node_modules\next\dist\client\components\match-segments.js|app-pages-browser
    Used by 6 module(s), i. e.
    javascript/auto|D:\Jag\projects\aether-assist\node_modules\next\dist\build\webpack\loaders\next-flight-client-module-loader.js!D:\Jag\projects\aether-assist\node_modules\next\dist\build\webpack\loaders\next-swc-loader.js??ruleSet[1].rules[15].oneOf[6].use[1]!D:\Jag\projects\aether-assist\node_modules\next\dist\client\components\layout-router.js|app-pages-browser
* javascript/auto|D:\Jag\projects\aether-assist\node_modules\next\dist\build\webpack\loaders\next-flight-client-module-loader.js!D:\Jag\projects\aether-assist\node_modules\next\dist\build\webpack\loaders\next-swc-loader.js??ruleSet[1].rules[15].oneOf[6].use[1]!D:\jag\projects\aether-assist\node_modules\next\dist\client\components\match-segments.js|app-pages-browser
    Used by 5 module(s), i. e.
    javascript/auto|D:\Jag\projects\aether-assist\node_modules\next\dist\build\webpack\loaders\next-flight-client-module-loader.js!D:\Jag\projects\aether-assist\node_modules\next\dist\build\webpack\loaders\next-swc-loader.js??ruleSet[1].rules[15].oneOf[6].use[1]!D:\jag\projects\aether-assist\node_modules\next\dist\client\components\router-reducer\compute-changed-path.js|app-pages-browser
System.Management.Automation.RemoteException
Import trace for requested module:
./node_modules/next/dist/client/components/match-segments.js
./node_modules/next/dist/client/components/layout-router.js
System.Management.Automation.RemoteException
./node_modules/next/dist/client/components/nav-failure-handler.js
There are multiple modules with names that only differ in casing.
This can lead to unexpected behavior when compiling on a filesystem with other case-semantic.
Use equal casing. Compare these module identifiers:
* javascript/auto|D:\Jag\projects\aether-assist\node_modules\next\dist\build\webpack\loaders\next-flight-client-module-loader.js!D:\Jag\projects\aether-assist\node_modules\next\dist\build\webpack\loaders\next-swc-loader.js??ruleSet[1].rules[15].oneOf[6].use[1]!D:\Jag\projects\aether-assist\node_modules\next\dist\client\components\nav-failure-handler.js|app-pages-browser
    Used by 3 module(s), i. e.
    javascript/auto|D:\Jag\projects\aether-assist\node_modules\next\dist\build\webpack\loaders\next-flight-client-module-loader.js!D:\Jag\projects\aether-assist\node_modules\next\dist\build\webpack\loaders\next-swc-loader.js??ruleSet[1].rules[15].oneOf[6].use[1]!D:\Jag\projects\aether-assist\node_modules\next\dist\client\components\error-boundary.js|app-pages-browser
* javascript/auto|D:\Jag\projects\aether-assist\node_modules\next\dist\build\webpack\loaders\next-flight-client-module-loader.js!D:\Jag\projects\aether-assist\node_modules\next\dist\build\webpack\loaders\next-swc-loader.js??ruleSet[1].rules[15].oneOf[6].use[1]!D:\jag\projects\aether-assist\node_modules\next\dist\client\components\nav-failure-handler.js|app-pages-browser
    Used by 3 module(s), i. e.
    javascript/auto|D:\Jag\projects\aether-assist\node_modules\next\dist\build\webpack\loaders\next-flight-client-module-loader.js!D:\Jag\projects\aether-assist\node_modules\next\dist\build\webpack\loaders\next-swc-loader.js??ruleSet[1].rules[15].oneOf[6].use[1]!D:\jag\projects\aether-assist\node_modules\next\dist\client\components\app-router.js|app-pages-browser
System.Management.Automation.RemoteException
Import trace for requested module:
./node_modules/next/dist/client/components/nav-failure-handler.js
./node_modules/next/dist/client/components/error-boundary.js
System.Management.Automation.RemoteException
./node_modules/next/dist/client/components/navigation-untracked.js
There are multiple modules with names that only differ in casing.
This can lead to unexpected behavior when compiling on a filesystem with other case-semantic.
Use equal casing. Compare these module identifiers:
* javascript/auto|D:\Jag\projects\aether-assist\node_modules\next\dist\build\webpack\loaders\next-flight-client-module-loader.js!D:\Jag\projects\aether-assist\node_modules\next\dist\build\webpack\loaders\next-swc-loader.js??ruleSet[1].rules[15].oneOf[6].use[1]!D:\Jag\projects\aether-assist\node_modules\next\dist\client\components\navigation-untracked.js|app-pages-browser
    Used by 3 module(s), i. e.
    javascript/auto|D:\Jag\projects\aether-assist\node_modules\next\dist\build\webpack\loaders\next-flight-client-module-loader.js!D:\Jag\projects\aether-assist\node_modules\next\dist\build\webpack\loaders\next-swc-loader.js??ruleSet[1].rules[15].oneOf[6].use[1]!D:\Jag\projects\aether-assist\node_modules\next\dist\client\components\error-boundary.js|app-pages-browser
* javascript/auto|D:\Jag\projects\aether-assist\node_modules\next\dist\build\webpack\loaders\next-flight-client-module-loader.js!D:\Jag\projects\aether-assist\node_modules\next\dist\build\webpack\loaders\next-swc-loader.js??ruleSet[1].rules[15].oneOf[6].use[1]!D:\jag\projects\aether-assist\node_modules\next\dist\client\components\navigation-untracked.js|app-pages-browser
    Used by 2 module(s), i. e.
    javascript/auto|D:\Jag\projects\aether-assist\node_modules\next\dist\build\webpack\loaders\next-flight-client-module-loader.js!D:\Jag\projects\aether-assist\node_modules\next\dist\build\webpack\loaders\next-swc-loader.js??ruleSet[1].rules[15].oneOf[6].use[1]!D:\jag\projects\aether-assist\node_modules\next\dist\client\components\error-boundary.js|app-pages-browser
System.Management.Automation.RemoteException
Import trace for requested module:
./node_modules/next/dist/client/components/navigation-untracked.js
./node_modules/next/dist/client/components/error-boundary.js
System.Management.Automation.RemoteException
./node_modules/next/dist/client/components/navigation.js
There are multiple modules with names that only differ in casing.
This can lead to unexpected behavior when compiling on a filesystem with other case-semantic.
Use equal casing. Compare these module identifiers:
* javascript/auto|D:\Jag\projects\aether-assist\node_modules\next\dist\build\webpack\loaders\next-flight-client-module-loader.js!D:\Jag\projects\aether-assist\node_modules\next\dist\build\webpack\loaders\next-swc-loader.js??ruleSet[1].rules[15].oneOf[6].use[1]!D:\Jag\projects\aether-assist\node_modules\next\dist\client\components\navigation.js|app-pages-browser
    Used by 2 module(s), i. e.
    javascript/auto|D:\Jag\projects\aether-assist\node_modules\next\dist\build\webpack\loaders\next-flight-client-module-loader.js!D:\Jag\projects\aether-assist\node_modules\next\dist\build\webpack\loaders\next-swc-loader.js??ruleSet[1].rules[15].oneOf[6].use[1]!D:\Jag\projects\aether-assist\node_modules\next\dist\client\components\redirect-boundary.js|app-pages-browser
* javascript/auto|D:\Jag\projects\aether-assist\node_modules\next\dist\build\webpack\loaders\next-flight-client-module-loader.js!D:\Jag\projects\aether-assist\node_modules\next\dist\build\webpack\loaders\next-swc-loader.js??ruleSet[1].rules[15].oneOf[6].use[1]!D:\jag\projects\aether-assist\node_modules\next\dist\client\components\navigation.js|app-pages-browser
    Used by 2 module(s), i. e.
    javascript/auto|D:\Jag\projects\aether-assist\node_modules\next\dist\build\webpack\loaders\next-flight-client-module-loader.js!D:\Jag\projects\aether-assist\node_modules\next\dist\build\webpack\loaders\next-swc-loader.js??ruleSet[1].rules[15].oneOf[6].use[1]!D:\jag\projects\aether-assist\node_modules\next\dist\client\components\redirect-boundary.js|app-pages-browser
System.Management.Automation.RemoteException
Import trace for requested module:
./node_modules/next/dist/client/components/navigation.js
./node_modules/next/dist/client/components/redirect-boundary.js
./node_modules/next/dist/client/components/layout-router.js
System.Management.Automation.RemoteException
./node_modules/next/dist/client/components/navigation.react-server.js
There are multiple modules with names that only differ in casing.
This can lead to unexpected behavior when compiling on a filesystem with other case-semantic.
Use equal casing. Compare these module identifiers:
* javascript/auto|D:\Jag\projects\aether-assist\node_modules\next\dist\build\webpack\loaders\next-flight-client-module-loader.js!D:\Jag\projects\aether-assist\node_modules\next\dist\build\webpack\loaders\next-swc-loader.js??ruleSet[1].rules[15].oneOf[6].use[1]!D:\Jag\projects\aether-assist\node_modules\next\dist\client\components\navigation.react-server.js|app-pages-browser
    Used by 2 module(s), i. e.
    javascript/auto|D:\Jag\projects\aether-assist\node_modules\next\dist\build\webpack\loaders\next-flight-client-module-loader.js!D:\Jag\projects\aether-assist\node_modules\next\dist\build\webpack\loaders\next-swc-loader.js??ruleSet[1].rules[15].oneOf[6].use[1]!D:\Jag\projects\aether-assist\node_modules\next\dist\client\components\navigation.js|app-pages-browser
* javascript/auto|D:\Jag\projects\aether-assist\node_modules\next\dist\build\webpack\loaders\next-flight-client-module-loader.js!D:\Jag\projects\aether-assist\node_modules\next\dist\build\webpack\loaders\next-swc-loader.js??ruleSet[1].rules[15].oneOf[6].use[1]!D:\jag\projects\aether-assist\node_modules\next\dist\client\components\navigation.react-server.js|app-pages-browser
    Used by 2 module(s), i. e.
    javascript/auto|D:\Jag\projects\aether-assist\node_modules\next\dist\build\webpack\loaders\next-flight-client-module-loader.js!D:\Jag\projects\aether-assist\node_modules\next\dist\build\webpack\loaders\next-swc-loader.js??ruleSet[1].rules[15].oneOf[6].use[1]!D:\jag\projects\aether-assist\node_modules\next\dist\client\components\navigation.js|app-pages-browser
System.Management.Automation.RemoteException
Import trace for requested module:
./node_modules/next/dist/client/components/navigation.react-server.js
./node_modules/next/dist/client/components/navigation.js
./node_modules/next/dist/client/components/redirect-boundary.js
./node_modules/next/dist/client/components/layout-router.js
System.Management.Automation.RemoteException
./node_modules/next/dist/client/components/not-found.js
There are multiple modules with names that only differ in casing.
This can lead to unexpected behavior when compiling on a filesystem with other case-semantic.
Use equal casing. Compare these module identifiers:
* javascript/auto|D:\Jag\projects\aether-assist\node_modules\next\dist\build\webpack\loaders\next-flight-client-module-loader.js!D:\Jag\projects\aether-assist\node_modules\next\dist\build\webpack\loaders\next-swc-loader.js??ruleSet[1].rules[15].oneOf[6].use[1]!D:\Jag\projects\aether-assist\node_modules\next\dist\client\components\not-found.js|app-pages-browser
    Used by 2 module(s), i. e.
    javascript/auto|D:\Jag\projects\aether-assist\node_modules\next\dist\build\webpack\loaders\next-flight-client-module-loader.js!D:\Jag\projects\aether-assist\node_modules\next\dist\build\webpack\loaders\next-swc-loader.js??ruleSet[1].rules[15].oneOf[6].use[1]!D:\Jag\projects\aether-assist\node_modules\next\dist\client\components\navigation.react-server.js|app-pages-browser
* javascript/auto|D:\Jag\projects\aether-assist\node_modules\next\dist\build\webpack\loaders\next-flight-client-module-loader.js!D:\Jag\projects\aether-assist\node_modules\next\dist\build\webpack\loaders\next-swc-loader.js??ruleSet[1].rules[15].oneOf[6].use[1]!D:\jag\projects\aether-assist\node_modules\next\dist\client\components\not-found.js|app-pages-browser
    Used by 2 module(s), i. e.
    javascript/auto|D:\Jag\projects\aether-assist\node_modules\next\dist\build\webpack\loaders\next-flight-client-module-loader.js!D:\Jag\projects\aether-assist\node_modules\next\dist\build\webpack\loaders\next-swc-loader.js??ruleSet[1].rules[15].oneOf[6].use[1]!D:\jag\projects\aether-assist\node_modules\next\dist\client\components\navigation.react-server.js|app-pages-browser
System.Management.Automation.RemoteException
Import trace for requested module:
./node_modules/next/dist/client/components/not-found.js
./node_modules/next/dist/client/components/navigation.react-server.js
./node_modules/next/dist/client/components/navigation.js
./node_modules/next/dist/client/components/redirect-boundary.js
./node_modules/next/dist/client/components/layout-router.js
System.Management.Automation.RemoteException
./node_modules/next/dist/client/components/promise-queue.js
There are multiple modules with names that only differ in casing.
This can lead to unexpected behavior when compiling on a filesystem with other case-semantic.
Use equal casing. Compare these module identifiers:
* javascript/auto|D:\Jag\projects\aether-assist\node_modules\next\dist\build\webpack\loaders\next-flight-client-module-loader.js!D:\Jag\projects\aether-assist\node_modules\next\dist\build\webpack\loaders\next-swc-loader.js??ruleSet[1].rules[15].oneOf[6].use[1]!D:\Jag\projects\aether-assist\node_modules\next\dist\client\components\promise-queue.js|app-pages-browser
    Used by 2 module(s), i. e.
    javascript/auto|D:\Jag\projects\aether-assist\node_modules\next\dist\build\webpack\loaders\next-flight-client-module-loader.js!D:\Jag\projects\aether-assist\node_modules\next\dist\build\webpack\loaders\next-swc-loader.js??ruleSet[1].rules[15].oneOf[6].use[1]!D:\Jag\projects\aether-assist\node_modules\next\dist\client\components\router-reducer\reducers\prefetch-reducer.js|app-pages-browser
* javascript/auto|D:\Jag\projects\aether-assist\node_modules\next\dist\build\webpack\loaders\next-flight-client-module-loader.js!D:\Jag\projects\aether-assist\node_modules\next\dist\build\webpack\loaders\next-swc-loader.js??ruleSet[1].rules[15].oneOf[6].use[1]!D:\jag\projects\aether-assist\node_modules\next\dist\client\components\promise-queue.js|app-pages-browser
    Used by 2 module(s), i. e.
    javascript/auto|D:\Jag\projects\aether-assist\node_modules\next\dist\build\webpack\loaders\next-flight-client-module-loader.js!D:\Jag\projects\aether-assist\node_modules\next\dist\build\webpack\loaders\next-swc-loader.js??ruleSet[1].rules[15].oneOf[6].use[1]!D:\jag\projects\aether-assist\node_modules\next\dist\client\components\router-reducer\reducers\prefetch-reducer.js|app-pages-browser
System.Management.Automation.RemoteException
Import trace for requested module:
./node_modules/next/dist/client/components/promise-queue.js
./node_modules/next/dist/client/components/router-reducer/reducers/prefetch-reducer.js
./node_modules/next/dist/client/components/app-router.js
System.Management.Automation.RemoteException
./node_modules/next/dist/client/components/react-dev-overlay/utils/dev-indicator/use-sync-dev-render-indicator.js
There are multiple modules with names that only differ in casing.
This can lead to unexpected behavior when compiling on a filesystem with other case-semantic.
Use equal casing. Compare these module identifiers:
* javascript/auto|D:\Jag\projects\aether-assist\node_modules\next\dist\build\webpack\loaders\next-flight-client-module-loader.js!D:\Jag\projects\aether-assist\node_modules\next\dist\build\webpack\loaders\next-swc-loader.js??ruleSet[1].rules[15].oneOf[6].use[1]!D:\Jag\projects\aether-assist\node_modules\next\dist\client\components\react-dev-overlay\utils\dev-indicator\use-sync-dev-render-indicator.js|app-pages-browser
    Used by 2 module(s), i. e.
    javascript/auto|D:\Jag\projects\aether-assist\node_modules\next\dist\build\webpack\loaders\next-flight-client-module-loader.js!D:\Jag\projects\aether-assist\node_modules\next\dist\build\webpack\loaders\next-swc-loader.js??ruleSet[1].rules[15].oneOf[6].use[1]!D:\Jag\projects\aether-assist\node_modules\next\dist\client\components\use-reducer.js|app-pages-browser
* javascript/auto|D:\Jag\projects\aether-assist\node_modules\next\dist\build\webpack\loaders\next-flight-client-module-loader.js!D:\Jag\projects\aether-assist\node_modules\next\dist\build\webpack\loaders\next-swc-loader.js??ruleSet[1].rules[15].oneOf[6].use[1]!D:\jag\projects\aether-assist\node_modules\next\dist\client\components\react-dev-overlay\utils\dev-indicator\use-sync-dev-render-indicator.js|app-pages-browser
    Used by 2 module(s), i. e.
    javascript/auto|D:\Jag\projects\aether-assist\node_modules\next\dist\build\webpack\loaders\next-flight-client-module-loader.js!D:\Jag\projects\aether-assist\node_modules\next\dist\build\webpack\loaders\next-swc-loader.js??ruleSet[1].rules[15].oneOf[6].use[1]!D:\jag\projects\aether-assist\node_modules\next\dist\client\components\use-reducer.js|app-pages-browser
System.Management.Automation.RemoteException
Import trace for requested module:
./node_modules/next/dist/client/components/react-dev-overlay/utils/dev-indicator/use-sync-dev-render-indicator.js
./node_modules/next/dist/client/components/use-reducer.js
./node_modules/next/dist/client/components/app-router.js
System.Management.Automation.RemoteException
./node_modules/next/dist/client/components/redirect-boundary.js
There are multiple modules with names that only differ in casing.
This can lead to unexpected behavior when compiling on a filesystem with other case-semantic.
Use equal casing. Compare these module identifiers:
* javascript/auto|D:\Jag\projects\aether-assist\node_modules\next\dist\build\webpack\loaders\next-flight-client-module-loader.js!D:\Jag\projects\aether-assist\node_modules\next\dist\build\webpack\loaders\next-swc-loader.js??ruleSet[1].rules[15].oneOf[6].use[1]!D:\Jag\projects\aether-assist\node_modules\next\dist\client\components\redirect-boundary.js|app-pages-browser
    Used by 3 module(s), i. e.
    javascript/auto|D:\Jag\projects\aether-assist\node_modules\next\dist\build\webpack\loaders\next-flight-client-module-loader.js!D:\Jag\projects\aether-assist\node_modules\next\dist\build\webpack\loaders\next-swc-loader.js??ruleSet[1].rules[15].oneOf[6].use[1]!D:\Jag\projects\aether-assist\node_modules\next\dist\client\components\layout-router.js|app-pages-browser
* javascript/auto|D:\Jag\projects\aether-assist\node_modules\next\dist\build\webpack\loaders\next-flight-client-module-loader.js!D:\Jag\projects\aether-assist\node_modules\next\dist\build\webpack\loaders\next-swc-loader.js??ruleSet[1].rules[15].oneOf[6].use[1]!D:\jag\projects\aether-assist\node_modules\next\dist\client\components\redirect-boundary.js|app-pages-browser
    Used by 2 module(s), i. e.
    javascript/auto|D:\Jag\projects\aether-assist\node_modules\next\dist\build\webpack\loaders\next-flight-client-module-loader.js!D:\Jag\projects\aether-assist\node_modules\next\dist\build\webpack\loaders\next-swc-loader.js??ruleSet[1].rules[15].oneOf[6].use[1]!D:\jag\projects\aether-assist\node_modules\next\dist\client\components\app-router.js|app-pages-browser
System.Management.Automation.RemoteException
Import trace for requested module:
./node_modules/next/dist/client/components/redirect-boundary.js
./node_modules/next/dist/client/components/layout-router.js
System.Management.Automation.RemoteException
./node_modules/next/dist/client/components/redirect-error.js
There are multiple modules with names that only differ in casing.
This can lead to unexpected behavior when compiling on a filesystem with other case-semantic.
Use equal casing. Compare these module identifiers:
* javascript/auto|D:\Jag\projects\aether-assist\node_modules\next\dist\build\webpack\loaders\next-flight-client-module-loader.js!D:\Jag\projects\aether-assist\node_modules\next\dist\build\webpack\loaders\next-swc-loader.js??ruleSet[1].rules[15].oneOf[6].use[1]!D:\Jag\projects\aether-assist\node_modules\next\dist\client\components\redirect-error.js|app-pages-browser
    Used by 7 module(s), i. e.
    javascript/auto|D:\Jag\projects\aether-assist\node_modules\next\dist\build\webpack\loaders\next-flight-client-module-loader.js!D:\Jag\projects\aether-assist\node_modules\next\dist\build\webpack\loaders\next-swc-loader.js??ruleSet[1].rules[15].oneOf[6].use[1]!D:\Jag\projects\aether-assist\node_modules\next\dist\client\components\app-router.js|app-pages-browser
* javascript/auto|D:\Jag\projects\aether-assist\node_modules\next\dist\build\webpack\loaders\next-flight-client-module-loader.js!D:\Jag\projects\aether-assist\node_modules\next\dist\build\webpack\loaders\next-swc-loader.js??ruleSet[1].rules[15].oneOf[6].use[1]!D:\jag\projects\aether-assist\node_modules\next\dist\client\components\redirect-error.js|app-pages-browser
    Used by 7 module(s), i. e.
    javascript/auto|D:\Jag\projects\aether-assist\node_modules\next\dist\build\webpack\loaders\next-flight-client-module-loader.js!D:\Jag\projects\aether-assist\node_modules\next\dist\build\webpack\loaders\next-swc-loader.js??ruleSet[1].rules[15].oneOf[6].use[1]!D:\jag\projects\aether-assist\node_modules\next\dist\client\components\app-router.js|app-pages-browser
System.Management.Automation.RemoteException
Import trace for requested module:
./node_modules/next/dist/client/components/redirect-error.js
./node_modules/next/dist/client/components/app-router.js
System.Management.Automation.RemoteException
./node_modules/next/dist/client/components/redirect-status-code.js
There are multiple modules with names that only differ in casing.
This can lead to unexpected behavior when compiling on a filesystem with other case-semantic.
Use equal casing. Compare these module identifiers:
* javascript/auto|D:\Jag\projects\aether-assist\node_modules\next\dist\build\webpack\loaders\next-flight-client-module-loader.js!D:\Jag\projects\aether-assist\node_modules\next\dist\build\webpack\loaders\next-swc-loader.js??ruleSet[1].rules[15].oneOf[6].use[1]!D:\Jag\projects\aether-assist\node_modules\next\dist\client\components\redirect-status-code.js|app-pages-browser
    Used by 3 module(s), i. e.
    javascript/auto|D:\Jag\projects\aether-assist\node_modules\next\dist\build\webpack\loaders\next-flight-client-module-loader.js!D:\Jag\projects\aether-assist\node_modules\next\dist\build\webpack\loaders\next-swc-loader.js??ruleSet[1].rules[15].oneOf[6].use[1]!D:\Jag\projects\aether-assist\node_modules\next\dist\client\components\redirect.js|app-pages-browser
* javascript/auto|D:\Jag\projects\aether-assist\node_modules\next\dist\build\webpack\loaders\next-flight-client-module-loader.js!D:\Jag\projects\aether-assist\node_modules\next\dist\build\webpack\loaders\next-swc-loader.js??ruleSet[1].rules[15].oneOf[6].use[1]!D:\jag\projects\aether-assist\node_modules\next\dist\client\components\redirect-status-code.js|app-pages-browser
    Used by 3 module(s), i. e.
    javascript/auto|D:\Jag\projects\aether-assist\node_modules\next\dist\build\webpack\loaders\next-flight-client-module-loader.js!D:\Jag\projects\aether-assist\node_modules\next\dist\build\webpack\loaders\next-swc-loader.js??ruleSet[1].rules[15].oneOf[6].use[1]!D:\jag\projects\aether-assist\node_modules\next\dist\client\components\redirect.js|app-pages-browser
System.Management.Automation.RemoteException
Import trace for requested module:
./node_modules/next/dist/client/components/redirect-status-code.js
./node_modules/next/dist/client/components/redirect.js
./node_modules/next/dist/client/components/app-router.js
System.Management.Automation.RemoteException
./node_modules/next/dist/client/components/redirect.js
There are multiple modules with names that only differ in casing.
This can lead to unexpected behavior when compiling on a filesystem with other case-semantic.
Use equal casing. Compare these module identifiers:
* javascript/auto|D:\Jag\projects\aether-assist\node_modules\next\dist\build\webpack\loaders\next-flight-client-module-loader.js!D:\Jag\projects\aether-assist\node_modules\next\dist\build\webpack\loaders\next-swc-loader.js??ruleSet[1].rules[15].oneOf[6].use[1]!D:\Jag\projects\aether-assist\node_modules\next\dist\client\components\redirect.js|app-pages-browser
    Used by 5 module(s), i. e.
    javascript/auto|D:\Jag\projects\aether-assist\node_modules\next\dist\build\webpack\loaders\next-flight-client-module-loader.js!D:\Jag\projects\aether-assist\node_modules\next\dist\build\webpack\loaders\next-swc-loader.js??ruleSet[1].rules[15].oneOf[6].use[1]!D:\Jag\projects\aether-assist\node_modules\next\dist\client\components\app-router.js|app-pages-browser
* javascript/auto|D:\Jag\projects\aether-assist\node_modules\next\dist\build\webpack\loaders\next-flight-client-module-loader.js!D:\Jag\projects\aether-assist\node_modules\next\dist\build\webpack\loaders\next-swc-loader.js??ruleSet[1].rules[15].oneOf[6].use[1]!D:\jag\projects\aether-assist\node_modules\next\dist\client\components\redirect.js|app-pages-browser
    Used by 5 module(s), i. e.
    javascript/auto|D:\Jag\projects\aether-assist\node_modules\next\dist\build\webpack\loaders\next-flight-client-module-loader.js!D:\Jag\projects\aether-assist\node_modules\next\dist\build\webpack\loaders\next-swc-loader.js??ruleSet[1].rules[15].oneOf[6].use[1]!D:\jag\projects\aether-assist\node_modules\next\dist\client\components\app-router.js|app-pages-browser
System.Management.Automation.RemoteException
Import trace for requested module:
./node_modules/next/dist/client/components/redirect.js
./node_modules/next/dist/client/components/app-router.js
System.Management.Automation.RemoteException
./node_modules/next/dist/client/components/router-reducer/aliased-prefetch-navigations.js
There are multiple modules with names that only differ in casing.
This can lead to unexpected behavior when compiling on a filesystem with other case-semantic.
Use equal casing. Compare these module identifiers:
* javascript/auto|D:\Jag\projects\aether-assist\node_modules\next\dist\build\webpack\loaders\next-flight-client-module-loader.js!D:\Jag\projects\aether-assist\node_modules\next\dist\build\webpack\loaders\next-swc-loader.js??ruleSet[1].rules[15].oneOf[6].use[1]!D:\Jag\projects\aether-assist\node_modules\next\dist\client\components\router-reducer\aliased-prefetch-navigations.js|app-pages-browser
    Used by 2 module(s), i. e.
    javascript/auto|D:\Jag\projects\aether-assist\node_modules\next\dist\build\webpack\loaders\next-flight-client-module-loader.js!D:\Jag\projects\aether-assist\node_modules\next\dist\build\webpack\loaders\next-swc-loader.js??ruleSet[1].rules[15].oneOf[6].use[1]!D:\Jag\projects\aether-assist\node_modules\next\dist\client\components\router-reducer\reducers\navigate-reducer.js|app-pages-browser
* javascript/auto|D:\Jag\projects\aether-assist\node_modules\next\dist\build\webpack\loaders\next-flight-client-module-loader.js!D:\Jag\projects\aether-assist\node_modules\next\dist\build\webpack\loaders\next-swc-loader.js??ruleSet[1].rules[15].oneOf[6].use[1]!D:\jag\projects\aether-assist\node_modules\next\dist\client\components\router-reducer\aliased-prefetch-navigations.js|app-pages-browser
    Used by 2 module(s), i. e.
    javascript/auto|D:\Jag\projects\aether-assist\node_modules\next\dist\build\webpack\loaders\next-flight-client-module-loader.js!D:\Jag\projects\aether-assist\node_modules\next\dist\build\webpack\loaders\next-swc-loader.js??ruleSet[1].rules[15].oneOf[6].use[1]!D:\jag\projects\aether-assist\node_modules\next\dist\client\components\router-reducer\reducers\navigate-reducer.js|app-pages-browser
System.Management.Automation.RemoteException
Import trace for requested module:
./node_modules/next/dist/client/components/router-reducer/aliased-prefetch-navigations.js
./node_modules/next/dist/client/components/router-reducer/reducers/navigate-reducer.js
./node_modules/next/dist/client/components/router-reducer/router-reducer.js
./node_modules/next/dist/shared/lib/router/action-queue.js
./node_modules/next/dist/client/components/links.js
./node_modules/next/dist/client/components/app-router.js
System.Management.Automation.RemoteException
./node_modules/next/dist/client/components/router-reducer/apply-flight-data.js
There are multiple modules with names that only differ in casing.
This can lead to unexpected behavior when compiling on a filesystem with other case-semantic.
Use equal casing. Compare these module identifiers:
* javascript/auto|D:\Jag\projects\aether-assist\node_modules\next\dist\build\webpack\loaders\next-flight-client-module-loader.js!D:\Jag\projects\aether-assist\node_modules\next\dist\build\webpack\loaders\next-swc-loader.js??ruleSet[1].rules[15].oneOf[6].use[1]!D:\Jag\projects\aether-assist\node_modules\next\dist\client\components\router-reducer\apply-flight-data.js|app-pages-browser
    Used by 5 module(s), i. e.
    javascript/auto|D:\Jag\projects\aether-assist\node_modules\next\dist\build\webpack\loaders\next-flight-client-module-loader.js!D:\Jag\projects\aether-assist\node_modules\next\dist\build\webpack\loaders\next-swc-loader.js??ruleSet[1].rules[15].oneOf[6].use[1]!D:\Jag\projects\aether-assist\node_modules\next\dist\client\components\router-reducer\reducers\navigate-reducer.js|app-pages-browser
* javascript/auto|D:\Jag\projects\aether-assist\node_modules\next\dist\build\webpack\loaders\next-flight-client-module-loader.js!D:\Jag\projects\aether-assist\node_modules\next\dist\build\webpack\loaders\next-swc-loader.js??ruleSet[1].rules[15].oneOf[6].use[1]!D:\jag\projects\aether-assist\node_modules\next\dist\client\components\router-reducer\apply-flight-data.js|app-pages-browser
    Used by 5 module(s), i. e.
    javascript/auto|D:\Jag\projects\aether-assist\node_modules\next\dist\build\webpack\loaders\next-flight-client-module-loader.js!D:\Jag\projects\aether-assist\node_modules\next\dist\build\webpack\loaders\next-swc-loader.js??ruleSet[1].rules[15].oneOf[6].use[1]!D:\jag\projects\aether-assist\node_modules\next\dist\client\components\router-reducer\refetch-inactive-parallel-segments.js|app-pages-browser
System.Management.Automation.RemoteException
Import trace for requested module:
./node_modules/next/dist/client/components/router-reducer/apply-flight-data.js
./node_modules/next/dist/client/components/router-reducer/reducers/navigate-reducer.js
./node_modules/next/dist/client/components/router-reducer/router-reducer.js
./node_modules/next/dist/shared/lib/router/action-queue.js
./node_modules/next/dist/client/components/links.js
./node_modules/next/dist/client/components/app-router.js
System.Management.Automation.RemoteException
./node_modules/next/dist/client/components/router-reducer/apply-router-state-patch-to-tree.js
There are multiple modules with names that only differ in casing.
This can lead to unexpected behavior when compiling on a filesystem with other case-semantic.
Use equal casing. Compare these module identifiers:
* javascript/auto|D:\Jag\projects\aether-assist\node_modules\next\dist\build\webpack\loaders\next-flight-client-module-loader.js!D:\Jag\projects\aether-assist\node_modules\next\dist\build\webpack\loaders\next-swc-loader.js??ruleSet[1].rules[15].oneOf[6].use[1]!D:\Jag\projects\aether-assist\node_modules\next\dist\client\components\router-reducer\apply-router-state-patch-to-tree.js|app-pages-browser
    Used by 7 module(s), i. e.
    javascript/auto|D:\Jag\projects\aether-assist\node_modules\next\dist\build\webpack\loaders\next-flight-client-module-loader.js!D:\Jag\projects\aether-assist\node_modules\next\dist\build\webpack\loaders\next-swc-loader.js??ruleSet[1].rules[15].oneOf[6].use[1]!D:\Jag\projects\aether-assist\node_modules\next\dist\client\components\router-reducer\reducers\navigate-reducer.js|app-pages-browser
* javascript/auto|D:\Jag\projects\aether-assist\node_modules\next\dist\build\webpack\loaders\next-flight-client-module-loader.js!D:\Jag\projects\aether-assist\node_modules\next\dist\build\webpack\loaders\next-swc-loader.js??ruleSet[1].rules[15].oneOf[6].use[1]!D:\jag\projects\aether-assist\node_modules\next\dist\client\components\router-reducer\apply-router-state-patch-to-tree.js|app-pages-browser
    Used by 7 module(s), i. e.
    javascript/auto|D:\Jag\projects\aether-assist\node_modules\next\dist\build\webpack\loaders\next-flight-client-module-loader.js!D:\Jag\projects\aether-assist\node_modules\next\dist\build\webpack\loaders\next-swc-loader.js??ruleSet[1].rules[15].oneOf[6].use[1]!D:\jag\projects\aether-assist\node_modules\next\dist\client\components\router-reducer\reducers\navigate-reducer.js|app-pages-browser
System.Management.Automation.RemoteException
Import trace for requested module:
./node_modules/next/dist/client/components/router-reducer/apply-router-state-patch-to-tree.js
./node_modules/next/dist/client/components/router-reducer/reducers/navigate-reducer.js
./node_modules/next/dist/client/components/router-reducer/router-reducer.js
./node_modules/next/dist/shared/lib/router/action-queue.js
./node_modules/next/dist/client/components/links.js
./node_modules/next/dist/client/components/app-router.js
System.Management.Automation.RemoteException
./node_modules/next/dist/client/components/router-reducer/clear-cache-node-data-for-segment-path.js
There are multiple modules with names that only differ in casing.
This can lead to unexpected behavior when compiling on a filesystem with other case-semantic.
Use equal casing. Compare these module identifiers:
* javascript/auto|D:\Jag\projects\aether-assist\node_modules\next\dist\build\webpack\loaders\next-flight-client-module-loader.js!D:\Jag\projects\aether-assist\node_modules\next\dist\build\webpack\loaders\next-swc-loader.js??ruleSet[1].rules[15].oneOf[6].use[1]!D:\Jag\projects\aether-assist\node_modules\next\dist\client\components\router-reducer\clear-cache-node-data-for-segment-path.js|app-pages-browser
    Used by 2 module(s), i. e.
    javascript/auto|D:\Jag\projects\aether-assist\node_modules\next\dist\build\webpack\loaders\next-flight-client-module-loader.js!D:\Jag\projects\aether-assist\node_modules\next\dist\build\webpack\loaders\next-swc-loader.js??ruleSet[1].rules[15].oneOf[6].use[1]!D:\Jag\projects\aether-assist\node_modules\next\dist\client\components\router-reducer\reducers\navigate-reducer.js|app-pages-browser
* javascript/auto|D:\Jag\projects\aether-assist\node_modules\next\dist\build\webpack\loaders\next-flight-client-module-loader.js!D:\Jag\projects\aether-assist\node_modules\next\dist\build\webpack\loaders\next-swc-loader.js??ruleSet[1].rules[15].oneOf[6].use[1]!D:\jag\projects\aether-assist\node_modules\next\dist\client\components\router-reducer\clear-cache-node-data-for-segment-path.js|app-pages-browser
    Used by 2 module(s), i. e.
    javascript/auto|D:\Jag\projects\aether-assist\node_modules\next\dist\build\webpack\loaders\next-flight-client-module-loader.js!D:\Jag\projects\aether-assist\node_modules\next\dist\build\webpack\loaders\next-swc-loader.js??ruleSet[1].rules[15].oneOf[6].use[1]!D:\jag\projects\aether-assist\node_modules\next\dist\client\components\router-reducer\reducers\navigate-reducer.js|app-pages-browser
System.Management.Automation.RemoteException
Import trace for requested module:
./node_modules/next/dist/client/components/router-reducer/clear-cache-node-data-for-segment-path.js
./node_modules/next/dist/client/components/router-reducer/reducers/navigate-reducer.js
./node_modules/next/dist/client/components/router-reducer/router-reducer.js
./node_modules/next/dist/shared/lib/router/action-queue.js
./node_modules/next/dist/client/components/links.js
./node_modules/next/dist/client/components/app-router.js
System.Management.Automation.RemoteException
./node_modules/next/dist/client/components/router-reducer/compute-changed-path.js
There are multiple modules with names that only differ in casing.
This can lead to unexpected behavior when compiling on a filesystem with other case-semantic.
Use equal casing. Compare these module identifiers:
* javascript/auto|D:\Jag\projects\aether-assist\node_modules\next\dist\build\webpack\loaders\next-flight-client-module-loader.js!D:\Jag\projects\aether-assist\node_modules\next\dist\build\webpack\loaders\next-swc-loader.js??ruleSet[1].rules[15].oneOf[6].use[1]!D:\Jag\projects\aether-assist\node_modules\next\dist\client\components\router-reducer\compute-changed-path.js|app-pages-browser
    Used by 4 module(s), i. e.
    javascript/auto|D:\Jag\projects\aether-assist\node_modules\next\dist\build\webpack\loaders\next-flight-client-module-loader.js!D:\Jag\projects\aether-assist\node_modules\next\dist\build\webpack\loaders\next-swc-loader.js??ruleSet[1].rules[15].oneOf[6].use[1]!D:\Jag\projects\aether-assist\node_modules\next\dist\client\components\app-router.js|app-pages-browser
* javascript/auto|D:\Jag\projects\aether-assist\node_modules\next\dist\build\webpack\loaders\next-flight-client-module-loader.js!D:\Jag\projects\aether-assist\node_modules\next\dist\build\webpack\loaders\next-swc-loader.js??ruleSet[1].rules[15].oneOf[6].use[1]!D:\jag\projects\aether-assist\node_modules\next\dist\client\components\router-reducer\compute-changed-path.js|app-pages-browser
    Used by 5 module(s), i. e.
    javascript/auto|D:\Jag\projects\aether-assist\node_modules\next\dist\build\webpack\loaders\next-flight-client-module-loader.js!D:\Jag\projects\aether-assist\node_modules\next\dist\build\webpack\loaders\next-swc-loader.js??ruleSet[1].rules[15].oneOf[6].use[1]!D:\jag\projects\aether-assist\node_modules\next\dist\client\components\app-router.js|app-pages-browser
System.Management.Automation.RemoteException
Import trace for requested module:
./node_modules/next/dist/client/components/router-reducer/compute-changed-path.js
./node_modules/next/dist/client/components/app-router.js
System.Management.Automation.RemoteException
./node_modules/next/dist/client/components/router-reducer/create-href-from-url.js
There are multiple modules with names that only differ in casing.
This can lead to unexpected behavior when compiling on a filesystem with other case-semantic.
Use equal casing. Compare these module identifiers:
* javascript/auto|D:\Jag\projects\aether-assist\node_modules\next\dist\build\webpack\loaders\next-flight-client-module-loader.js!D:\Jag\projects\aether-assist\node_modules\next\dist\build\webpack\loaders\next-swc-loader.js??ruleSet[1].rules[15].oneOf[6].use[1]!D:\Jag\projects\aether-assist\node_modules\next\dist\client\components\router-reducer\create-href-from-url.js|app-pages-browser
    Used by 10 module(s), i. e.
    javascript/auto|D:\Jag\projects\aether-assist\node_modules\next\dist\build\webpack\loaders\next-flight-client-module-loader.js!D:\Jag\projects\aether-assist\node_modules\next\dist\build\webpack\loaders\next-swc-loader.js??ruleSet[1].rules[15].oneOf[6].use[1]!D:\Jag\projects\aether-assist\node_modules\next\dist\client\components\app-router.js|app-pages-browser
* javascript/auto|D:\Jag\projects\aether-assist\node_modules\next\dist\build\webpack\loaders\next-flight-client-module-loader.js!D:\Jag\projects\aether-assist\node_modules\next\dist\build\webpack\loaders\next-swc-loader.js??ruleSet[1].rules[15].oneOf[6].use[1]!D:\jag\projects\aether-assist\node_modules\next\dist\client\components\router-reducer\create-href-from-url.js|app-pages-browser
    Used by 11 module(s), i. e.
    javascript/auto|D:\Jag\projects\aether-assist\node_modules\next\dist\build\webpack\loaders\next-flight-client-module-loader.js!D:\Jag\projects\aether-assist\node_modules\next\dist\build\webpack\loaders\next-swc-loader.js??ruleSet[1].rules[15].oneOf[6].use[1]!D:\jag\projects\aether-assist\node_modules\next\dist\client\components\app-router.js|app-pages-browser
System.Management.Automation.RemoteException
Import trace for requested module:
./node_modules/next/dist/client/components/router-reducer/create-href-from-url.js
./node_modules/next/dist/client/components/app-router.js
System.Management.Automation.RemoteException
./node_modules/next/dist/client/components/router-reducer/create-router-cache-key.js
There are multiple modules with names that only differ in casing.
This can lead to unexpected behavior when compiling on a filesystem with other case-semantic.
Use equal casing. Compare these module identifiers:
* javascript/auto|D:\Jag\projects\aether-assist\node_modules\next\dist\build\webpack\loaders\next-flight-client-module-loader.js!D:\Jag\projects\aether-assist\node_modules\next\dist\build\webpack\loaders\next-swc-loader.js??ruleSet[1].rules[15].oneOf[6].use[1]!D:\Jag\projects\aether-assist\node_modules\next\dist\client\components\router-reducer\create-router-cache-key.js|app-pages-browser
    Used by 10 module(s), i. e.
    javascript/auto|D:\Jag\projects\aether-assist\node_modules\next\dist\build\webpack\loaders\next-flight-client-module-loader.js!D:\Jag\projects\aether-assist\node_modules\next\dist\build\webpack\loaders\next-swc-loader.js??ruleSet[1].rules[15].oneOf[6].use[1]!D:\Jag\projects\aether-assist\node_modules\next\dist\client\components\layout-router.js|app-pages-browser
* javascript/auto|D:\Jag\projects\aether-assist\node_modules\next\dist\build\webpack\loaders\next-flight-client-module-loader.js!D:\Jag\projects\aether-assist\node_modules\next\dist\build\webpack\loaders\next-swc-loader.js??ruleSet[1].rules[15].oneOf[6].use[1]!D:\jag\projects\aether-assist\node_modules\next\dist\client\components\router-reducer\create-router-cache-key.js|app-pages-browser
    Used by 9 module(s), i. e.
    javascript/auto|D:\Jag\projects\aether-assist\node_modules\next\dist\build\webpack\loaders\next-flight-client-module-loader.js!D:\Jag\projects\aether-assist\node_modules\next\dist\build\webpack\loaders\next-swc-loader.js??ruleSet[1].rules[15].oneOf[6].use[1]!D:\jag\projects\aether-assist\node_modules\next\dist\client\components\router-reducer\reducers\find-head-in-cache.js|app-pages-browser
System.Management.Automation.RemoteException
Import trace for requested module:
./node_modules/next/dist/client/components/router-reducer/create-router-cache-key.js
./node_modules/next/dist/client/components/layout-router.js
System.Management.Automation.RemoteException
./node_modules/next/dist/client/components/router-reducer/fetch-server-response.js
There are multiple modules with names that only differ in casing.
This can lead to unexpected behavior when compiling on a filesystem with other case-semantic.
Use equal casing. Compare these module identifiers:
* javascript/auto|D:\Jag\projects\aether-assist\node_modules\next\dist\build\webpack\loaders\next-flight-client-module-loader.js!D:\Jag\projects\aether-assist\node_modules\next\dist\build\webpack\loaders\next-swc-loader.js??ruleSet[1].rules[15].oneOf[6].use[1]!D:\Jag\projects\aether-assist\node_modules\next\dist\client\components\router-reducer\fetch-server-response.js|app-pages-browser
    Used by 7 module(s), i. e.
    javascript/auto|D:\Jag\projects\aether-assist\node_modules\next\dist\build\webpack\loaders\next-flight-client-module-loader.js!D:\Jag\projects\aether-assist\node_modules\next\dist\build\webpack\loaders\next-swc-loader.js??ruleSet[1].rules[15].oneOf[6].use[1]!D:\Jag\projects\aether-assist\node_modules\next\dist\client\components\layout-router.js|app-pages-browser
* javascript/auto|D:\Jag\projects\aether-assist\node_modules\next\dist\build\webpack\loaders\next-flight-client-module-loader.js!D:\Jag\projects\aether-assist\node_modules\next\dist\build\webpack\loaders\next-swc-loader.js??ruleSet[1].rules[15].oneOf[6].use[1]!D:\jag\projects\aether-assist\node_modules\next\dist\client\components\router-reducer\fetch-server-response.js|app-pages-browser
    Used by 6 module(s), i. e.
    javascript/auto|D:\Jag\projects\aether-assist\node_modules\next\dist\build\webpack\loaders\next-flight-client-module-loader.js!D:\Jag\projects\aether-assist\node_modules\next\dist\build\webpack\loaders\next-swc-loader.js??ruleSet[1].rules[15].oneOf[6].use[1]!D:\jag\projects\aether-assist\node_modules\next\dist\client\components\router-reducer\prefetch-cache-utils.js|app-pages-browser
System.Management.Automation.RemoteException
Import trace for requested module:
./node_modules/next/dist/client/components/router-reducer/fetch-server-response.js
./node_modules/next/dist/client/components/layout-router.js
System.Management.Automation.RemoteException
./node_modules/next/dist/client/components/router-reducer/fill-cache-with-new-subtree-data.js
There are multiple modules with names that only differ in casing.
This can lead to unexpected behavior when compiling on a filesystem with other case-semantic.
Use equal casing. Compare these module identifiers:
* javascript/auto|D:\Jag\projects\aether-assist\node_modules\next\dist\build\webpack\loaders\next-flight-client-module-loader.js!D:\Jag\projects\aether-assist\node_modules\next\dist\build\webpack\loaders\next-swc-loader.js??ruleSet[1].rules[15].oneOf[6].use[1]!D:\Jag\projects\aether-assist\node_modules\next\dist\client\components\router-reducer\fill-cache-with-new-subtree-data.js|app-pages-browser
    Used by 3 module(s), i. e.
    javascript/auto|D:\Jag\projects\aether-assist\node_modules\next\dist\build\webpack\loaders\next-flight-client-module-loader.js!D:\Jag\projects\aether-assist\node_modules\next\dist\build\webpack\loaders\next-swc-loader.js??ruleSet[1].rules[15].oneOf[6].use[1]!D:\Jag\projects\aether-assist\node_modules\next\dist\client\components\router-reducer\apply-flight-data.js|app-pages-browser
* javascript/auto|D:\Jag\projects\aether-assist\node_modules\next\dist\build\webpack\loaders\next-flight-client-module-loader.js!D:\Jag\projects\aether-assist\node_modules\next\dist\build\webpack\loaders\next-swc-loader.js??ruleSet[1].rules[15].oneOf[6].use[1]!D:\jag\projects\aether-assist\node_modules\next\dist\client\components\router-reducer\fill-cache-with-new-subtree-data.js|app-pages-browser
    Used by 3 module(s), i. e.
    javascript/auto|D:\Jag\projects\aether-assist\node_modules\next\dist\build\webpack\loaders\next-flight-client-module-loader.js!D:\Jag\projects\aether-assist\node_modules\next\dist\build\webpack\loaders\next-swc-loader.js??ruleSet[1].rules[15].oneOf[6].use[1]!D:\jag\projects\aether-assist\node_modules\next\dist\client\components\router-reducer\apply-flight-data.js|app-pages-browser
System.Management.Automation.RemoteException
Import trace for requested module:
./node_modules/next/dist/client/components/router-reducer/fill-cache-with-new-subtree-data.js
./node_modules/next/dist/client/components/router-reducer/apply-flight-data.js
./node_modules/next/dist/client/components/router-reducer/reducers/navigate-reducer.js
./node_modules/next/dist/client/components/router-reducer/router-reducer.js
./node_modules/next/dist/shared/lib/router/action-queue.js
./node_modules/next/dist/client/components/links.js
./node_modules/next/dist/client/components/app-router.js
System.Management.Automation.RemoteException
./node_modules/next/dist/client/components/router-reducer/fill-lazy-items-till-leaf-with-head.js
There are multiple modules with names that only differ in casing.
This can lead to unexpected behavior when compiling on a filesystem with other case-semantic.
Use equal casing. Compare these module identifiers:
* javascript/auto|D:\Jag\projects\aether-assist\node_modules\next\dist\build\webpack\loaders\next-flight-client-module-loader.js!D:\Jag\projects\aether-assist\node_modules\next\dist\build\webpack\loaders\next-swc-loader.js??ruleSet[1].rules[15].oneOf[6].use[1]!D:\Jag\projects\aether-assist\node_modules\next\dist\client\components\router-reducer\fill-lazy-items-till-leaf-with-head.js|app-pages-browser
    Used by 5 module(s), i. e.
    javascript/auto|D:\Jag\projects\aether-assist\node_modules\next\dist\build\webpack\loaders\next-flight-client-module-loader.js!D:\Jag\projects\aether-assist\node_modules\next\dist\build\webpack\loaders\next-swc-loader.js??ruleSet[1].rules[15].oneOf[6].use[1]!D:\Jag\projects\aether-assist\node_modules\next\dist\client\components\router-reducer\reducers\refresh-reducer.js|app-pages-browser
* javascript/auto|D:\Jag\projects\aether-assist\node_modules\next\dist\build\webpack\loaders\next-flight-client-module-loader.js!D:\Jag\projects\aether-assist\node_modules\next\dist\build\webpack\loaders\next-swc-loader.js??ruleSet[1].rules[15].oneOf[6].use[1]!D:\jag\projects\aether-assist\node_modules\next\dist\client\components\router-reducer\fill-lazy-items-till-leaf-with-head.js|app-pages-browser
    Used by 6 module(s), i. e.
    javascript/auto|D:\Jag\projects\aether-assist\node_modules\next\dist\build\webpack\loaders\next-flight-client-module-loader.js!D:\Jag\projects\aether-assist\node_modules\next\dist\build\webpack\loaders\next-swc-loader.js??ruleSet[1].rules[15].oneOf[6].use[1]!D:\jag\projects\aether-assist\node_modules\next\dist\client\components\router-reducer\create-initial-router-state.js|app-pages-browser
System.Management.Automation.RemoteException
Import trace for requested module:
./node_modules/next/dist/client/components/router-reducer/fill-lazy-items-till-leaf-with-head.js
./node_modules/next/dist/client/components/router-reducer/reducers/refresh-reducer.js
./node_modules/next/dist/client/components/router-reducer/router-reducer.js
./node_modules/next/dist/shared/lib/router/action-queue.js
./node_modules/next/dist/client/components/links.js
./node_modules/next/dist/client/components/app-router.js
System.Management.Automation.RemoteException
./node_modules/next/dist/client/components/router-reducer/handle-mutable.js
There are multiple modules with names that only differ in casing.
This can lead to unexpected behavior when compiling on a filesystem with other case-semantic.
Use equal casing. Compare these module identifiers:
* javascript/auto|D:\Jag\projects\aether-assist\node_modules\next\dist\build\webpack\loaders\next-flight-client-module-loader.js!D:\Jag\projects\aether-assist\node_modules\next\dist\build\webpack\loaders\next-swc-loader.js??ruleSet[1].rules[15].oneOf[6].use[1]!D:\Jag\projects\aether-assist\node_modules\next\dist\client\components\router-reducer\handle-mutable.js|app-pages-browser
    Used by 7 module(s), i. e.
    javascript/auto|D:\Jag\projects\aether-assist\node_modules\next\dist\build\webpack\loaders\next-flight-client-module-loader.js!D:\Jag\projects\aether-assist\node_modules\next\dist\build\webpack\loaders\next-swc-loader.js??ruleSet[1].rules[15].oneOf[6].use[1]!D:\Jag\projects\aether-assist\node_modules\next\dist\client\components\router-reducer\reducers\navigate-reducer.js|app-pages-browser
* javascript/auto|D:\Jag\projects\aether-assist\node_modules\next\dist\build\webpack\loaders\next-flight-client-module-loader.js!D:\Jag\projects\aether-assist\node_modules\next\dist\build\webpack\loaders\next-swc-loader.js??ruleSet[1].rules[15].oneOf[6].use[1]!D:\jag\projects\aether-assist\node_modules\next\dist\client\components\router-reducer\handle-mutable.js|app-pages-browser
    Used by 7 module(s), i. e.
    javascript/auto|D:\Jag\projects\aether-assist\node_modules\next\dist\build\webpack\loaders\next-flight-client-module-loader.js!D:\Jag\projects\aether-assist\node_modules\next\dist\build\webpack\loaders\next-swc-loader.js??ruleSet[1].rules[15].oneOf[6].use[1]!D:\jag\projects\aether-assist\node_modules\next\dist\client\components\router-reducer\reducers\navigate-reducer.js|app-pages-browser
System.Management.Automation.RemoteException
Import trace for requested module:
./node_modules/next/dist/client/components/router-reducer/handle-mutable.js
./node_modules/next/dist/client/components/router-reducer/reducers/navigate-reducer.js
./node_modules/next/dist/client/components/router-reducer/router-reducer.js
./node_modules/next/dist/shared/lib/router/action-queue.js
./node_modules/next/dist/client/components/links.js
./node_modules/next/dist/client/components/app-router.js
System.Management.Automation.RemoteException
./node_modules/next/dist/client/components/router-reducer/handle-segment-mismatch.js
There are multiple modules with names that only differ in casing.
This can lead to unexpected behavior when compiling on a filesystem with other case-semantic.
Use equal casing. Compare these module identifiers:
* javascript/auto|D:\Jag\projects\aether-assist\node_modules\next\dist\build\webpack\loaders\next-flight-client-module-loader.js!D:\Jag\projects\aether-assist\node_modules\next\dist\build\webpack\loaders\next-swc-loader.js??ruleSet[1].rules[15].oneOf[6].use[1]!D:\Jag\projects\aether-assist\node_modules\next\dist\client\components\router-reducer\handle-segment-mismatch.js|app-pages-browser
    Used by 4 module(s), i. e.
    javascript/auto|D:\Jag\projects\aether-assist\node_modules\next\dist\build\webpack\loaders\next-flight-client-module-loader.js!D:\Jag\projects\aether-assist\node_modules\next\dist\build\webpack\loaders\next-swc-loader.js??ruleSet[1].rules[15].oneOf[6].use[1]!D:\Jag\projects\aether-assist\node_modules\next\dist\client\components\router-reducer\reducers\refresh-reducer.js|app-pages-browser
* javascript/auto|D:\Jag\projects\aether-assist\node_modules\next\dist\build\webpack\loaders\next-flight-client-module-loader.js!D:\Jag\projects\aether-assist\node_modules\next\dist\build\webpack\loaders\next-swc-loader.js??ruleSet[1].rules[15].oneOf[6].use[1]!D:\jag\projects\aether-assist\node_modules\next\dist\client\components\router-reducer\handle-segment-mismatch.js|app-pages-browser
    Used by 4 module(s), i. e.
    javascript/auto|D:\Jag\projects\aether-assist\node_modules\next\dist\build\webpack\loaders\next-flight-client-module-loader.js!D:\Jag\projects\aether-assist\node_modules\next\dist\build\webpack\loaders\next-swc-loader.js??ruleSet[1].rules[15].oneOf[6].use[1]!D:\jag\projects\aether-assist\node_modules\next\dist\client\components\router-reducer\reducers\refresh-reducer.js|app-pages-browser
System.Management.Automation.RemoteException
Import trace for requested module:
./node_modules/next/dist/client/components/router-reducer/handle-segment-mismatch.js
./node_modules/next/dist/client/components/router-reducer/reducers/refresh-reducer.js
./node_modules/next/dist/client/components/router-reducer/router-reducer.js
./node_modules/next/dist/shared/lib/router/action-queue.js
./node_modules/next/dist/client/components/links.js
./node_modules/next/dist/client/components/app-router.js
System.Management.Automation.RemoteException
./node_modules/next/dist/client/components/router-reducer/invalidate-cache-below-flight-segmentpath.js
There are multiple modules with names that only differ in casing.
This can lead to unexpected behavior when compiling on a filesystem with other case-semantic.
Use equal casing. Compare these module identifiers:
* javascript/auto|D:\Jag\projects\aether-assist\node_modules\next\dist\build\webpack\loaders\next-flight-client-module-loader.js!D:\Jag\projects\aether-assist\node_modules\next\dist\build\webpack\loaders\next-swc-loader.js??ruleSet[1].rules[15].oneOf[6].use[1]!D:\Jag\projects\aether-assist\node_modules\next\dist\client\components\router-reducer\invalidate-cache-below-flight-segmentpath.js|app-pages-browser
    Used by 2 module(s), i. e.
    javascript/auto|D:\Jag\projects\aether-assist\node_modules\next\dist\build\webpack\loaders\next-flight-client-module-loader.js!D:\Jag\projects\aether-assist\node_modules\next\dist\build\webpack\loaders\next-swc-loader.js??ruleSet[1].rules[15].oneOf[6].use[1]!D:\Jag\projects\aether-assist\node_modules\next\dist\client\components\router-reducer\reducers\navigate-reducer.js|app-pages-browser
* javascript/auto|D:\Jag\projects\aether-assist\node_modules\next\dist\build\webpack\loaders\next-flight-client-module-loader.js!D:\Jag\projects\aether-assist\node_modules\next\dist\build\webpack\loaders\next-swc-loader.js??ruleSet[1].rules[15].oneOf[6].use[1]!D:\jag\projects\aether-assist\node_modules\next\dist\client\components\router-reducer\invalidate-cache-below-flight-segmentpath.js|app-pages-browser
    Used by 2 module(s), i. e.
    javascript/auto|D:\Jag\projects\aether-assist\node_modules\next\dist\build\webpack\loaders\next-flight-client-module-loader.js!D:\Jag\projects\aether-assist\node_modules\next\dist\build\webpack\loaders\next-swc-loader.js??ruleSet[1].rules[15].oneOf[6].use[1]!D:\jag\projects\aether-assist\node_modules\next\dist\client\components\router-reducer\reducers\navigate-reducer.js|app-pages-browser
System.Management.Automation.RemoteException
Import trace for requested module:
./node_modules/next/dist/client/components/router-reducer/invalidate-cache-below-flight-segmentpath.js
./node_modules/next/dist/client/components/router-reducer/reducers/navigate-reducer.js
./node_modules/next/dist/client/components/router-reducer/router-reducer.js
./node_modules/next/dist/shared/lib/router/action-queue.js
./node_modules/next/dist/client/components/links.js
./node_modules/next/dist/client/components/app-router.js
System.Management.Automation.RemoteException
./node_modules/next/dist/client/components/router-reducer/invalidate-cache-by-router-state.js
There are multiple modules with names that only differ in casing.
This can lead to unexpected behavior when compiling on a filesystem with other case-semantic.
Use equal casing. Compare these module identifiers:
* javascript/auto|D:\Jag\projects\aether-assist\node_modules\next\dist\build\webpack\loaders\next-flight-client-module-loader.js!D:\Jag\projects\aether-assist\node_modules\next\dist\build\webpack\loaders\next-swc-loader.js??ruleSet[1].rules[15].oneOf[6].use[1]!D:\Jag\projects\aether-assist\node_modules\next\dist\client\components\router-reducer\invalidate-cache-by-router-state.js|app-pages-browser
    Used by 2 module(s), i. e.
    javascript/auto|D:\Jag\projects\aether-assist\node_modules\next\dist\build\webpack\loaders\next-flight-client-module-loader.js!D:\Jag\projects\aether-assist\node_modules\next\dist\build\webpack\loaders\next-swc-loader.js??ruleSet[1].rules[15].oneOf[6].use[1]!D:\Jag\projects\aether-assist\node_modules\next\dist\client\components\router-reducer\fill-cache-with-new-subtree-data.js|app-pages-browser
* javascript/auto|D:\Jag\projects\aether-assist\node_modules\next\dist\build\webpack\loaders\next-flight-client-module-loader.js!D:\Jag\projects\aether-assist\node_modules\next\dist\build\webpack\loaders\next-swc-loader.js??ruleSet[1].rules[15].oneOf[6].use[1]!D:\jag\projects\aether-assist\node_modules\next\dist\client\components\router-reducer\invalidate-cache-by-router-state.js|app-pages-browser
    Used by 2 module(s), i. e.
    javascript/auto|D:\Jag\projects\aether-assist\node_modules\next\dist\build\webpack\loaders\next-flight-client-module-loader.js!D:\Jag\projects\aether-assist\node_modules\next\dist\build\webpack\loaders\next-swc-loader.js??ruleSet[1].rules[15].oneOf[6].use[1]!D:\jag\projects\aether-assist\node_modules\next\dist\client\components\router-reducer\fill-cache-with-new-subtree-data.js|app-pages-browser
System.Management.Automation.RemoteException
Import trace for requested module:
./node_modules/next/dist/client/components/router-reducer/invalidate-cache-by-router-state.js
./node_modules/next/dist/client/components/router-reducer/fill-cache-with-new-subtree-data.js
./node_modules/next/dist/client/components/router-reducer/apply-flight-data.js
./node_modules/next/dist/client/components/router-reducer/reducers/navigate-reducer.js
./node_modules/next/dist/client/components/router-reducer/router-reducer.js
./node_modules/next/dist/shared/lib/router/action-queue.js
./node_modules/next/dist/client/components/links.js
./node_modules/next/dist/client/components/app-router.js
System.Management.Automation.RemoteException
./node_modules/next/dist/client/components/router-reducer/is-navigating-to-new-root-layout.js
There are multiple modules with names that only differ in casing.
This can lead to unexpected behavior when compiling on a filesystem with other case-semantic.
Use equal casing. Compare these module identifiers:
* javascript/auto|D:\Jag\projects\aether-assist\node_modules\next\dist\build\webpack\loaders\next-flight-client-module-loader.js!D:\Jag\projects\aether-assist\node_modules\next\dist\build\webpack\loaders\next-swc-loader.js??ruleSet[1].rules[15].oneOf[6].use[1]!D:\Jag\projects\aether-assist\node_modules\next\dist\client\components\router-reducer\is-navigating-to-new-root-layout.js|app-pages-browser
    Used by 7 module(s), i. e.
    javascript/auto|D:\Jag\projects\aether-assist\node_modules\next\dist\build\webpack\loaders\next-flight-client-module-loader.js!D:\Jag\projects\aether-assist\node_modules\next\dist\build\webpack\loaders\next-swc-loader.js??ruleSet[1].rules[15].oneOf[6].use[1]!D:\Jag\projects\aether-assist\node_modules\next\dist\client\components\router-reducer\reducers\navigate-reducer.js|app-pages-browser
* javascript/auto|D:\Jag\projects\aether-assist\node_modules\next\dist\build\webpack\loaders\next-flight-client-module-loader.js!D:\Jag\projects\aether-assist\node_modules\next\dist\build\webpack\loaders\next-swc-loader.js??ruleSet[1].rules[15].oneOf[6].use[1]!D:\jag\projects\aether-assist\node_modules\next\dist\client\components\router-reducer\is-navigating-to-new-root-layout.js|app-pages-browser
    Used by 7 module(s), i. e.
    javascript/auto|D:\Jag\projects\aether-assist\node_modules\next\dist\build\webpack\loaders\next-flight-client-module-loader.js!D:\Jag\projects\aether-assist\node_modules\next\dist\build\webpack\loaders\next-swc-loader.js??ruleSet[1].rules[15].oneOf[6].use[1]!D:\jag\projects\aether-assist\node_modules\next\dist\client\components\router-reducer\reducers\navigate-reducer.js|app-pages-browser
System.Management.Automation.RemoteException
Import trace for requested module:
./node_modules/next/dist/client/components/router-reducer/is-navigating-to-new-root-layout.js
./node_modules/next/dist/client/components/router-reducer/reducers/navigate-reducer.js
./node_modules/next/dist/client/components/router-reducer/router-reducer.js
./node_modules/next/dist/shared/lib/router/action-queue.js
./node_modules/next/dist/client/components/links.js
./node_modules/next/dist/client/components/app-router.js
System.Management.Automation.RemoteException
./node_modules/next/dist/client/components/router-reducer/ppr-navigations.js
There are multiple modules with names that only differ in casing.
This can lead to unexpected behavior when compiling on a filesystem with other case-semantic.
Use equal casing. Compare these module identifiers:
* javascript/auto|D:\Jag\projects\aether-assist\node_modules\next\dist\build\webpack\loaders\next-flight-client-module-loader.js!D:\Jag\projects\aether-assist\node_modules\next\dist\build\webpack\loaders\next-swc-loader.js??ruleSet[1].rules[15].oneOf[6].use[1]!D:\Jag\projects\aether-assist\node_modules\next\dist\client\components\router-reducer\ppr-navigations.js|app-pages-browser
    Used by 3 module(s), i. e.
    javascript/auto|D:\Jag\projects\aether-assist\node_modules\next\dist\build\webpack\loaders\next-flight-client-module-loader.js!D:\Jag\projects\aether-assist\node_modules\next\dist\build\webpack\loaders\next-swc-loader.js??ruleSet[1].rules[15].oneOf[6].use[1]!D:\Jag\projects\aether-assist\node_modules\next\dist\client\components\router-reducer\reducers\navigate-reducer.js|app-pages-browser
* javascript/auto|D:\Jag\projects\aether-assist\node_modules\next\dist\build\webpack\loaders\next-flight-client-module-loader.js!D:\Jag\projects\aether-assist\node_modules\next\dist\build\webpack\loaders\next-swc-loader.js??ruleSet[1].rules[15].oneOf[6].use[1]!D:\jag\projects\aether-assist\node_modules\next\dist\client\components\router-reducer\ppr-navigations.js|app-pages-browser
    Used by 3 module(s), i. e.
    javascript/auto|D:\Jag\projects\aether-assist\node_modules\next\dist\build\webpack\loaders\next-flight-client-module-loader.js!D:\Jag\projects\aether-assist\node_modules\next\dist\build\webpack\loaders\next-swc-loader.js??ruleSet[1].rules[15].oneOf[6].use[1]!D:\jag\projects\aether-assist\node_modules\next\dist\client\components\router-reducer\reducers\navigate-reducer.js|app-pages-browser
System.Management.Automation.RemoteException
Import trace for requested module:
./node_modules/next/dist/client/components/router-reducer/ppr-navigations.js
./node_modules/next/dist/client/components/router-reducer/reducers/navigate-reducer.js
./node_modules/next/dist/client/components/router-reducer/router-reducer.js
./node_modules/next/dist/shared/lib/router/action-queue.js
./node_modules/next/dist/client/components/links.js
./node_modules/next/dist/client/components/app-router.js
System.Management.Automation.RemoteException
./node_modules/next/dist/client/components/router-reducer/prefetch-cache-utils.js
There are multiple modules with names that only differ in casing.
This can lead to unexpected behavior when compiling on a filesystem with other case-semantic.
Use equal casing. Compare these module identifiers:
* javascript/auto|D:\Jag\projects\aether-assist\node_modules\next\dist\build\webpack\loaders\next-flight-client-module-loader.js!D:\Jag\projects\aether-assist\node_modules\next\dist\build\webpack\loaders\next-swc-loader.js??ruleSet[1].rules[15].oneOf[6].use[1]!D:\Jag\projects\aether-assist\node_modules\next\dist\client\components\router-reducer\prefetch-cache-utils.js|app-pages-browser
    Used by 4 module(s), i. e.
    javascript/auto|D:\Jag\projects\aether-assist\node_modules\next\dist\build\webpack\loaders\next-flight-client-module-loader.js!D:\Jag\projects\aether-assist\node_modules\next\dist\build\webpack\loaders\next-swc-loader.js??ruleSet[1].rules[15].oneOf[6].use[1]!D:\Jag\projects\aether-assist\node_modules\next\dist\client\components\router-reducer\reducers\prefetch-reducer.js|app-pages-browser
* javascript/auto|D:\Jag\projects\aether-assist\node_modules\next\dist\build\webpack\loaders\next-flight-client-module-loader.js!D:\Jag\projects\aether-assist\node_modules\next\dist\build\webpack\loaders\next-swc-loader.js??ruleSet[1].rules[15].oneOf[6].use[1]!D:\jag\projects\aether-assist\node_modules\next\dist\client\components\router-reducer\prefetch-cache-utils.js|app-pages-browser
    Used by 5 module(s), i. e.
    javascript/auto|D:\Jag\projects\aether-assist\node_modules\next\dist\build\webpack\loaders\next-flight-client-module-loader.js!D:\Jag\projects\aether-assist\node_modules\next\dist\build\webpack\loaders\next-swc-loader.js??ruleSet[1].rules[15].oneOf[6].use[1]!D:\jag\projects\aether-assist\node_modules\next\dist\client\components\router-reducer\create-initial-router-state.js|app-pages-browser
System.Management.Automation.RemoteException
Import trace for requested module:
./node_modules/next/dist/client/components/router-reducer/prefetch-cache-utils.js
./node_modules/next/dist/client/components/router-reducer/reducers/prefetch-reducer.js
./node_modules/next/dist/client/components/app-router.js
System.Management.Automation.RemoteException
./node_modules/next/dist/client/components/router-reducer/reducers/find-head-in-cache.js
There are multiple modules with names that only differ in casing.
This can lead to unexpected behavior when compiling on a filesystem with other case-semantic.
Use equal casing. Compare these module identifiers:
* javascript/auto|D:\Jag\projects\aether-assist\node_modules\next\dist\build\webpack\loaders\next-flight-client-module-loader.js!D:\Jag\projects\aether-assist\node_modules\next\dist\build\webpack\loaders\next-swc-loader.js??ruleSet[1].rules[15].oneOf[6].use[1]!D:\Jag\projects\aether-assist\node_modules\next\dist\client\components\router-reducer\reducers\find-head-in-cache.js|app-pages-browser
    Used by 2 module(s), i. e.
    javascript/auto|D:\Jag\projects\aether-assist\node_modules\next\dist\build\webpack\loaders\next-flight-client-module-loader.js!D:\Jag\projects\aether-assist\node_modules\next\dist\build\webpack\loaders\next-swc-loader.js??ruleSet[1].rules[15].oneOf[6].use[1]!D:\Jag\projects\aether-assist\node_modules\next\dist\client\components\app-router.js|app-pages-browser
* javascript/auto|D:\Jag\projects\aether-assist\node_modules\next\dist\build\webpack\loaders\next-flight-client-module-loader.js!D:\Jag\projects\aether-assist\node_modules\next\dist\build\webpack\loaders\next-swc-loader.js??ruleSet[1].rules[15].oneOf[6].use[1]!D:\jag\projects\aether-assist\node_modules\next\dist\client\components\router-reducer\reducers\find-head-in-cache.js|app-pages-browser
    Used by 2 module(s), i. e.
    javascript/auto|D:\Jag\projects\aether-assist\node_modules\next\dist\build\webpack\loaders\next-flight-client-module-loader.js!D:\Jag\projects\aether-assist\node_modules\next\dist\build\webpack\loaders\next-swc-loader.js??ruleSet[1].rules[15].oneOf[6].use[1]!D:\jag\projects\aether-assist\node_modules\next\dist\client\components\app-router.js|app-pages-browser
System.Management.Automation.RemoteException
Import trace for requested module:
./node_modules/next/dist/client/components/router-reducer/reducers/find-head-in-cache.js
./node_modules/next/dist/client/components/app-router.js
System.Management.Automation.RemoteException
./node_modules/next/dist/client/components/router-reducer/reducers/get-segment-value.js
There are multiple modules with names that only differ in casing.
This can lead to unexpected behavior when compiling on a filesystem with other case-semantic.
Use equal casing. Compare these module identifiers:
* javascript/auto|D:\Jag\projects\aether-assist\node_modules\next\dist\build\webpack\loaders\next-flight-client-module-loader.js!D:\Jag\projects\aether-assist\node_modules\next\dist\build\webpack\loaders\next-swc-loader.js??ruleSet[1].rules[15].oneOf[6].use[1]!D:\Jag\projects\aether-assist\node_modules\next\dist\client\components\router-reducer\reducers\get-segment-value.js|app-pages-browser
    Used by 2 module(s), i. e.
    javascript/auto|D:\Jag\projects\aether-assist\node_modules\next\dist\build\webpack\loaders\next-flight-client-module-loader.js!D:\Jag\projects\aether-assist\node_modules\next\dist\build\webpack\loaders\next-swc-loader.js??ruleSet[1].rules[15].oneOf[6].use[1]!D:\Jag\projects\aether-assist\node_modules\next\dist\client\components\navigation.js|app-pages-browser
* javascript/auto|D:\Jag\projects\aether-assist\node_modules\next\dist\build\webpack\loaders\next-flight-client-module-loader.js!D:\Jag\projects\aether-assist\node_modules\next\dist\build\webpack\loaders\next-swc-loader.js??ruleSet[1].rules[15].oneOf[6].use[1]!D:\jag\projects\aether-assist\node_modules\next\dist\client\components\router-reducer\reducers\get-segment-value.js|app-pages-browser
    Used by 2 module(s), i. e.
    javascript/auto|D:\Jag\projects\aether-assist\node_modules\next\dist\build\webpack\loaders\next-flight-client-module-loader.js!D:\Jag\projects\aether-assist\node_modules\next\dist\build\webpack\loaders\next-swc-loader.js??ruleSet[1].rules[15].oneOf[6].use[1]!D:\jag\projects\aether-assist\node_modules\next\dist\client\components\navigation.js|app-pages-browser
System.Management.Automation.RemoteException
Import trace for requested module:
./node_modules/next/dist/client/components/router-reducer/reducers/get-segment-value.js
./node_modules/next/dist/client/components/navigation.js
./node_modules/next/dist/client/components/redirect-boundary.js
./node_modules/next/dist/client/components/layout-router.js
System.Management.Automation.RemoteException
./node_modules/next/dist/client/components/router-reducer/reducers/has-interception-route-in-current-tree.js
There are multiple modules with names that only differ in casing.
This can lead to unexpected behavior when compiling on a filesystem with other case-semantic.
Use equal casing. Compare these module identifiers:
* javascript/auto|D:\Jag\projects\aether-assist\node_modules\next\dist\build\webpack\loaders\next-flight-client-module-loader.js!D:\Jag\projects\aether-assist\node_modules\next\dist\build\webpack\loaders\next-swc-loader.js??ruleSet[1].rules[15].oneOf[6].use[1]!D:\Jag\projects\aether-assist\node_modules\next\dist\client\components\router-reducer\reducers\has-interception-route-in-current-tree.js|app-pages-browser
    Used by 5 module(s), i. e.
    javascript/auto|D:\Jag\projects\aether-assist\node_modules\next\dist\build\webpack\loaders\next-flight-client-module-loader.js!D:\Jag\projects\aether-assist\node_modules\next\dist\build\webpack\loaders\next-swc-loader.js??ruleSet[1].rules[15].oneOf[6].use[1]!D:\Jag\projects\aether-assist\node_modules\next\dist\client\components\layout-router.js|app-pages-browser
* javascript/auto|D:\Jag\projects\aether-assist\node_modules\next\dist\build\webpack\loaders\next-flight-client-module-loader.js!D:\Jag\projects\aether-assist\node_modules\next\dist\build\webpack\loaders\next-swc-loader.js??ruleSet[1].rules[15].oneOf[6].use[1]!D:\jag\projects\aether-assist\node_modules\next\dist\client\components\router-reducer\reducers\has-interception-route-in-current-tree.js|app-pages-browser
    Used by 4 module(s), i. e.
    javascript/auto|D:\Jag\projects\aether-assist\node_modules\next\dist\build\webpack\loaders\next-flight-client-module-loader.js!D:\Jag\projects\aether-assist\node_modules\next\dist\build\webpack\loaders\next-swc-loader.js??ruleSet[1].rules[15].oneOf[6].use[1]!D:\jag\projects\aether-assist\node_modules\next\dist\client\components\router-reducer\reducers\refresh-reducer.js|app-pages-browser
System.Management.Automation.RemoteException
Import trace for requested module:
./node_modules/next/dist/client/components/router-reducer/reducers/has-interception-route-in-current-tree.js
./node_modules/next/dist/client/components/layout-router.js
System.Management.Automation.RemoteException
./node_modules/next/dist/client/components/router-reducer/reducers/hmr-refresh-reducer.js
There are multiple modules with names that only differ in casing.
This can lead to unexpected behavior when compiling on a filesystem with other case-semantic.
Use equal casing. Compare these module identifiers:
* javascript/auto|D:\Jag\projects\aether-assist\node_modules\next\dist\build\webpack\loaders\next-flight-client-module-loader.js!D:\Jag\projects\aether-assist\node_modules\next\dist\build\webpack\loaders\next-swc-loader.js??ruleSet[1].rules[15].oneOf[6].use[1]!D:\Jag\projects\aether-assist\node_modules\next\dist\client\components\router-reducer\reducers\hmr-refresh-reducer.js|app-pages-browser
    Used by 2 module(s), i. e.
    javascript/auto|D:\Jag\projects\aether-assist\node_modules\next\dist\build\webpack\loaders\next-flight-client-module-loader.js!D:\Jag\projects\aether-assist\node_modules\next\dist\build\webpack\loaders\next-swc-loader.js??ruleSet[1].rules[15].oneOf[6].use[1]!D:\Jag\projects\aether-assist\node_modules\next\dist\client\components\router-reducer\router-reducer.js|app-pages-browser
* javascript/auto|D:\Jag\projects\aether-assist\node_modules\next\dist\build\webpack\loaders\next-flight-client-module-loader.js!D:\Jag\projects\aether-assist\node_modules\next\dist\build\webpack\loaders\next-swc-loader.js??ruleSet[1].rules[15].oneOf[6].use[1]!D:\jag\projects\aether-assist\node_modules\next\dist\client\components\router-reducer\reducers\hmr-refresh-reducer.js|app-pages-browser
    Used by 2 module(s), i. e.
    javascript/auto|D:\Jag\projects\aether-assist\node_modules\next\dist\build\webpack\loaders\next-flight-client-module-loader.js!D:\Jag\projects\aether-assist\node_modules\next\dist\build\webpack\loaders\next-swc-loader.js??ruleSet[1].rules[15].oneOf[6].use[1]!D:\jag\projects\aether-assist\node_modules\next\dist\client\components\router-reducer\router-reducer.js|app-pages-browser
System.Management.Automation.RemoteException
Import trace for requested module:
./node_modules/next/dist/client/components/router-reducer/reducers/hmr-refresh-reducer.js
./node_modules/next/dist/client/components/router-reducer/router-reducer.js
./node_modules/next/dist/shared/lib/router/action-queue.js
./node_modules/next/dist/client/components/links.js
./node_modules/next/dist/client/components/app-router.js
System.Management.Automation.RemoteException
./node_modules/next/dist/client/components/router-reducer/reducers/navigate-reducer.js
There are multiple modules with names that only differ in casing.
This can lead to unexpected behavior when compiling on a filesystem with other case-semantic.
Use equal casing. Compare these module identifiers:
* javascript/auto|D:\Jag\projects\aether-assist\node_modules\next\dist\build\webpack\loaders\next-flight-client-module-loader.js!D:\Jag\projects\aether-assist\node_modules\next\dist\build\webpack\loaders\next-swc-loader.js??ruleSet[1].rules[15].oneOf[6].use[1]!D:\Jag\projects\aether-assist\node_modules\next\dist\client\components\router-reducer\reducers\navigate-reducer.js|app-pages-browser
    Used by 7 module(s), i. e.
    javascript/auto|D:\Jag\projects\aether-assist\node_modules\next\dist\build\webpack\loaders\next-flight-client-module-loader.js!D:\Jag\projects\aether-assist\node_modules\next\dist\build\webpack\loaders\next-swc-loader.js??ruleSet[1].rules[15].oneOf[6].use[1]!D:\Jag\projects\aether-assist\node_modules\next\dist\client\components\router-reducer\router-reducer.js|app-pages-browser
* javascript/auto|D:\Jag\projects\aether-assist\node_modules\next\dist\build\webpack\loaders\next-flight-client-module-loader.js!D:\Jag\projects\aether-assist\node_modules\next\dist\build\webpack\loaders\next-swc-loader.js??ruleSet[1].rules[15].oneOf[6].use[1]!D:\jag\projects\aether-assist\node_modules\next\dist\client\components\router-reducer\reducers\navigate-reducer.js|app-pages-browser
    Used by 7 module(s), i. e.
    javascript/auto|D:\Jag\projects\aether-assist\node_modules\next\dist\build\webpack\loaders\next-flight-client-module-loader.js!D:\Jag\projects\aether-assist\node_modules\next\dist\build\webpack\loaders\next-swc-loader.js??ruleSet[1].rules[15].oneOf[6].use[1]!D:\jag\projects\aether-assist\node_modules\next\dist\client\components\router-reducer\router-reducer.js|app-pages-browser
System.Management.Automation.RemoteException
Import trace for requested module:
./node_modules/next/dist/client/components/router-reducer/reducers/navigate-reducer.js
./node_modules/next/dist/client/components/router-reducer/router-reducer.js
./node_modules/next/dist/shared/lib/router/action-queue.js
./node_modules/next/dist/client/components/links.js
./node_modules/next/dist/client/components/app-router.js
System.Management.Automation.RemoteException
./node_modules/next/dist/client/components/router-reducer/reducers/prefetch-reducer.js
There are multiple modules with names that only differ in casing.
This can lead to unexpected behavior when compiling on a filesystem with other case-semantic.
Use equal casing. Compare these module identifiers:
* javascript/auto|D:\Jag\projects\aether-assist\node_modules\next\dist\build\webpack\loaders\next-flight-client-module-loader.js!D:\Jag\projects\aether-assist\node_modules\next\dist\build\webpack\loaders\next-swc-loader.js??ruleSet[1].rules[15].oneOf[6].use[1]!D:\Jag\projects\aether-assist\node_modules\next\dist\client\components\router-reducer\reducers\prefetch-reducer.js|app-pages-browser
    Used by 5 module(s), i. e.
    javascript/auto|D:\Jag\projects\aether-assist\node_modules\next\dist\build\webpack\loaders\next-flight-client-module-loader.js!D:\Jag\projects\aether-assist\node_modules\next\dist\build\webpack\loaders\next-swc-loader.js??ruleSet[1].rules[15].oneOf[6].use[1]!D:\Jag\projects\aether-assist\node_modules\next\dist\client\components\app-router.js|app-pages-browser
* javascript/auto|D:\Jag\projects\aether-assist\node_modules\next\dist\build\webpack\loaders\next-flight-client-module-loader.js!D:\Jag\projects\aether-assist\node_modules\next\dist\build\webpack\loaders\next-swc-loader.js??ruleSet[1].rules[15].oneOf[6].use[1]!D:\jag\projects\aether-assist\node_modules\next\dist\client\components\router-reducer\reducers\prefetch-reducer.js|app-pages-browser
    Used by 5 module(s), i. e.
    javascript/auto|D:\Jag\projects\aether-assist\node_modules\next\dist\build\webpack\loaders\next-flight-client-module-loader.js!D:\Jag\projects\aether-assist\node_modules\next\dist\build\webpack\loaders\next-swc-loader.js??ruleSet[1].rules[15].oneOf[6].use[1]!D:\jag\projects\aether-assist\node_modules\next\dist\client\components\app-router.js|app-pages-browser
System.Management.Automation.RemoteException
Import trace for requested module:
./node_modules/next/dist/client/components/router-reducer/reducers/prefetch-reducer.js
./node_modules/next/dist/client/components/app-router.js
System.Management.Automation.RemoteException
./node_modules/next/dist/client/components/router-reducer/reducers/refresh-reducer.js
There are multiple modules with names that only differ in casing.
This can lead to unexpected behavior when compiling on a filesystem with other case-semantic.
Use equal casing. Compare these module identifiers:
* javascript/auto|D:\Jag\projects\aether-assist\node_modules\next\dist\build\webpack\loaders\next-flight-client-module-loader.js!D:\Jag\projects\aether-assist\node_modules\next\dist\build\webpack\loaders\next-swc-loader.js??ruleSet[1].rules[15].oneOf[6].use[1]!D:\Jag\projects\aether-assist\node_modules\next\dist\client\components\router-reducer\reducers\refresh-reducer.js|app-pages-browser
    Used by 2 module(s), i. e.
    javascript/auto|D:\Jag\projects\aether-assist\node_modules\next\dist\build\webpack\loaders\next-flight-client-module-loader.js!D:\Jag\projects\aether-assist\node_modules\next\dist\build\webpack\loaders\next-swc-loader.js??ruleSet[1].rules[15].oneOf[6].use[1]!D:\Jag\projects\aether-assist\node_modules\next\dist\client\components\router-reducer\router-reducer.js|app-pages-browser
* javascript/auto|D:\Jag\projects\aether-assist\node_modules\next\dist\build\webpack\loaders\next-flight-client-module-loader.js!D:\Jag\projects\aether-assist\node_modules\next\dist\build\webpack\loaders\next-swc-loader.js??ruleSet[1].rules[15].oneOf[6].use[1]!D:\jag\projects\aether-assist\node_modules\next\dist\client\components\router-reducer\reducers\refresh-reducer.js|app-pages-browser
    Used by 2 module(s), i. e.
    javascript/auto|D:\Jag\projects\aether-assist\node_modules\next\dist\build\webpack\loaders\next-flight-client-module-loader.js!D:\Jag\projects\aether-assist\node_modules\next\dist\build\webpack\loaders\next-swc-loader.js??ruleSet[1].rules[15].oneOf[6].use[1]!D:\jag\projects\aether-assist\node_modules\next\dist\client\components\router-reducer\router-reducer.js|app-pages-browser
System.Management.Automation.RemoteException
Import trace for requested module:
./node_modules/next/dist/client/components/router-reducer/reducers/refresh-reducer.js
./node_modules/next/dist/client/components/router-reducer/router-reducer.js
./node_modules/next/dist/shared/lib/router/action-queue.js
./node_modules/next/dist/client/components/links.js
./node_modules/next/dist/client/components/app-router.js
System.Management.Automation.RemoteException
./node_modules/next/dist/client/components/router-reducer/reducers/restore-reducer.js
There are multiple modules with names that only differ in casing.
This can lead to unexpected behavior when compiling on a filesystem with other case-semantic.
Use equal casing. Compare these module identifiers:
* javascript/auto|D:\Jag\projects\aether-assist\node_modules\next\dist\build\webpack\loaders\next-flight-client-module-loader.js!D:\Jag\projects\aether-assist\node_modules\next\dist\build\webpack\loaders\next-swc-loader.js??ruleSet[1].rules[15].oneOf[6].use[1]!D:\Jag\projects\aether-assist\node_modules\next\dist\client\components\router-reducer\reducers\restore-reducer.js|app-pages-browser
    Used by 2 module(s), i. e.
    javascript/auto|D:\Jag\projects\aether-assist\node_modules\next\dist\build\webpack\loaders\next-flight-client-module-loader.js!D:\Jag\projects\aether-assist\node_modules\next\dist\build\webpack\loaders\next-swc-loader.js??ruleSet[1].rules[15].oneOf[6].use[1]!D:\Jag\projects\aether-assist\node_modules\next\dist\client\components\router-reducer\router-reducer.js|app-pages-browser
* javascript/auto|D:\Jag\projects\aether-assist\node_modules\next\dist\build\webpack\loaders\next-flight-client-module-loader.js!D:\Jag\projects\aether-assist\node_modules\next\dist\build\webpack\loaders\next-swc-loader.js??ruleSet[1].rules[15].oneOf[6].use[1]!D:\jag\projects\aether-assist\node_modules\next\dist\client\components\router-reducer\reducers\restore-reducer.js|app-pages-browser
    Used by 2 module(s), i. e.
    javascript/auto|D:\Jag\projects\aether-assist\node_modules\next\dist\build\webpack\loaders\next-flight-client-module-loader.js!D:\Jag\projects\aether-assist\node_modules\next\dist\build\webpack\loaders\next-swc-loader.js??ruleSet[1].rules[15].oneOf[6].use[1]!D:\jag\projects\aether-assist\node_modules\next\dist\client\components\router-reducer\router-reducer.js|app-pages-browser
System.Management.Automation.RemoteException
Import trace for requested module:
./node_modules/next/dist/client/components/router-reducer/reducers/restore-reducer.js
./node_modules/next/dist/client/components/router-reducer/router-reducer.js
./node_modules/next/dist/shared/lib/router/action-queue.js
./node_modules/next/dist/client/components/links.js
./node_modules/next/dist/client/components/app-router.js
System.Management.Automation.RemoteException
./node_modules/next/dist/client/components/router-reducer/reducers/server-action-reducer.js
There are multiple modules with names that only differ in casing.
This can lead to unexpected behavior when compiling on a filesystem with other case-semantic.
Use equal casing. Compare these module identifiers:
* javascript/auto|D:\Jag\projects\aether-assist\node_modules\next\dist\build\webpack\loaders\next-flight-client-module-loader.js!D:\Jag\projects\aether-assist\node_modules\next\dist\build\webpack\loaders\next-swc-loader.js??ruleSet[1].rules[15].oneOf[6].use[1]!D:\Jag\projects\aether-assist\node_modules\next\dist\client\components\router-reducer\reducers\server-action-reducer.js|app-pages-browser
    Used by 2 module(s), i. e.
    javascript/auto|D:\Jag\projects\aether-assist\node_modules\next\dist\build\webpack\loaders\next-flight-client-module-loader.js!D:\Jag\projects\aether-assist\node_modules\next\dist\build\webpack\loaders\next-swc-loader.js??ruleSet[1].rules[15].oneOf[6].use[1]!D:\Jag\projects\aether-assist\node_modules\next\dist\client\components\router-reducer\router-reducer.js|app-pages-browser
* javascript/auto|D:\Jag\projects\aether-assist\node_modules\next\dist\build\webpack\loaders\next-flight-client-module-loader.js!D:\Jag\projects\aether-assist\node_modules\next\dist\build\webpack\loaders\next-swc-loader.js??ruleSet[1].rules[15].oneOf[6].use[1]!D:\jag\projects\aether-assist\node_modules\next\dist\client\components\router-reducer\reducers\server-action-reducer.js|app-pages-browser
    Used by 2 module(s), i. e.
    javascript/auto|D:\Jag\projects\aether-assist\node_modules\next\dist\build\webpack\loaders\next-flight-client-module-loader.js!D:\Jag\projects\aether-assist\node_modules\next\dist\build\webpack\loaders\next-swc-loader.js??ruleSet[1].rules[15].oneOf[6].use[1]!D:\jag\projects\aether-assist\node_modules\next\dist\client\components\router-reducer\router-reducer.js|app-pages-browser
System.Management.Automation.RemoteException
Import trace for requested module:
./node_modules/next/dist/client/components/router-reducer/reducers/server-action-reducer.js
./node_modules/next/dist/client/components/router-reducer/router-reducer.js
./node_modules/next/dist/shared/lib/router/action-queue.js
./node_modules/next/dist/client/components/links.js
./node_modules/next/dist/client/components/app-router.js
System.Management.Automation.RemoteException
./node_modules/next/dist/client/components/router-reducer/reducers/server-patch-reducer.js
There are multiple modules with names that only differ in casing.
This can lead to unexpected behavior when compiling on a filesystem with other case-semantic.
Use equal casing. Compare these module identifiers:
* javascript/auto|D:\Jag\projects\aether-assist\node_modules\next\dist\build\webpack\loaders\next-flight-client-module-loader.js!D:\Jag\projects\aether-assist\node_modules\next\dist\build\webpack\loaders\next-swc-loader.js??ruleSet[1].rules[15].oneOf[6].use[1]!D:\Jag\projects\aether-assist\node_modules\next\dist\client\components\router-reducer\reducers\server-patch-reducer.js|app-pages-browser
    Used by 2 module(s), i. e.
    javascript/auto|D:\Jag\projects\aether-assist\node_modules\next\dist\build\webpack\loaders\next-flight-client-module-loader.js!D:\Jag\projects\aether-assist\node_modules\next\dist\build\webpack\loaders\next-swc-loader.js??ruleSet[1].rules[15].oneOf[6].use[1]!D:\Jag\projects\aether-assist\node_modules\next\dist\client\components\router-reducer\router-reducer.js|app-pages-browser
* javascript/auto|D:\Jag\projects\aether-assist\node_modules\next\dist\build\webpack\loaders\next-flight-client-module-loader.js!D:\Jag\projects\aether-assist\node_modules\next\dist\build\webpack\loaders\next-swc-loader.js??ruleSet[1].rules[15].oneOf[6].use[1]!D:\jag\projects\aether-assist\node_modules\next\dist\client\components\router-reducer\reducers\server-patch-reducer.js|app-pages-browser
    Used by 2 module(s), i. e.
    javascript/auto|D:\Jag\projects\aether-assist\node_modules\next\dist\build\webpack\loaders\next-flight-client-module-loader.js!D:\Jag\projects\aether-assist\node_modules\next\dist\build\webpack\loaders\next-swc-loader.js??ruleSet[1].rules[15].oneOf[6].use[1]!D:\jag\projects\aether-assist\node_modules\next\dist\client\components\router-reducer\router-reducer.js|app-pages-browser
System.Management.Automation.RemoteException
Import trace for requested module:
./node_modules/next/dist/client/components/router-reducer/reducers/server-patch-reducer.js
./node_modules/next/dist/client/components/router-reducer/router-reducer.js
./node_modules/next/dist/shared/lib/router/action-queue.js
./node_modules/next/dist/client/components/links.js
./node_modules/next/dist/client/components/app-router.js
System.Management.Automation.RemoteException
./node_modules/next/dist/client/components/router-reducer/refetch-inactive-parallel-segments.js
There are multiple modules with names that only differ in casing.
This can lead to unexpected behavior when compiling on a filesystem with other case-semantic.
Use equal casing. Compare these module identifiers:
* javascript/auto|D:\Jag\projects\aether-assist\node_modules\next\dist\build\webpack\loaders\next-flight-client-module-loader.js!D:\Jag\projects\aether-assist\node_modules\next\dist\build\webpack\loaders\next-swc-loader.js??ruleSet[1].rules[15].oneOf[6].use[1]!D:\Jag\projects\aether-assist\node_modules\next\dist\client\components\router-reducer\refetch-inactive-parallel-segments.js|app-pages-browser
    Used by 4 module(s), i. e.
    javascript/auto|D:\Jag\projects\aether-assist\node_modules\next\dist\build\webpack\loaders\next-flight-client-module-loader.js!D:\Jag\projects\aether-assist\node_modules\next\dist\build\webpack\loaders\next-swc-loader.js??ruleSet[1].rules[15].oneOf[6].use[1]!D:\Jag\projects\aether-assist\node_modules\next\dist\client\components\router-reducer\reducers\refresh-reducer.js|app-pages-browser
* javascript/auto|D:\Jag\projects\aether-assist\node_modules\next\dist\build\webpack\loaders\next-flight-client-module-loader.js!D:\Jag\projects\aether-assist\node_modules\next\dist\build\webpack\loaders\next-swc-loader.js??ruleSet[1].rules[15].oneOf[6].use[1]!D:\jag\projects\aether-assist\node_modules\next\dist\client\components\router-reducer\refetch-inactive-parallel-segments.js|app-pages-browser
    Used by 5 module(s), i. e.
    javascript/auto|D:\Jag\projects\aether-assist\node_modules\next\dist\build\webpack\loaders\next-flight-client-module-loader.js!D:\Jag\projects\aether-assist\node_modules\next\dist\build\webpack\loaders\next-swc-loader.js??ruleSet[1].rules[15].oneOf[6].use[1]!D:\jag\projects\aether-assist\node_modules\next\dist\client\components\router-reducer\create-initial-router-state.js|app-pages-browser
System.Management.Automation.RemoteException
Import trace for requested module:
./node_modules/next/dist/client/components/router-reducer/refetch-inactive-parallel-segments.js
./node_modules/next/dist/client/components/router-reducer/reducers/refresh-reducer.js
./node_modules/next/dist/client/components/router-reducer/router-reducer.js
./node_modules/next/dist/shared/lib/router/action-queue.js
./node_modules/next/dist/client/components/links.js
./node_modules/next/dist/client/components/app-router.js
System.Management.Automation.RemoteException
./node_modules/next/dist/client/components/router-reducer/router-reducer-types.js
There are multiple modules with names that only differ in casing.
This can lead to unexpected behavior when compiling on a filesystem with other case-semantic.
Use equal casing. Compare these module identifiers:
* javascript/auto|D:\Jag\projects\aether-assist\node_modules\next\dist\build\webpack\loaders\next-flight-client-module-loader.js!D:\Jag\projects\aether-assist\node_modules\next\dist\build\webpack\loaders\next-swc-loader.js??ruleSet[1].rules[15].oneOf[6].use[1]!D:\Jag\projects\aether-assist\node_modules\next\dist\client\components\router-reducer\router-reducer-types.js|app-pages-browser
    Used by 11 module(s), i. e.
    javascript/auto|D:\Jag\projects\aether-assist\node_modules\next\dist\build\webpack\loaders\next-flight-client-module-loader.js!D:\Jag\projects\aether-assist\node_modules\next\dist\build\webpack\loaders\next-swc-loader.js??ruleSet[1].rules[15].oneOf[6].use[1]!D:\Jag\projects\aether-assist\node_modules\next\dist\client\components\app-router.js|app-pages-browser
* javascript/auto|D:\Jag\projects\aether-assist\node_modules\next\dist\build\webpack\loaders\next-flight-client-module-loader.js!D:\Jag\projects\aether-assist\node_modules\next\dist\build\webpack\loaders\next-swc-loader.js??ruleSet[1].rules[15].oneOf[6].use[1]!D:\jag\projects\aether-assist\node_modules\next\dist\client\components\router-reducer\router-reducer-types.js|app-pages-browser
    Used by 12 module(s), i. e.
    javascript/auto|D:\Jag\projects\aether-assist\node_modules\next\dist\build\webpack\loaders\next-flight-client-module-loader.js!D:\Jag\projects\aether-assist\node_modules\next\dist\build\webpack\loaders\next-swc-loader.js??ruleSet[1].rules[15].oneOf[6].use[1]!D:\jag\projects\aether-assist\node_modules\next\dist\client\app-call-server.js|app-pages-browser
System.Management.Automation.RemoteException
Import trace for requested module:
./node_modules/next/dist/client/components/router-reducer/router-reducer-types.js
./node_modules/next/dist/client/components/app-router.js
System.Management.Automation.RemoteException
./node_modules/next/dist/client/components/router-reducer/router-reducer.js
There are multiple modules with names that only differ in casing.
This can lead to unexpected behavior when compiling on a filesystem with other case-semantic.
Use equal casing. Compare these module identifiers:
* javascript/auto|D:\Jag\projects\aether-assist\node_modules\next\dist\build\webpack\loaders\next-flight-client-module-loader.js!D:\Jag\projects\aether-assist\node_modules\next\dist\build\webpack\loaders\next-swc-loader.js??ruleSet[1].rules[15].oneOf[6].use[1]!D:\Jag\projects\aether-assist\node_modules\next\dist\client\components\router-reducer\router-reducer.js|app-pages-browser
    Used by 2 module(s), i. e.
    javascript/auto|D:\Jag\projects\aether-assist\node_modules\next\dist\build\webpack\loaders\next-flight-client-module-loader.js!D:\Jag\projects\aether-assist\node_modules\next\dist\build\webpack\loaders\next-swc-loader.js??ruleSet[1].rules[15].oneOf[6].use[1]!D:\Jag\projects\aether-assist\node_modules\next\dist\shared\lib\router\action-queue.js|app-pages-browser
* javascript/auto|D:\Jag\projects\aether-assist\node_modules\next\dist\build\webpack\loaders\next-flight-client-module-loader.js!D:\Jag\projects\aether-assist\node_modules\next\dist\build\webpack\loaders\next-swc-loader.js??ruleSet[1].rules[15].oneOf[6].use[1]!D:\jag\projects\aether-assist\node_modules\next\dist\client\components\router-reducer\router-reducer.js|app-pages-browser
    Used by 2 module(s), i. e.
    javascript/auto|D:\Jag\projects\aether-assist\node_modules\next\dist\build\webpack\loaders\next-flight-client-module-loader.js!D:\Jag\projects\aether-assist\node_modules\next\dist\build\webpack\loaders\next-swc-loader.js??ruleSet[1].rules[15].oneOf[6].use[1]!D:\jag\projects\aether-assist\node_modules\next\dist\shared\lib\router\action-queue.js|app-pages-browser
System.Management.Automation.RemoteException
Import trace for requested module:
./node_modules/next/dist/client/components/router-reducer/router-reducer.js
./node_modules/next/dist/shared/lib/router/action-queue.js
./node_modules/next/dist/client/components/links.js
./node_modules/next/dist/client/components/app-router.js
System.Management.Automation.RemoteException
./node_modules/next/dist/client/components/router-reducer/set-cache-busting-search-param.js
There are multiple modules with names that only differ in casing.
This can lead to unexpected behavior when compiling on a filesystem with other case-semantic.
Use equal casing. Compare these module identifiers:
* javascript/auto|D:\Jag\projects\aether-assist\node_modules\next\dist\build\webpack\loaders\next-flight-client-module-loader.js!D:\Jag\projects\aether-assist\node_modules\next\dist\build\webpack\loaders\next-swc-loader.js??ruleSet[1].rules[15].oneOf[6].use[1]!D:\Jag\projects\aether-assist\node_modules\next\dist\client\components\router-reducer\set-cache-busting-search-param.js|app-pages-browser
    Used by 2 module(s), i. e.
    javascript/auto|D:\Jag\projects\aether-assist\node_modules\next\dist\build\webpack\loaders\next-flight-client-module-loader.js!D:\Jag\projects\aether-assist\node_modules\next\dist\build\webpack\loaders\next-swc-loader.js??ruleSet[1].rules[15].oneOf[6].use[1]!D:\Jag\projects\aether-assist\node_modules\next\dist\client\components\router-reducer\fetch-server-response.js|app-pages-browser
* javascript/auto|D:\Jag\projects\aether-assist\node_modules\next\dist\build\webpack\loaders\next-flight-client-module-loader.js!D:\Jag\projects\aether-assist\node_modules\next\dist\build\webpack\loaders\next-swc-loader.js??ruleSet[1].rules[15].oneOf[6].use[1]!D:\jag\projects\aether-assist\node_modules\next\dist\client\components\router-reducer\set-cache-busting-search-param.js|app-pages-browser
    Used by 2 module(s), i. e.
    javascript/auto|D:\Jag\projects\aether-assist\node_modules\next\dist\build\webpack\loaders\next-flight-client-module-loader.js!D:\Jag\projects\aether-assist\node_modules\next\dist\build\webpack\loaders\next-swc-loader.js??ruleSet[1].rules[15].oneOf[6].use[1]!D:\jag\projects\aether-assist\node_modules\next\dist\client\components\router-reducer\fetch-server-response.js|app-pages-browser
System.Management.Automation.RemoteException
Import trace for requested module:
./node_modules/next/dist/client/components/router-reducer/set-cache-busting-search-param.js
./node_modules/next/dist/client/components/router-reducer/fetch-server-response.js
./node_modules/next/dist/client/components/layout-router.js
System.Management.Automation.RemoteException
./node_modules/next/dist/client/components/router-reducer/should-hard-navigate.js
There are multiple modules with names that only differ in casing.
This can lead to unexpected behavior when compiling on a filesystem with other case-semantic.
Use equal casing. Compare these module identifiers:
* javascript/auto|D:\Jag\projects\aether-assist\node_modules\next\dist\build\webpack\loaders\next-flight-client-module-loader.js!D:\Jag\projects\aether-assist\node_modules\next\dist\build\webpack\loaders\next-swc-loader.js??ruleSet[1].rules[15].oneOf[6].use[1]!D:\Jag\projects\aether-assist\node_modules\next\dist\client\components\router-reducer\should-hard-navigate.js|app-pages-browser
    Used by 2 module(s), i. e.
    javascript/auto|D:\Jag\projects\aether-assist\node_modules\next\dist\build\webpack\loaders\next-flight-client-module-loader.js!D:\Jag\projects\aether-assist\node_modules\next\dist\build\webpack\loaders\next-swc-loader.js??ruleSet[1].rules[15].oneOf[6].use[1]!D:\Jag\projects\aether-assist\node_modules\next\dist\client\components\router-reducer\reducers\navigate-reducer.js|app-pages-browser
* javascript/auto|D:\Jag\projects\aether-assist\node_modules\next\dist\build\webpack\loaders\next-flight-client-module-loader.js!D:\Jag\projects\aether-assist\node_modules\next\dist\build\webpack\loaders\next-swc-loader.js??ruleSet[1].rules[15].oneOf[6].use[1]!D:\jag\projects\aether-assist\node_modules\next\dist\client\components\router-reducer\should-hard-navigate.js|app-pages-browser
    Used by 2 module(s), i. e.
    javascript/auto|D:\Jag\projects\aether-assist\node_modules\next\dist\build\webpack\loaders\next-flight-client-module-loader.js!D:\Jag\projects\aether-assist\node_modules\next\dist\build\webpack\loaders\next-swc-loader.js??ruleSet[1].rules[15].oneOf[6].use[1]!D:\jag\projects\aether-assist\node_modules\next\dist\client\components\router-reducer\reducers\navigate-reducer.js|app-pages-browser
System.Management.Automation.RemoteException
Import trace for requested module:
./node_modules/next/dist/client/components/router-reducer/should-hard-navigate.js
./node_modules/next/dist/client/components/router-reducer/reducers/navigate-reducer.js
./node_modules/next/dist/client/components/router-reducer/router-reducer.js
./node_modules/next/dist/shared/lib/router/action-queue.js
./node_modules/next/dist/client/components/links.js
./node_modules/next/dist/client/components/app-router.js
System.Management.Automation.RemoteException
./node_modules/next/dist/client/components/segment-cache.js
There are multiple modules with names that only differ in casing.
This can lead to unexpected behavior when compiling on a filesystem with other case-semantic.
Use equal casing. Compare these module identifiers:
* javascript/auto|D:\Jag\projects\aether-assist\node_modules\next\dist\build\webpack\loaders\next-flight-client-module-loader.js!D:\Jag\projects\aether-assist\node_modules\next\dist\build\webpack\loaders\next-swc-loader.js??ruleSet[1].rules[15].oneOf[6].use[1]!D:\Jag\projects\aether-assist\node_modules\next\dist\client\components\segment-cache.js|app-pages-browser
    Used by 6 module(s), i. e.
    javascript/auto|D:\Jag\projects\aether-assist\node_modules\next\dist\build\webpack\loaders\next-flight-client-module-loader.js!D:\Jag\projects\aether-assist\node_modules\next\dist\build\webpack\loaders\next-swc-loader.js??ruleSet[1].rules[15].oneOf[6].use[1]!D:\Jag\projects\aether-assist\node_modules\next\dist\client\components\app-router.js|app-pages-browser
* javascript/auto|D:\Jag\projects\aether-assist\node_modules\next\dist\build\webpack\loaders\next-flight-client-module-loader.js!D:\Jag\projects\aether-assist\node_modules\next\dist\build\webpack\loaders\next-swc-loader.js??ruleSet[1].rules[15].oneOf[6].use[1]!D:\jag\projects\aether-assist\node_modules\next\dist\client\components\segment-cache.js|app-pages-browser
    Used by 6 module(s), i. e.
    javascript/auto|D:\Jag\projects\aether-assist\node_modules\next\dist\build\webpack\loaders\next-flight-client-module-loader.js!D:\Jag\projects\aether-assist\node_modules\next\dist\build\webpack\loaders\next-swc-loader.js??ruleSet[1].rules[15].oneOf[6].use[1]!D:\jag\projects\aether-assist\node_modules\next\dist\client\components\app-router.js|app-pages-browser
System.Management.Automation.RemoteException
Import trace for requested module:
./node_modules/next/dist/client/components/segment-cache.js
./node_modules/next/dist/client/components/app-router.js
System.Management.Automation.RemoteException
./node_modules/next/dist/client/components/unauthorized.js
There are multiple modules with names that only differ in casing.
This can lead to unexpected behavior when compiling on a filesystem with other case-semantic.
Use equal casing. Compare these module identifiers:
* javascript/auto|D:\Jag\projects\aether-assist\node_modules\next\dist\build\webpack\loaders\next-flight-client-module-loader.js!D:\Jag\projects\aether-assist\node_modules\next\dist\build\webpack\loaders\next-swc-loader.js??ruleSet[1].rules[15].oneOf[6].use[1]!D:\Jag\projects\aether-assist\node_modules\next\dist\client\components\unauthorized.js|app-pages-browser
    Used by 2 module(s), i. e.
    javascript/auto|D:\Jag\projects\aether-assist\node_modules\next\dist\build\webpack\loaders\next-flight-client-module-loader.js!D:\Jag\projects\aether-assist\node_modules\next\dist\build\webpack\loaders\next-swc-loader.js??ruleSet[1].rules[15].oneOf[6].use[1]!D:\Jag\projects\aether-assist\node_modules\next\dist\client\components\navigation.react-server.js|app-pages-browser
* javascript/auto|D:\Jag\projects\aether-assist\node_modules\next\dist\build\webpack\loaders\next-flight-client-module-loader.js!D:\Jag\projects\aether-assist\node_modules\next\dist\build\webpack\loaders\next-swc-loader.js??ruleSet[1].rules[15].oneOf[6].use[1]!D:\jag\projects\aether-assist\node_modules\next\dist\client\components\unauthorized.js|app-pages-browser
    Used by 2 module(s), i. e.
    javascript/auto|D:\Jag\projects\aether-assist\node_modules\next\dist\build\webpack\loaders\next-flight-client-module-loader.js!D:\Jag\projects\aether-assist\node_modules\next\dist\build\webpack\loaders\next-swc-loader.js??ruleSet[1].rules[15].oneOf[6].use[1]!D:\jag\projects\aether-assist\node_modules\next\dist\client\components\navigation.react-server.js|app-pages-browser
System.Management.Automation.RemoteException
Import trace for requested module:
./node_modules/next/dist/client/components/unauthorized.js
./node_modules/next/dist/client/components/navigation.react-server.js
./node_modules/next/dist/client/components/navigation.js
./node_modules/next/dist/client/components/redirect-boundary.js
./node_modules/next/dist/client/components/layout-router.js
System.Management.Automation.RemoteException
./node_modules/next/dist/client/components/unresolved-thenable.js
There are multiple modules with names that only differ in casing.
This can lead to unexpected behavior when compiling on a filesystem with other case-semantic.
Use equal casing. Compare these module identifiers:
* javascript/auto|D:\Jag\projects\aether-assist\node_modules\next\dist\build\webpack\loaders\next-flight-client-module-loader.js!D:\Jag\projects\aether-assist\node_modules\next\dist\build\webpack\loaders\next-swc-loader.js??ruleSet[1].rules[15].oneOf[6].use[1]!D:\Jag\projects\aether-assist\node_modules\next\dist\client\components\unresolved-thenable.js|app-pages-browser
    Used by 3 module(s), i. e.
    javascript/auto|D:\Jag\projects\aether-assist\node_modules\next\dist\build\webpack\loaders\next-flight-client-module-loader.js!D:\Jag\projects\aether-assist\node_modules\next\dist\build\webpack\loaders\next-swc-loader.js??ruleSet[1].rules[15].oneOf[6].use[1]!D:\Jag\projects\aether-assist\node_modules\next\dist\client\components\layout-router.js|app-pages-browser
* javascript/auto|D:\Jag\projects\aether-assist\node_modules\next\dist\build\webpack\loaders\next-flight-client-module-loader.js!D:\Jag\projects\aether-assist\node_modules\next\dist\build\webpack\loaders\next-swc-loader.js??ruleSet[1].rules[15].oneOf[6].use[1]!D:\jag\projects\aether-assist\node_modules\next\dist\client\components\unresolved-thenable.js|app-pages-browser
    Used by 2 module(s), i. e.
    javascript/auto|D:\Jag\projects\aether-assist\node_modules\next\dist\build\webpack\loaders\next-flight-client-module-loader.js!D:\Jag\projects\aether-assist\node_modules\next\dist\build\webpack\loaders\next-swc-loader.js??ruleSet[1].rules[15].oneOf[6].use[1]!D:\jag\projects\aether-assist\node_modules\next\dist\client\components\app-router.js|app-pages-browser
System.Management.Automation.RemoteException
Import trace for requested module:
./node_modules/next/dist/client/components/unresolved-thenable.js
./node_modules/next/dist/client/components/layout-router.js
System.Management.Automation.RemoteException
./node_modules/next/dist/client/components/unstable-rethrow.browser.js
There are multiple modules with names that only differ in casing.
This can lead to unexpected behavior when compiling on a filesystem with other case-semantic.
Use equal casing. Compare these module identifiers:
* javascript/auto|D:\Jag\projects\aether-assist\node_modules\next\dist\build\webpack\loaders\next-flight-client-module-loader.js!D:\Jag\projects\aether-assist\node_modules\next\dist\build\webpack\loaders\next-swc-loader.js??ruleSet[1].rules[15].oneOf[6].use[1]!D:\Jag\projects\aether-assist\node_modules\next\dist\client\components\unstable-rethrow.browser.js|app-pages-browser
    Used by 2 module(s), i. e.
    javascript/auto|D:\Jag\projects\aether-assist\node_modules\next\dist\build\webpack\loaders\next-flight-client-module-loader.js!D:\Jag\projects\aether-assist\node_modules\next\dist\build\webpack\loaders\next-swc-loader.js??ruleSet[1].rules[15].oneOf[6].use[1]!D:\Jag\projects\aether-assist\node_modules\next\dist\client\components\unstable-rethrow.js|app-pages-browser
* javascript/auto|D:\Jag\projects\aether-assist\node_modules\next\dist\build\webpack\loaders\next-flight-client-module-loader.js!D:\Jag\projects\aether-assist\node_modules\next\dist\build\webpack\loaders\next-swc-loader.js??ruleSet[1].rules[15].oneOf[6].use[1]!D:\jag\projects\aether-assist\node_modules\next\dist\client\components\unstable-rethrow.browser.js|app-pages-browser
    Used by 2 module(s), i. e.
    javascript/auto|D:\Jag\projects\aether-assist\node_modules\next\dist\build\webpack\loaders\next-flight-client-module-loader.js!D:\Jag\projects\aether-assist\node_modules\next\dist\build\webpack\loaders\next-swc-loader.js??ruleSet[1].rules[15].oneOf[6].use[1]!D:\jag\projects\aether-assist\node_modules\next\dist\client\components\unstable-rethrow.js|app-pages-browser
System.Management.Automation.RemoteException
Import trace for requested module:
./node_modules/next/dist/client/components/unstable-rethrow.browser.js
./node_modules/next/dist/client/components/unstable-rethrow.js
./node_modules/next/dist/client/components/navigation.react-server.js
./node_modules/next/dist/client/components/navigation.js
./node_modules/next/dist/client/components/redirect-boundary.js
./node_modules/next/dist/client/components/layout-router.js
System.Management.Automation.RemoteException
./node_modules/next/dist/client/components/unstable-rethrow.js
There are multiple modules with names that only differ in casing.
This can lead to unexpected behavior when compiling on a filesystem with other case-semantic.
Use equal casing. Compare these module identifiers:
* javascript/auto|D:\Jag\projects\aether-assist\node_modules\next\dist\build\webpack\loaders\next-flight-client-module-loader.js!D:\Jag\projects\aether-assist\node_modules\next\dist\build\webpack\loaders\next-swc-loader.js??ruleSet[1].rules[15].oneOf[6].use[1]!D:\Jag\projects\aether-assist\node_modules\next\dist\client\components\unstable-rethrow.js|app-pages-browser
    Used by 2 module(s), i. e.
    javascript/auto|D:\Jag\projects\aether-assist\node_modules\next\dist\build\webpack\loaders\next-flight-client-module-loader.js!D:\Jag\projects\aether-assist\node_modules\next\dist\build\webpack\loaders\next-swc-loader.js??ruleSet[1].rules[15].oneOf[6].use[1]!D:\Jag\projects\aether-assist\node_modules\next\dist\client\components\navigation.react-server.js|app-pages-browser
* javascript/auto|D:\Jag\projects\aether-assist\node_modules\next\dist\build\webpack\loaders\next-flight-client-module-loader.js!D:\Jag\projects\aether-assist\node_modules\next\dist\build\webpack\loaders\next-swc-loader.js??ruleSet[1].rules[15].oneOf[6].use[1]!D:\jag\projects\aether-assist\node_modules\next\dist\client\components\unstable-rethrow.js|app-pages-browser
    Used by 2 module(s), i. e.
    javascript/auto|D:\Jag\projects\aether-assist\node_modules\next\dist\build\webpack\loaders\next-flight-client-module-loader.js!D:\Jag\projects\aether-assist\node_modules\next\dist\build\webpack\loaders\next-swc-loader.js??ruleSet[1].rules[15].oneOf[6].use[1]!D:\jag\projects\aether-assist\node_modules\next\dist\client\components\navigation.react-server.js|app-pages-browser
System.Management.Automation.RemoteException
Import trace for requested module:
./node_modules/next/dist/client/components/unstable-rethrow.js
./node_modules/next/dist/client/components/navigation.react-server.js
./node_modules/next/dist/client/components/navigation.js
./node_modules/next/dist/client/components/redirect-boundary.js
./node_modules/next/dist/client/components/layout-router.js
System.Management.Automation.RemoteException
./node_modules/next/dist/client/components/use-reducer.js
There are multiple modules with names that only differ in casing.
This can lead to unexpected behavior when compiling on a filesystem with other case-semantic.
Use equal casing. Compare these module identifiers:
* javascript/auto|D:\Jag\projects\aether-assist\node_modules\next\dist\build\webpack\loaders\next-flight-client-module-loader.js!D:\Jag\projects\aether-assist\node_modules\next\dist\build\webpack\loaders\next-swc-loader.js??ruleSet[1].rules[15].oneOf[6].use[1]!D:\Jag\projects\aether-assist\node_modules\next\dist\client\components\use-reducer.js|app-pages-browser
    Used by 2 module(s), i. e.
    javascript/auto|D:\Jag\projects\aether-assist\node_modules\next\dist\build\webpack\loaders\next-flight-client-module-loader.js!D:\Jag\projects\aether-assist\node_modules\next\dist\build\webpack\loaders\next-swc-loader.js??ruleSet[1].rules[15].oneOf[6].use[1]!D:\Jag\projects\aether-assist\node_modules\next\dist\client\components\app-router.js|app-pages-browser
* javascript/auto|D:\Jag\projects\aether-assist\node_modules\next\dist\build\webpack\loaders\next-flight-client-module-loader.js!D:\Jag\projects\aether-assist\node_modules\next\dist\build\webpack\loaders\next-swc-loader.js??ruleSet[1].rules[15].oneOf[6].use[1]!D:\jag\projects\aether-assist\node_modules\next\dist\client\components\use-reducer.js|app-pages-browser
    Used by 2 module(s), i. e.
    javascript/auto|D:\Jag\projects\aether-assist\node_modules\next\dist\build\webpack\loaders\next-flight-client-module-loader.js!D:\Jag\projects\aether-assist\node_modules\next\dist\build\webpack\loaders\next-swc-loader.js??ruleSet[1].rules[15].oneOf[6].use[1]!D:\jag\projects\aether-assist\node_modules\next\dist\client\components\app-router.js|app-pages-browser
System.Management.Automation.RemoteException
Import trace for requested module:
./node_modules/next/dist/client/components/use-reducer.js
./node_modules/next/dist/client/components/app-router.js
System.Management.Automation.RemoteException
./node_modules/next/dist/client/flight-data-helpers.js
There are multiple modules with names that only differ in casing.
This can lead to unexpected behavior when compiling on a filesystem with other case-semantic.
Use equal casing. Compare these module identifiers:
* javascript/auto|D:\Jag\projects\aether-assist\node_modules\next\dist\build\webpack\loaders\next-flight-client-module-loader.js!D:\Jag\projects\aether-assist\node_modules\next\dist\build\webpack\loaders\next-swc-loader.js??ruleSet[1].rules[15].oneOf[6].use[1]!D:\Jag\projects\aether-assist\node_modules\next\dist\client\flight-data-helpers.js|app-pages-browser
    Used by 7 module(s), i. e.
    javascript/auto|D:\Jag\projects\aether-assist\node_modules\next\dist\build\webpack\loaders\next-flight-client-module-loader.js!D:\Jag\projects\aether-assist\node_modules\next\dist\build\webpack\loaders\next-swc-loader.js??ruleSet[1].rules[15].oneOf[6].use[1]!D:\Jag\projects\aether-assist\node_modules\next\dist\client\components\router-reducer\fetch-server-response.js|app-pages-browser
* javascript/auto|D:\Jag\projects\aether-assist\node_modules\next\dist\build\webpack\loaders\next-flight-client-module-loader.js!D:\Jag\projects\aether-assist\node_modules\next\dist\build\webpack\loaders\next-swc-loader.js??ruleSet[1].rules[15].oneOf[6].use[1]!D:\jag\projects\aether-assist\node_modules\next\dist\client\flight-data-helpers.js|app-pages-browser
    Used by 8 module(s), i. e.
    javascript/auto|D:\Jag\projects\aether-assist\node_modules\next\dist\build\webpack\loaders\next-flight-client-module-loader.js!D:\Jag\projects\aether-assist\node_modules\next\dist\build\webpack\loaders\next-swc-loader.js??ruleSet[1].rules[15].oneOf[6].use[1]!D:\jag\projects\aether-assist\node_modules\next\dist\client\components\router-reducer\create-initial-router-state.js|app-pages-browser
System.Management.Automation.RemoteException
Import trace for requested module:
./node_modules/next/dist/client/flight-data-helpers.js
./node_modules/next/dist/client/components/router-reducer/fetch-server-response.js
./node_modules/next/dist/client/components/layout-router.js
System.Management.Automation.RemoteException
./node_modules/next/dist/client/has-base-path.js
There are multiple modules with names that only differ in casing.
This can lead to unexpected behavior when compiling on a filesystem with other case-semantic.
Use equal casing. Compare these module identifiers:
* javascript/auto|D:\Jag\projects\aether-assist\node_modules\next\dist\build\webpack\loaders\next-flight-client-module-loader.js!D:\Jag\projects\aether-assist\node_modules\next\dist\build\webpack\loaders\next-swc-loader.js??ruleSet[1].rules[15].oneOf[6].use[1]!D:\Jag\projects\aether-assist\node_modules\next\dist\client\has-base-path.js|app-pages-browser
    Used by 4 module(s), i. e.
    javascript/auto|D:\Jag\projects\aether-assist\node_modules\next\dist\build\webpack\loaders\next-flight-client-module-loader.js!D:\Jag\projects\aether-assist\node_modules\next\dist\build\webpack\loaders\next-swc-loader.js??ruleSet[1].rules[15].oneOf[6].use[1]!D:\Jag\projects\aether-assist\node_modules\next\dist\client\components\app-router.js|app-pages-browser
* javascript/auto|D:\Jag\projects\aether-assist\node_modules\next\dist\build\webpack\loaders\next-flight-client-module-loader.js!D:\Jag\projects\aether-assist\node_modules\next\dist\build\webpack\loaders\next-swc-loader.js??ruleSet[1].rules[15].oneOf[6].use[1]!D:\jag\projects\aether-assist\node_modules\next\dist\client\has-base-path.js|app-pages-browser
    Used by 4 module(s), i. e.
    javascript/auto|D:\Jag\projects\aether-assist\node_modules\next\dist\build\webpack\loaders\next-flight-client-module-loader.js!D:\Jag\projects\aether-assist\node_modules\next\dist\build\webpack\loaders\next-swc-loader.js??ruleSet[1].rules[15].oneOf[6].use[1]!D:\jag\projects\aether-assist\node_modules\next\dist\client\components\app-router.js|app-pages-browser
System.Management.Automation.RemoteException
Import trace for requested module:
./node_modules/next/dist/client/has-base-path.js
./node_modules/next/dist/client/components/app-router.js
System.Management.Automation.RemoteException
./node_modules/next/dist/client/normalize-trailing-slash.js
There are multiple modules with names that only differ in casing.
This can lead to unexpected behavior when compiling on a filesystem with other case-semantic.
Use equal casing. Compare these module identifiers:
* javascript/auto|D:\Jag\projects\aether-assist\node_modules\next\dist\build\webpack\loaders\next-flight-client-module-loader.js!D:\Jag\projects\aether-assist\node_modules\next\dist\build\webpack\loaders\next-swc-loader.js??ruleSet[1].rules[15].oneOf[6].use[1]!D:\Jag\projects\aether-assist\node_modules\next\dist\client\normalize-trailing-slash.js|app-pages-browser
    Used by 2 module(s), i. e.
    javascript/auto|D:\Jag\projects\aether-assist\node_modules\next\dist\build\webpack\loaders\next-flight-client-module-loader.js!D:\Jag\projects\aether-assist\node_modules\next\dist\build\webpack\loaders\next-swc-loader.js??ruleSet[1].rules[15].oneOf[6].use[1]!D:\Jag\projects\aether-assist\node_modules\next\dist\client\add-base-path.js|app-pages-browser
* javascript/auto|D:\Jag\projects\aether-assist\node_modules\next\dist\build\webpack\loaders\next-flight-client-module-loader.js!D:\Jag\projects\aether-assist\node_modules\next\dist\build\webpack\loaders\next-swc-loader.js??ruleSet[1].rules[15].oneOf[6].use[1]!D:\jag\projects\aether-assist\node_modules\next\dist\client\normalize-trailing-slash.js|app-pages-browser
    Used by 2 module(s), i. e.
    javascript/auto|D:\Jag\projects\aether-assist\node_modules\next\dist\build\webpack\loaders\next-flight-client-module-loader.js!D:\Jag\projects\aether-assist\node_modules\next\dist\build\webpack\loaders\next-swc-loader.js??ruleSet[1].rules[15].oneOf[6].use[1]!D:\jag\projects\aether-assist\node_modules\next\dist\client\add-base-path.js|app-pages-browser
System.Management.Automation.RemoteException
Import trace for requested module:
./node_modules/next/dist/client/normalize-trailing-slash.js
./node_modules/next/dist/client/add-base-path.js
./node_modules/next/dist/client/components/app-router.js
System.Management.Automation.RemoteException
./node_modules/next/dist/client/remove-base-path.js
There are multiple modules with names that only differ in casing.
This can lead to unexpected behavior when compiling on a filesystem with other case-semantic.
Use equal casing. Compare these module identifiers:
* javascript/auto|D:\Jag\projects\aether-assist\node_modules\next\dist\build\webpack\loaders\next-flight-client-module-loader.js!D:\Jag\projects\aether-assist\node_modules\next\dist\build\webpack\loaders\next-swc-loader.js??ruleSet[1].rules[15].oneOf[6].use[1]!D:\Jag\projects\aether-assist\node_modules\next\dist\client\remove-base-path.js|app-pages-browser
    Used by 3 module(s), i. e.
    javascript/auto|D:\Jag\projects\aether-assist\node_modules\next\dist\build\webpack\loaders\next-flight-client-module-loader.js!D:\Jag\projects\aether-assist\node_modules\next\dist\build\webpack\loaders\next-swc-loader.js??ruleSet[1].rules[15].oneOf[6].use[1]!D:\Jag\projects\aether-assist\node_modules\next\dist\client\components\app-router.js|app-pages-browser
* javascript/auto|D:\Jag\projects\aether-assist\node_modules\next\dist\build\webpack\loaders\next-flight-client-module-loader.js!D:\Jag\projects\aether-assist\node_modules\next\dist\build\webpack\loaders\next-swc-loader.js??ruleSet[1].rules[15].oneOf[6].use[1]!D:\jag\projects\aether-assist\node_modules\next\dist\client\remove-base-path.js|app-pages-browser
    Used by 3 module(s), i. e.
    javascript/auto|D:\Jag\projects\aether-assist\node_modules\next\dist\build\webpack\loaders\next-flight-client-module-loader.js!D:\Jag\projects\aether-assist\node_modules\next\dist\build\webpack\loaders\next-swc-loader.js??ruleSet[1].rules[15].oneOf[6].use[1]!D:\jag\projects\aether-assist\node_modules\next\dist\client\components\app-router.js|app-pages-browser
System.Management.Automation.RemoteException
Import trace for requested module:
./node_modules/next/dist/client/remove-base-path.js
./node_modules/next/dist/client/components/app-router.js
System.Management.Automation.RemoteException
./node_modules/next/dist/lib/metadata/metadata-constants.js
There are multiple modules with names that only differ in casing.
This can lead to unexpected behavior when compiling on a filesystem with other case-semantic.
Use equal casing. Compare these module identifiers:
* javascript/auto|D:\Jag\projects\aether-assist\node_modules\next\dist\build\webpack\loaders\next-flight-client-module-loader.js!D:\Jag\projects\aether-assist\node_modules\next\dist\build\webpack\loaders\next-swc-loader.js??ruleSet[1].rules[15].oneOf[6].use[1]!D:\Jag\projects\aether-assist\node_modules\next\dist\lib\metadata\metadata-constants.js|app-pages-browser
    Used by 2 module(s), i. e.
    javascript/auto|D:\Jag\projects\aether-assist\node_modules\next\dist\build\webpack\loaders\next-flight-client-module-loader.js!D:\Jag\projects\aether-assist\node_modules\next\dist\build\webpack\loaders\next-swc-loader.js??ruleSet[1].rules[15].oneOf[6].use[1]!D:\Jag\projects\aether-assist\node_modules\next\dist\client\components\metadata\metadata-boundary.js|app-pages-browser
* javascript/auto|D:\Jag\projects\aether-assist\node_modules\next\dist\build\webpack\loaders\next-flight-client-module-loader.js!D:\Jag\projects\aether-assist\node_modules\next\dist\build\webpack\loaders\next-swc-loader.js??ruleSet[1].rules[15].oneOf[6].use[1]!D:\jag\projects\aether-assist\node_modules\next\dist\lib\metadata\metadata-constants.js|app-pages-browser
    Used by 2 module(s), i. e.
    javascript/auto|D:\Jag\projects\aether-assist\node_modules\next\dist\build\webpack\loaders\next-flight-client-module-loader.js!D:\Jag\projects\aether-assist\node_modules\next\dist\build\webpack\loaders\next-swc-loader.js??ruleSet[1].rules[15].oneOf[6].use[1]!D:\jag\projects\aether-assist\node_modules\next\dist\server\app-render\dynamic-rendering.js|app-pages-browser
System.Management.Automation.RemoteException
Import trace for requested module:
./node_modules/next/dist/lib/metadata/metadata-constants.js
./node_modules/next/dist/client/components/metadata/metadata-boundary.js
System.Management.Automation.RemoteException
./node_modules/next/dist/shared/lib/app-router-context.shared-runtime.js
There are multiple modules with names that only differ in casing.
This can lead to unexpected behavior when compiling on a filesystem with other case-semantic.
Use equal casing. Compare these module identifiers:
* javascript/auto|D:\Jag\projects\aether-assist\node_modules\next\dist\build\webpack\loaders\next-flight-client-module-loader.js!D:\Jag\projects\aether-assist\node_modules\next\dist\build\webpack\loaders\next-swc-loader.js??ruleSet[1].rules[15].oneOf[6].use[1]!D:\Jag\projects\aether-assist\node_modules\next\dist\shared\lib\app-router-context.shared-runtime.js|app-pages-browser
    Used by 6 module(s), i. e.
    javascript/auto|D:\Jag\projects\aether-assist\node_modules\next\dist\build\webpack\loaders\next-flight-client-module-loader.js!D:\Jag\projects\aether-assist\node_modules\next\dist\build\webpack\loaders\next-swc-loader.js??ruleSet[1].rules[15].oneOf[6].use[1]!D:\Jag\projects\aether-assist\node_modules\next\dist\client\components\http-access-fallback\error-boundary.js|app-pages-browser
* javascript/auto|D:\Jag\projects\aether-assist\node_modules\next\dist\build\webpack\loaders\next-flight-client-module-loader.js!D:\Jag\projects\aether-assist\node_modules\next\dist\build\webpack\loaders\next-swc-loader.js??ruleSet[1].rules[15].oneOf[6].use[1]!D:\jag\projects\aether-assist\node_modules\next\dist\shared\lib\app-router-context.shared-runtime.js|app-pages-browser
    Used by 4 module(s), i. e.
    javascript/auto|D:\Jag\projects\aether-assist\node_modules\next\dist\build\webpack\loaders\next-flight-client-module-loader.js!D:\Jag\projects\aether-assist\node_modules\next\dist\build\webpack\loaders\next-swc-loader.js??ruleSet[1].rules[15].oneOf[6].use[1]!D:\jag\projects\aether-assist\node_modules\next\dist\client\app-index.js|app-pages-browser
System.Management.Automation.RemoteException
Import trace for requested module:
./node_modules/next/dist/shared/lib/app-router-context.shared-runtime.js
./node_modules/next/dist/client/components/http-access-fallback/error-boundary.js
System.Management.Automation.RemoteException
./node_modules/next/dist/shared/lib/hash.js
There are multiple modules with names that only differ in casing.
This can lead to unexpected behavior when compiling on a filesystem with other case-semantic.
Use equal casing. Compare these module identifiers:
* javascript/auto|D:\Jag\projects\aether-assist\node_modules\next\dist\build\webpack\loaders\next-flight-client-module-loader.js!D:\Jag\projects\aether-assist\node_modules\next\dist\build\webpack\loaders\next-swc-loader.js??ruleSet[1].rules[15].oneOf[6].use[1]!D:\Jag\projects\aether-assist\node_modules\next\dist\shared\lib\hash.js|app-pages-browser
    Used by 2 module(s), i. e.
    javascript/auto|D:\Jag\projects\aether-assist\node_modules\next\dist\build\webpack\loaders\next-flight-client-module-loader.js!D:\Jag\projects\aether-assist\node_modules\next\dist\build\webpack\loaders\next-swc-loader.js??ruleSet[1].rules[15].oneOf[6].use[1]!D:\Jag\projects\aether-assist\node_modules\next\dist\client\components\router-reducer\set-cache-busting-search-param.js|app-pages-browser
* javascript/auto|D:\Jag\projects\aether-assist\node_modules\next\dist\build\webpack\loaders\next-flight-client-module-loader.js!D:\Jag\projects\aether-assist\node_modules\next\dist\build\webpack\loaders\next-swc-loader.js??ruleSet[1].rules[15].oneOf[6].use[1]!D:\jag\projects\aether-assist\node_modules\next\dist\shared\lib\hash.js|app-pages-browser
    Used by 2 module(s), i. e.
    javascript/auto|D:\Jag\projects\aether-assist\node_modules\next\dist\build\webpack\loaders\next-flight-client-module-loader.js!D:\Jag\projects\aether-assist\node_modules\next\dist\build\webpack\loaders\next-swc-loader.js??ruleSet[1].rules[15].oneOf[6].use[1]!D:\jag\projects\aether-assist\node_modules\next\dist\client\components\router-reducer\set-cache-busting-search-param.js|app-pages-browser
System.Management.Automation.RemoteException
Import trace for requested module:
./node_modules/next/dist/shared/lib/hash.js
./node_modules/next/dist/client/components/router-reducer/set-cache-busting-search-param.js
./node_modules/next/dist/client/components/router-reducer/fetch-server-response.js
./node_modules/next/dist/client/components/layout-router.js
System.Management.Automation.RemoteException
./node_modules/next/dist/shared/lib/hooks-client-context.shared-runtime.js
There are multiple modules with names that only differ in casing.
This can lead to unexpected behavior when compiling on a filesystem with other case-semantic.
Use equal casing. Compare these module identifiers:
* javascript/auto|D:\Jag\projects\aether-assist\node_modules\next\dist\build\webpack\loaders\next-flight-client-module-loader.js!D:\Jag\projects\aether-assist\node_modules\next\dist\build\webpack\loaders\next-swc-loader.js??ruleSet[1].rules[15].oneOf[6].use[1]!D:\Jag\projects\aether-assist\node_modules\next\dist\shared\lib\hooks-client-context.shared-runtime.js|app-pages-browser
    Used by 4 module(s), i. e.
    javascript/auto|D:\Jag\projects\aether-assist\node_modules\next\dist\build\webpack\loaders\next-flight-client-module-loader.js!D:\Jag\projects\aether-assist\node_modules\next\dist\build\webpack\loaders\next-swc-loader.js??ruleSet[1].rules[15].oneOf[6].use[1]!D:\Jag\projects\aether-assist\node_modules\next\dist\client\components\app-router.js|app-pages-browser
* javascript/auto|D:\Jag\projects\aether-assist\node_modules\next\dist\build\webpack\loaders\next-flight-client-module-loader.js!D:\Jag\projects\aether-assist\node_modules\next\dist\build\webpack\loaders\next-swc-loader.js??ruleSet[1].rules[15].oneOf[6].use[1]!D:\jag\projects\aether-assist\node_modules\next\dist\shared\lib\hooks-client-context.shared-runtime.js|app-pages-browser
    Used by 4 module(s), i. e.
    javascript/auto|D:\Jag\projects\aether-assist\node_modules\next\dist\build\webpack\loaders\next-flight-client-module-loader.js!D:\Jag\projects\aether-assist\node_modules\next\dist\build\webpack\loaders\next-swc-loader.js??ruleSet[1].rules[15].oneOf[6].use[1]!D:\jag\projects\aether-assist\node_modules\next\dist\client\components\app-router.js|app-pages-browser
System.Management.Automation.RemoteException
Import trace for requested module:
./node_modules/next/dist/shared/lib/hooks-client-context.shared-runtime.js
./node_modules/next/dist/client/components/app-router.js
System.Management.Automation.RemoteException
./node_modules/next/dist/shared/lib/is-thenable.js
There are multiple modules with names that only differ in casing.
This can lead to unexpected behavior when compiling on a filesystem with other case-semantic.
Use equal casing. Compare these module identifiers:
* javascript/auto|D:\Jag\projects\aether-assist\node_modules\next\dist\build\webpack\loaders\next-flight-client-module-loader.js!D:\Jag\projects\aether-assist\node_modules\next\dist\build\webpack\loaders\next-swc-loader.js??ruleSet[1].rules[15].oneOf[6].use[1]!D:\Jag\projects\aether-assist\node_modules\next\dist\shared\lib\is-thenable.js|app-pages-browser
    Used by 2 module(s), i. e.
    javascript/auto|D:\Jag\projects\aether-assist\node_modules\next\dist\build\webpack\loaders\next-flight-client-module-loader.js!D:\Jag\projects\aether-assist\node_modules\next\dist\build\webpack\loaders\next-swc-loader.js??ruleSet[1].rules[15].oneOf[6].use[1]!D:\Jag\projects\aether-assist\node_modules\next\dist\client\components\use-reducer.js|app-pages-browser
* javascript/auto|D:\Jag\projects\aether-assist\node_modules\next\dist\build\webpack\loaders\next-flight-client-module-loader.js!D:\Jag\projects\aether-assist\node_modules\next\dist\build\webpack\loaders\next-swc-loader.js??ruleSet[1].rules[15].oneOf[6].use[1]!D:\jag\projects\aether-assist\node_modules\next\dist\shared\lib\is-thenable.js|app-pages-browser
    Used by 2 module(s), i. e.
    javascript/auto|D:\Jag\projects\aether-assist\node_modules\next\dist\build\webpack\loaders\next-flight-client-module-loader.js!D:\Jag\projects\aether-assist\node_modules\next\dist\build\webpack\loaders\next-swc-loader.js??ruleSet[1].rules[15].oneOf[6].use[1]!D:\jag\projects\aether-assist\node_modules\next\dist\shared\lib\router\action-queue.js|app-pages-browser
System.Management.Automation.RemoteException
Import trace for requested module:
./node_modules/next/dist/shared/lib/is-thenable.js
./node_modules/next/dist/client/components/use-reducer.js
./node_modules/next/dist/client/components/app-router.js
System.Management.Automation.RemoteException
./node_modules/next/dist/shared/lib/lazy-dynamic/bailout-to-csr.js
There are multiple modules with names that only differ in casing.
This can lead to unexpected behavior when compiling on a filesystem with other case-semantic.
Use equal casing. Compare these module identifiers:
* javascript/auto|D:\Jag\projects\aether-assist\node_modules\next\dist\build\webpack\loaders\next-flight-client-module-loader.js!D:\Jag\projects\aether-assist\node_modules\next\dist\build\webpack\loaders\next-swc-loader.js??ruleSet[1].rules[15].oneOf[6].use[1]!D:\Jag\projects\aether-assist\node_modules\next\dist\shared\lib\lazy-dynamic\bailout-to-csr.js|app-pages-browser
    Used by 2 module(s), i. e.
    javascript/auto|D:\Jag\projects\aether-assist\node_modules\next\dist\build\webpack\loaders\next-flight-client-module-loader.js!D:\Jag\projects\aether-assist\node_modules\next\dist\build\webpack\loaders\next-swc-loader.js??ruleSet[1].rules[15].oneOf[6].use[1]!D:\Jag\projects\aether-assist\node_modules\next\dist\client\components\unstable-rethrow.browser.js|app-pages-browser
* javascript/auto|D:\Jag\projects\aether-assist\node_modules\next\dist\build\webpack\loaders\next-flight-client-module-loader.js!D:\Jag\projects\aether-assist\node_modules\next\dist\build\webpack\loaders\next-swc-loader.js??ruleSet[1].rules[15].oneOf[6].use[1]!D:\jag\projects\aether-assist\node_modules\next\dist\shared\lib\lazy-dynamic\bailout-to-csr.js|app-pages-browser
    Used by 6 module(s), i. e.
    javascript/auto|D:\Jag\projects\aether-assist\node_modules\next\dist\build\webpack\loaders\next-flight-client-module-loader.js!D:\Jag\projects\aether-assist\node_modules\next\dist\build\webpack\loaders\next-swc-loader.js??ruleSet[1].rules[15].oneOf[6].use[1]!D:\jag\projects\aether-assist\node_modules\next\dist\client\react-client-callbacks\on-recoverable-error.js|app-pages-browser
System.Management.Automation.RemoteException
Import trace for requested module:
./node_modules/next/dist/shared/lib/lazy-dynamic/bailout-to-csr.js
./node_modules/next/dist/client/components/unstable-rethrow.browser.js
./node_modules/next/dist/client/components/unstable-rethrow.js
./node_modules/next/dist/client/components/navigation.react-server.js
./node_modules/next/dist/client/components/navigation.js
./node_modules/next/dist/client/components/redirect-boundary.js
./node_modules/next/dist/client/components/layout-router.js
System.Management.Automation.RemoteException
./node_modules/next/dist/shared/lib/page-path/ensure-leading-slash.js
There are multiple modules with names that only differ in casing.
This can lead to unexpected behavior when compiling on a filesystem with other case-semantic.
Use equal casing. Compare these module identifiers:
* javascript/auto|D:\Jag\projects\aether-assist\node_modules\next\dist\build\webpack\loaders\next-flight-client-module-loader.js!D:\Jag\projects\aether-assist\node_modules\next\dist\build\webpack\loaders\next-swc-loader.js??ruleSet[1].rules[15].oneOf[6].use[1]!D:\Jag\projects\aether-assist\node_modules\next\dist\shared\lib\page-path\ensure-leading-slash.js|app-pages-browser
    Used by 1 module(s), i. e.
    javascript/auto|D:\Jag\projects\aether-assist\node_modules\next\dist\build\webpack\loaders\next-flight-client-module-loader.js!D:\Jag\projects\aether-assist\node_modules\next\dist\build\webpack\loaders\next-swc-loader.js??ruleSet[1].rules[15].oneOf[6].use[1]!D:\Jag\projects\aether-assist\node_modules\next\dist\shared\lib\router\utils\app-paths.js|app-pages-browser
* javascript/auto|D:\Jag\projects\aether-assist\node_modules\next\dist\build\webpack\loaders\next-flight-client-module-loader.js!D:\Jag\projects\aether-assist\node_modules\next\dist\build\webpack\loaders\next-swc-loader.js??ruleSet[1].rules[15].oneOf[6].use[1]!D:\jag\projects\aether-assist\node_modules\next\dist\shared\lib\page-path\ensure-leading-slash.js|app-pages-browser
    Used by 1 module(s), i. e.
    javascript/auto|D:\Jag\projects\aether-assist\node_modules\next\dist\build\webpack\loaders\next-flight-client-module-loader.js!D:\Jag\projects\aether-assist\node_modules\next\dist\build\webpack\loaders\next-swc-loader.js??ruleSet[1].rules[15].oneOf[6].use[1]!D:\jag\projects\aether-assist\node_modules\next\dist\shared\lib\router\utils\app-paths.js|app-pages-browser
System.Management.Automation.RemoteException
Import trace for requested module:
./node_modules/next/dist/shared/lib/page-path/ensure-leading-slash.js
./node_modules/next/dist/shared/lib/router/utils/app-paths.js
./node_modules/next/dist/shared/lib/router/utils/interception-routes.js
./node_modules/next/dist/client/components/router-reducer/reducers/has-interception-route-in-current-tree.js
./node_modules/next/dist/client/components/layout-router.js
System.Management.Automation.RemoteException
./node_modules/next/dist/shared/lib/router/action-queue.js
There are multiple modules with names that only differ in casing.
This can lead to unexpected behavior when compiling on a filesystem with other case-semantic.
Use equal casing. Compare these module identifiers:
* javascript/auto|D:\Jag\projects\aether-assist\node_modules\next\dist\build\webpack\loaders\next-flight-client-module-loader.js!D:\Jag\projects\aether-assist\node_modules\next\dist\build\webpack\loaders\next-swc-loader.js??ruleSet[1].rules[15].oneOf[6].use[1]!D:\Jag\projects\aether-assist\node_modules\next\dist\shared\lib\router\action-queue.js|app-pages-browser
    Used by 2 module(s), i. e.
    javascript/auto|D:\Jag\projects\aether-assist\node_modules\next\dist\build\webpack\loaders\next-flight-client-module-loader.js!D:\Jag\projects\aether-assist\node_modules\next\dist\build\webpack\loaders\next-swc-loader.js??ruleSet[1].rules[15].oneOf[6].use[1]!D:\Jag\projects\aether-assist\node_modules\next\dist\client\components\links.js|app-pages-browser
* javascript/auto|D:\Jag\projects\aether-assist\node_modules\next\dist\build\webpack\loaders\next-flight-client-module-loader.js!D:\Jag\projects\aether-assist\node_modules\next\dist\build\webpack\loaders\next-swc-loader.js??ruleSet[1].rules[15].oneOf[6].use[1]!D:\jag\projects\aether-assist\node_modules\next\dist\shared\lib\router\action-queue.js|app-pages-browser
    Used by 3 module(s), i. e.
    javascript/auto|D:\Jag\projects\aether-assist\node_modules\next\dist\build\webpack\loaders\next-flight-client-module-loader.js!D:\Jag\projects\aether-assist\node_modules\next\dist\build\webpack\loaders\next-swc-loader.js??ruleSet[1].rules[15].oneOf[6].use[1]!D:\jag\projects\aether-assist\node_modules\next\dist\client\app-index.js|app-pages-browser
System.Management.Automation.RemoteException
Import trace for requested module:
./node_modules/next/dist/shared/lib/router/action-queue.js
./node_modules/next/dist/client/components/links.js
./node_modules/next/dist/client/components/app-router.js
System.Management.Automation.RemoteException
./node_modules/next/dist/shared/lib/router/utils/add-path-prefix.js
There are multiple modules with names that only differ in casing.
This can lead to unexpected behavior when compiling on a filesystem with other case-semantic.
Use equal casing. Compare these module identifiers:
* javascript/auto|D:\Jag\projects\aether-assist\node_modules\next\dist\build\webpack\loaders\next-flight-client-module-loader.js!D:\Jag\projects\aether-assist\node_modules\next\dist\build\webpack\loaders\next-swc-loader.js??ruleSet[1].rules[15].oneOf[6].use[1]!D:\Jag\projects\aether-assist\node_modules\next\dist\shared\lib\router\utils\add-path-prefix.js|app-pages-browser
    Used by 1 module(s), i. e.
    javascript/auto|D:\Jag\projects\aether-assist\node_modules\next\dist\build\webpack\loaders\next-flight-client-module-loader.js!D:\Jag\projects\aether-assist\node_modules\next\dist\build\webpack\loaders\next-swc-loader.js??ruleSet[1].rules[15].oneOf[6].use[1]!D:\Jag\projects\aether-assist\node_modules\next\dist\client\add-base-path.js|app-pages-browser
* javascript/auto|D:\Jag\projects\aether-assist\node_modules\next\dist\build\webpack\loaders\next-flight-client-module-loader.js!D:\Jag\projects\aether-assist\node_modules\next\dist\build\webpack\loaders\next-swc-loader.js??ruleSet[1].rules[15].oneOf[6].use[1]!D:\jag\projects\aether-assist\node_modules\next\dist\shared\lib\router\utils\add-path-prefix.js|app-pages-browser
    Used by 1 module(s), i. e.
    javascript/auto|D:\Jag\projects\aether-assist\node_modules\next\dist\build\webpack\loaders\next-flight-client-module-loader.js!D:\Jag\projects\aether-assist\node_modules\next\dist\build\webpack\loaders\next-swc-loader.js??ruleSet[1].rules[15].oneOf[6].use[1]!D:\jag\projects\aether-assist\node_modules\next\dist\client\add-base-path.js|app-pages-browser
System.Management.Automation.RemoteException
Import trace for requested module:
./node_modules/next/dist/shared/lib/router/utils/add-path-prefix.js
./node_modules/next/dist/client/add-base-path.js
./node_modules/next/dist/client/components/app-router.js
System.Management.Automation.RemoteException
./node_modules/next/dist/shared/lib/router/utils/app-paths.js
There are multiple modules with names that only differ in casing.
This can lead to unexpected behavior when compiling on a filesystem with other case-semantic.
Use equal casing. Compare these module identifiers:
* javascript/auto|D:\Jag\projects\aether-assist\node_modules\next\dist\build\webpack\loaders\next-flight-client-module-loader.js!D:\Jag\projects\aether-assist\node_modules\next\dist\build\webpack\loaders\next-swc-loader.js??ruleSet[1].rules[15].oneOf[6].use[1]!D:\Jag\projects\aether-assist\node_modules\next\dist\shared\lib\router\utils\app-paths.js|app-pages-browser
    Used by 2 module(s), i. e.
    javascript/auto|D:\Jag\projects\aether-assist\node_modules\next\dist\build\webpack\loaders\next-flight-client-module-loader.js!D:\Jag\projects\aether-assist\node_modules\next\dist\build\webpack\loaders\next-swc-loader.js??ruleSet[1].rules[15].oneOf[6].use[1]!D:\Jag\projects\aether-assist\node_modules\next\dist\shared\lib\router\utils\interception-routes.js|app-pages-browser
* javascript/auto|D:\Jag\projects\aether-assist\node_modules\next\dist\build\webpack\loaders\next-flight-client-module-loader.js!D:\Jag\projects\aether-assist\node_modules\next\dist\build\webpack\loaders\next-swc-loader.js??ruleSet[1].rules[15].oneOf[6].use[1]!D:\jag\projects\aether-assist\node_modules\next\dist\shared\lib\router\utils\app-paths.js|app-pages-browser
    Used by 2 module(s), i. e.
    javascript/auto|D:\Jag\projects\aether-assist\node_modules\next\dist\build\webpack\loaders\next-flight-client-module-loader.js!D:\Jag\projects\aether-assist\node_modules\next\dist\build\webpack\loaders\next-swc-loader.js??ruleSet[1].rules[15].oneOf[6].use[1]!D:\jag\projects\aether-assist\node_modules\next\dist\shared\lib\router\utils\interception-routes.js|app-pages-browser
System.Management.Automation.RemoteException
Import trace for requested module:
./node_modules/next/dist/shared/lib/router/utils/app-paths.js
./node_modules/next/dist/shared/lib/router/utils/interception-routes.js
./node_modules/next/dist/client/components/router-reducer/reducers/has-interception-route-in-current-tree.js
./node_modules/next/dist/client/components/layout-router.js
System.Management.Automation.RemoteException
./node_modules/next/dist/shared/lib/router/utils/html-bots.js
There are multiple modules with names that only differ in casing.
This can lead to unexpected behavior when compiling on a filesystem with other case-semantic.
Use equal casing. Compare these module identifiers:
* javascript/auto|D:\Jag\projects\aether-assist\node_modules\next\dist\build\webpack\loaders\next-flight-client-module-loader.js!D:\Jag\projects\aether-assist\node_modules\next\dist\build\webpack\loaders\next-swc-loader.js??ruleSet[1].rules[15].oneOf[6].use[1]!D:\Jag\projects\aether-assist\node_modules\next\dist\shared\lib\router\utils\html-bots.js|app-pages-browser
    Used by 1 module(s), i. e.
    javascript/auto|D:\Jag\projects\aether-assist\node_modules\next\dist\build\webpack\loaders\next-flight-client-module-loader.js!D:\Jag\projects\aether-assist\node_modules\next\dist\build\webpack\loaders\next-swc-loader.js??ruleSet[1].rules[15].oneOf[6].use[1]!D:\Jag\projects\aether-assist\node_modules\next\dist\shared\lib\router\utils\is-bot.js|app-pages-browser
* javascript/auto|D:\Jag\projects\aether-assist\node_modules\next\dist\build\webpack\loaders\next-flight-client-module-loader.js!D:\Jag\projects\aether-assist\node_modules\next\dist\build\webpack\loaders\next-swc-loader.js??ruleSet[1].rules[15].oneOf[6].use[1]!D:\jag\projects\aether-assist\node_modules\next\dist\shared\lib\router\utils\html-bots.js|app-pages-browser
    Used by 1 module(s), i. e.
    javascript/auto|D:\Jag\projects\aether-assist\node_modules\next\dist\build\webpack\loaders\next-flight-client-module-loader.js!D:\Jag\projects\aether-assist\node_modules\next\dist\build\webpack\loaders\next-swc-loader.js??ruleSet[1].rules[15].oneOf[6].use[1]!D:\jag\projects\aether-assist\node_modules\next\dist\shared\lib\router\utils\is-bot.js|app-pages-browser
System.Management.Automation.RemoteException
Import trace for requested module:
./node_modules/next/dist/shared/lib/router/utils/html-bots.js
./node_modules/next/dist/shared/lib/router/utils/is-bot.js
./node_modules/next/dist/client/components/app-router.js
System.Management.Automation.RemoteException
./node_modules/next/dist/shared/lib/router/utils/interception-routes.js
There are multiple modules with names that only differ in casing.
This can lead to unexpected behavior when compiling on a filesystem with other case-semantic.
Use equal casing. Compare these module identifiers:
* javascript/auto|D:\Jag\projects\aether-assist\node_modules\next\dist\build\webpack\loaders\next-flight-client-module-loader.js!D:\Jag\projects\aether-assist\node_modules\next\dist\build\webpack\loaders\next-swc-loader.js??ruleSet[1].rules[15].oneOf[6].use[1]!D:\Jag\projects\aether-assist\node_modules\next\dist\shared\lib\router\utils\interception-routes.js|app-pages-browser
    Used by 3 module(s), i. e.
    javascript/auto|D:\Jag\projects\aether-assist\node_modules\next\dist\build\webpack\loaders\next-flight-client-module-loader.js!D:\Jag\projects\aether-assist\node_modules\next\dist\build\webpack\loaders\next-swc-loader.js??ruleSet[1].rules[15].oneOf[6].use[1]!D:\Jag\projects\aether-assist\node_modules\next\dist\client\components\router-reducer\reducers\has-interception-route-in-current-tree.js|app-pages-browser
* javascript/auto|D:\Jag\projects\aether-assist\node_modules\next\dist\build\webpack\loaders\next-flight-client-module-loader.js!D:\Jag\projects\aether-assist\node_modules\next\dist\build\webpack\loaders\next-swc-loader.js??ruleSet[1].rules[15].oneOf[6].use[1]!D:\jag\projects\aether-assist\node_modules\next\dist\shared\lib\router\utils\interception-routes.js|app-pages-browser
    Used by 3 module(s), i. e.
    javascript/auto|D:\Jag\projects\aether-assist\node_modules\next\dist\build\webpack\loaders\next-flight-client-module-loader.js!D:\Jag\projects\aether-assist\node_modules\next\dist\build\webpack\loaders\next-swc-loader.js??ruleSet[1].rules[15].oneOf[6].use[1]!D:\jag\projects\aether-assist\node_modules\next\dist\client\components\router-reducer\compute-changed-path.js|app-pages-browser
System.Management.Automation.RemoteException
Import trace for requested module:
./node_modules/next/dist/shared/lib/router/utils/interception-routes.js
./node_modules/next/dist/client/components/router-reducer/reducers/has-interception-route-in-current-tree.js
./node_modules/next/dist/client/components/layout-router.js
System.Management.Automation.RemoteException
./node_modules/next/dist/shared/lib/router/utils/is-bot.js
There are multiple modules with names that only differ in casing.
This can lead to unexpected behavior when compiling on a filesystem with other case-semantic.
Use equal casing. Compare these module identifiers:
* javascript/auto|D:\Jag\projects\aether-assist\node_modules\next\dist\build\webpack\loaders\next-flight-client-module-loader.js!D:\Jag\projects\aether-assist\node_modules\next\dist\build\webpack\loaders\next-swc-loader.js??ruleSet[1].rules[15].oneOf[6].use[1]!D:\Jag\projects\aether-assist\node_modules\next\dist\shared\lib\router\utils\is-bot.js|app-pages-browser
    Used by 2 module(s), i. e.
    javascript/auto|D:\Jag\projects\aether-assist\node_modules\next\dist\build\webpack\loaders\next-flight-client-module-loader.js!D:\Jag\projects\aether-assist\node_modules\next\dist\build\webpack\loaders\next-swc-loader.js??ruleSet[1].rules[15].oneOf[6].use[1]!D:\Jag\projects\aether-assist\node_modules\next\dist\client\components\app-router.js|app-pages-browser
* javascript/auto|D:\Jag\projects\aether-assist\node_modules\next\dist\build\webpack\loaders\next-flight-client-module-loader.js!D:\Jag\projects\aether-assist\node_modules\next\dist\build\webpack\loaders\next-swc-loader.js??ruleSet[1].rules[15].oneOf[6].use[1]!D:\jag\projects\aether-assist\node_modules\next\dist\shared\lib\router\utils\is-bot.js|app-pages-browser
    Used by 2 module(s), i. e.
    javascript/auto|D:\Jag\projects\aether-assist\node_modules\next\dist\build\webpack\loaders\next-flight-client-module-loader.js!D:\Jag\projects\aether-assist\node_modules\next\dist\build\webpack\loaders\next-swc-loader.js??ruleSet[1].rules[15].oneOf[6].use[1]!D:\jag\projects\aether-assist\node_modules\next\dist\client\components\app-router.js|app-pages-browser
System.Management.Automation.RemoteException
Import trace for requested module:
./node_modules/next/dist/shared/lib/router/utils/is-bot.js
./node_modules/next/dist/client/components/app-router.js
System.Management.Automation.RemoteException
./node_modules/next/dist/shared/lib/router/utils/parse-path.js
There are multiple modules with names that only differ in casing.
This can lead to unexpected behavior when compiling on a filesystem with other case-semantic.
Use equal casing. Compare these module identifiers:
* javascript/auto|D:\Jag\projects\aether-assist\node_modules\next\dist\build\webpack\loaders\next-flight-client-module-loader.js!D:\Jag\projects\aether-assist\node_modules\next\dist\build\webpack\loaders\next-swc-loader.js??ruleSet[1].rules[15].oneOf[6].use[1]!D:\Jag\projects\aether-assist\node_modules\next\dist\shared\lib\router\utils\parse-path.js|app-pages-browser
    Used by 3 module(s), i. e.
    javascript/auto|D:\Jag\projects\aether-assist\node_modules\next\dist\build\webpack\loaders\next-flight-client-module-loader.js!D:\Jag\projects\aether-assist\node_modules\next\dist\build\webpack\loaders\next-swc-loader.js??ruleSet[1].rules[15].oneOf[6].use[1]!D:\Jag\projects\aether-assist\node_modules\next\dist\shared\lib\router\utils\add-path-prefix.js|app-pages-browser
* javascript/auto|D:\Jag\projects\aether-assist\node_modules\next\dist\build\webpack\loaders\next-flight-client-module-loader.js!D:\Jag\projects\aether-assist\node_modules\next\dist\build\webpack\loaders\next-swc-loader.js??ruleSet[1].rules[15].oneOf[6].use[1]!D:\jag\projects\aether-assist\node_modules\next\dist\shared\lib\router\utils\parse-path.js|app-pages-browser
    Used by 3 module(s), i. e.
    javascript/auto|D:\Jag\projects\aether-assist\node_modules\next\dist\build\webpack\loaders\next-flight-client-module-loader.js!D:\Jag\projects\aether-assist\node_modules\next\dist\build\webpack\loaders\next-swc-loader.js??ruleSet[1].rules[15].oneOf[6].use[1]!D:\jag\projects\aether-assist\node_modules\next\dist\shared\lib\router\utils\add-path-prefix.js|app-pages-browser
System.Management.Automation.RemoteException
Import trace for requested module:
./node_modules/next/dist/shared/lib/router/utils/parse-path.js
./node_modules/next/dist/shared/lib/router/utils/add-path-prefix.js
./node_modules/next/dist/client/add-base-path.js
./node_modules/next/dist/client/components/app-router.js
System.Management.Automation.RemoteException
./node_modules/next/dist/shared/lib/router/utils/path-has-prefix.js
There are multiple modules with names that only differ in casing.
This can lead to unexpected behavior when compiling on a filesystem with other case-semantic.
Use equal casing. Compare these module identifiers:
* javascript/auto|D:\Jag\projects\aether-assist\node_modules\next\dist\build\webpack\loaders\next-flight-client-module-loader.js!D:\Jag\projects\aether-assist\node_modules\next\dist\build\webpack\loaders\next-swc-loader.js??ruleSet[1].rules[15].oneOf[6].use[1]!D:\Jag\projects\aether-assist\node_modules\next\dist\shared\lib\router\utils\path-has-prefix.js|app-pages-browser
    Used by 1 module(s), i. e.
    javascript/auto|D:\Jag\projects\aether-assist\node_modules\next\dist\build\webpack\loaders\next-flight-client-module-loader.js!D:\Jag\projects\aether-assist\node_modules\next\dist\build\webpack\loaders\next-swc-loader.js??ruleSet[1].rules[15].oneOf[6].use[1]!D:\Jag\projects\aether-assist\node_modules\next\dist\client\has-base-path.js|app-pages-browser
* javascript/auto|D:\Jag\projects\aether-assist\node_modules\next\dist\build\webpack\loaders\next-flight-client-module-loader.js!D:\Jag\projects\aether-assist\node_modules\next\dist\build\webpack\loaders\next-swc-loader.js??ruleSet[1].rules[15].oneOf[6].use[1]!D:\jag\projects\aether-assist\node_modules\next\dist\shared\lib\router\utils\path-has-prefix.js|app-pages-browser
    Used by 1 module(s), i. e.
    javascript/auto|D:\Jag\projects\aether-assist\node_modules\next\dist\build\webpack\loaders\next-flight-client-module-loader.js!D:\Jag\projects\aether-assist\node_modules\next\dist\build\webpack\loaders\next-swc-loader.js??ruleSet[1].rules[15].oneOf[6].use[1]!D:\jag\projects\aether-assist\node_modules\next\dist\client\has-base-path.js|app-pages-browser
System.Management.Automation.RemoteException
Import trace for requested module:
./node_modules/next/dist/shared/lib/router/utils/path-has-prefix.js
./node_modules/next/dist/client/has-base-path.js
./node_modules/next/dist/client/components/app-router.js
System.Management.Automation.RemoteException
./node_modules/next/dist/shared/lib/router/utils/remove-trailing-slash.js
There are multiple modules with names that only differ in casing.
This can lead to unexpected behavior when compiling on a filesystem with other case-semantic.
Use equal casing. Compare these module identifiers:
* javascript/auto|D:\Jag\projects\aether-assist\node_modules\next\dist\build\webpack\loaders\next-flight-client-module-loader.js!D:\Jag\projects\aether-assist\node_modules\next\dist\build\webpack\loaders\next-swc-loader.js??ruleSet[1].rules[15].oneOf[6].use[1]!D:\Jag\projects\aether-assist\node_modules\next\dist\shared\lib\router\utils\remove-trailing-slash.js|app-pages-browser
    Used by 1 module(s), i. e.
    javascript/auto|D:\Jag\projects\aether-assist\node_modules\next\dist\build\webpack\loaders\next-flight-client-module-loader.js!D:\Jag\projects\aether-assist\node_modules\next\dist\build\webpack\loaders\next-swc-loader.js??ruleSet[1].rules[15].oneOf[6].use[1]!D:\Jag\projects\aether-assist\node_modules\next\dist\client\normalize-trailing-slash.js|app-pages-browser
* javascript/auto|D:\Jag\projects\aether-assist\node_modules\next\dist\build\webpack\loaders\next-flight-client-module-loader.js!D:\Jag\projects\aether-assist\node_modules\next\dist\build\webpack\loaders\next-swc-loader.js??ruleSet[1].rules[15].oneOf[6].use[1]!D:\jag\projects\aether-assist\node_modules\next\dist\shared\lib\router\utils\remove-trailing-slash.js|app-pages-browser
    Used by 1 module(s), i. e.
    javascript/auto|D:\Jag\projects\aether-assist\node_modules\next\dist\build\webpack\loaders\next-flight-client-module-loader.js!D:\Jag\projects\aether-assist\node_modules\next\dist\build\webpack\loaders\next-swc-loader.js??ruleSet[1].rules[15].oneOf[6].use[1]!D:\jag\projects\aether-assist\node_modules\next\dist\client\normalize-trailing-slash.js|app-pages-browser
System.Management.Automation.RemoteException
Import trace for requested module:
./node_modules/next/dist/shared/lib/router/utils/remove-trailing-slash.js
./node_modules/next/dist/client/normalize-trailing-slash.js
./node_modules/next/dist/client/add-base-path.js
./node_modules/next/dist/client/components/app-router.js
System.Management.Automation.RemoteException
./node_modules/next/dist/shared/lib/segment.js
There are multiple modules with names that only differ in casing.
This can lead to unexpected behavior when compiling on a filesystem with other case-semantic.
Use equal casing. Compare these module identifiers:
* javascript/auto|D:\Jag\projects\aether-assist\node_modules\next\dist\build\webpack\loaders\next-flight-client-module-loader.js!D:\Jag\projects\aether-assist\node_modules\next\dist\build\webpack\loaders\next-swc-loader.js??ruleSet[1].rules[15].oneOf[6].use[1]!D:\Jag\projects\aether-assist\node_modules\next\dist\shared\lib\segment.js|app-pages-browser
    Used by 11 module(s), i. e.
    javascript/auto|D:\Jag\projects\aether-assist\node_modules\next\dist\build\webpack\loaders\next-flight-client-module-loader.js!D:\Jag\projects\aether-assist\node_modules\next\dist\build\webpack\loaders\next-swc-loader.js??ruleSet[1].rules[15].oneOf[6].use[1]!D:\Jag\projects\aether-assist\node_modules\next\dist\client\components\router-reducer\create-router-cache-key.js|app-pages-browser
* javascript/auto|D:\Jag\projects\aether-assist\node_modules\next\dist\build\webpack\loaders\next-flight-client-module-loader.js!D:\Jag\projects\aether-assist\node_modules\next\dist\build\webpack\loaders\next-swc-loader.js??ruleSet[1].rules[15].oneOf[6].use[1]!D:\jag\projects\aether-assist\node_modules\next\dist\shared\lib\segment.js|app-pages-browser
    Used by 11 module(s), i. e.
    javascript/auto|D:\Jag\projects\aether-assist\node_modules\next\dist\build\webpack\loaders\next-flight-client-module-loader.js!D:\Jag\projects\aether-assist\node_modules\next\dist\build\webpack\loaders\next-swc-loader.js??ruleSet[1].rules[15].oneOf[6].use[1]!D:\jag\projects\aether-assist\node_modules\next\dist\client\components\router-reducer\compute-changed-path.js|app-pages-browser
System.Management.Automation.RemoteException
Import trace for requested module:
./node_modules/next/dist/shared/lib/segment.js
./node_modules/next/dist/client/components/router-reducer/create-router-cache-key.js
./node_modules/next/dist/client/components/layout-router.js
System.Management.Automation.RemoteException
./node_modules/next/dist/shared/lib/server-inserted-html.shared-runtime.js
There are multiple modules with names that only differ in casing.
This can lead to unexpected behavior when compiling on a filesystem with other case-semantic.
Use equal casing. Compare these module identifiers:
* javascript/auto|D:\Jag\projects\aether-assist\node_modules\next\dist\build\webpack\loaders\next-flight-client-module-loader.js!D:\Jag\projects\aether-assist\node_modules\next\dist\build\webpack\loaders\next-swc-loader.js??ruleSet[1].rules[15].oneOf[6].use[1]!D:\Jag\projects\aether-assist\node_modules\next\dist\shared\lib\server-inserted-html.shared-runtime.js|app-pages-browser
    Used by 2 module(s), i. e.
    javascript/auto|D:\Jag\projects\aether-assist\node_modules\next\dist\build\webpack\loaders\next-flight-client-module-loader.js!D:\Jag\projects\aether-assist\node_modules\next\dist\build\webpack\loaders\next-swc-loader.js??ruleSet[1].rules[15].oneOf[6].use[1]!D:\Jag\projects\aether-assist\node_modules\next\dist\client\components\navigation.js|app-pages-browser
* javascript/auto|D:\Jag\projects\aether-assist\node_modules\next\dist\build\webpack\loaders\next-flight-client-module-loader.js!D:\Jag\projects\aether-assist\node_modules\next\dist\build\webpack\loaders\next-swc-loader.js??ruleSet[1].rules[15].oneOf[6].use[1]!D:\jag\projects\aether-assist\node_modules\next\dist\shared\lib\server-inserted-html.shared-runtime.js|app-pages-browser
    Used by 2 module(s), i. e.
    javascript/auto|D:\Jag\projects\aether-assist\node_modules\next\dist\build\webpack\loaders\next-flight-client-module-loader.js!D:\Jag\projects\aether-assist\node_modules\next\dist\build\webpack\loaders\next-swc-loader.js??ruleSet[1].rules[15].oneOf[6].use[1]!D:\jag\projects\aether-assist\node_modules\next\dist\client\components\navigation.js|app-pages-browser
System.Management.Automation.RemoteException
Import trace for requested module:
./node_modules/next/dist/shared/lib/server-inserted-html.shared-runtime.js
./node_modules/next/dist/client/components/navigation.js
./node_modules/next/dist/client/components/redirect-boundary.js
./node_modules/next/dist/client/components/layout-router.js
System.Management.Automation.RemoteException
./node_modules/next/dist/shared/lib/server-reference-info.js
There are multiple modules with names that only differ in casing.
This can lead to unexpected behavior when compiling on a filesystem with other case-semantic.
Use equal casing. Compare these module identifiers:
* javascript/auto|D:\Jag\projects\aether-assist\node_modules\next\dist\build\webpack\loaders\next-flight-client-module-loader.js!D:\Jag\projects\aether-assist\node_modules\next\dist\build\webpack\loaders\next-swc-loader.js??ruleSet[1].rules[15].oneOf[6].use[1]!D:\Jag\projects\aether-assist\node_modules\next\dist\shared\lib\server-reference-info.js|app-pages-browser
    Used by 2 module(s), i. e.
    javascript/auto|D:\Jag\projects\aether-assist\node_modules\next\dist\build\webpack\loaders\next-flight-client-module-loader.js!D:\Jag\projects\aether-assist\node_modules\next\dist\build\webpack\loaders\next-swc-loader.js??ruleSet[1].rules[15].oneOf[6].use[1]!D:\Jag\projects\aether-assist\node_modules\next\dist\client\components\router-reducer\reducers\server-action-reducer.js|app-pages-browser
* javascript/auto|D:\Jag\projects\aether-assist\node_modules\next\dist\build\webpack\loaders\next-flight-client-module-loader.js!D:\Jag\projects\aether-assist\node_modules\next\dist\build\webpack\loaders\next-swc-loader.js??ruleSet[1].rules[15].oneOf[6].use[1]!D:\jag\projects\aether-assist\node_modules\next\dist\shared\lib\server-reference-info.js|app-pages-browser
    Used by 2 module(s), i. e.
    javascript/auto|D:\Jag\projects\aether-assist\node_modules\next\dist\build\webpack\loaders\next-flight-client-module-loader.js!D:\Jag\projects\aether-assist\node_modules\next\dist\build\webpack\loaders\next-swc-loader.js??ruleSet[1].rules[15].oneOf[6].use[1]!D:\jag\projects\aether-assist\node_modules\next\dist\client\components\router-reducer\reducers\server-action-reducer.js|app-pages-browser
System.Management.Automation.RemoteException
Import trace for requested module:
./node_modules/next/dist/shared/lib/server-reference-info.js
./node_modules/next/dist/client/components/router-reducer/reducers/server-action-reducer.js
./node_modules/next/dist/client/components/router-reducer/router-reducer.js
./node_modules/next/dist/shared/lib/router/action-queue.js
./node_modules/next/dist/client/components/links.js
./node_modules/next/dist/client/components/app-router.js
System.Management.Automation.RemoteException
./node_modules/next/dist/client/add-base-path.js
There are multiple modules with names that only differ in casing.
This can lead to unexpected behavior when compiling on a filesystem with other case-semantic.
Use equal casing. Compare these module identifiers:
* javascript/auto|D:\Jag\projects\aether-assist\node_modules\next\dist\build\webpack\loaders\next-swc-loader.js??ruleSet[1].rules[15].oneOf[8].use[0]!D:\Jag\projects\aether-assist\node_modules\next\dist\client\add-base-path.js|pages-dir-browser
    Used by 2 module(s), i. e.
    javascript/auto|D:\Jag\projects\aether-assist\node_modules\next\dist\build\webpack\loaders\next-swc-loader.js??ruleSet[1].rules[15].oneOf[8].use[0]!D:\Jag\projects\aether-assist\node_modules\next\dist\shared\lib\router\router.js|pages-dir-browser
* javascript/auto|D:\Jag\projects\aether-assist\node_modules\next\dist\build\webpack\loaders\next-swc-loader.js??ruleSet[1].rules[15].oneOf[8].use[0]!D:\jag\projects\aether-assist\node_modules\next\dist\client\add-base-path.js|pages-dir-browser
    Used by 3 module(s), i. e.
    javascript/auto|D:\Jag\projects\aether-assist\node_modules\next\dist\build\webpack\loaders\next-swc-loader.js??ruleSet[1].rules[15].oneOf[8].use[0]!D:\jag\projects\aether-assist\node_modules\next\dist\client\page-loader.js|pages-dir-browser
System.Management.Automation.RemoteException
Import trace for requested module:
./node_modules/next/dist/client/add-base-path.js
./node_modules/next/dist/shared/lib/router/router.js
System.Management.Automation.RemoteException
./node_modules/next/dist/client/add-locale.js
There are multiple modules with names that only differ in casing.
This can lead to unexpected behavior when compiling on a filesystem with other case-semantic.
Use equal casing. Compare these module identifiers:
* javascript/auto|D:\Jag\projects\aether-assist\node_modules\next\dist\build\webpack\loaders\next-swc-loader.js??ruleSet[1].rules[15].oneOf[8].use[0]!D:\Jag\projects\aether-assist\node_modules\next\dist\client\add-locale.js|pages-dir-browser
    Used by 2 module(s), i. e.
    javascript/auto|D:\Jag\projects\aether-assist\node_modules\next\dist\build\webpack\loaders\next-swc-loader.js??ruleSet[1].rules[15].oneOf[8].use[0]!D:\Jag\projects\aether-assist\node_modules\next\dist\shared\lib\router\router.js|pages-dir-browser
* javascript/auto|D:\Jag\projects\aether-assist\node_modules\next\dist\build\webpack\loaders\next-swc-loader.js??ruleSet[1].rules[15].oneOf[8].use[0]!D:\jag\projects\aether-assist\node_modules\next\dist\client\add-locale.js|pages-dir-browser
    Used by 3 module(s), i. e.
    javascript/auto|D:\Jag\projects\aether-assist\node_modules\next\dist\build\webpack\loaders\next-swc-loader.js??ruleSet[1].rules[15].oneOf[8].use[0]!D:\jag\projects\aether-assist\node_modules\next\dist\client\page-loader.js|pages-dir-browser
System.Management.Automation.RemoteException
Import trace for requested module:
./node_modules/next/dist/client/add-locale.js
./node_modules/next/dist/shared/lib/router/router.js
System.Management.Automation.RemoteException
./node_modules/next/dist/client/detect-domain-locale.js
There are multiple modules with names that only differ in casing.
This can lead to unexpected behavior when compiling on a filesystem with other case-semantic.
Use equal casing. Compare these module identifiers:
* javascript/auto|D:\Jag\projects\aether-assist\node_modules\next\dist\build\webpack\loaders\next-swc-loader.js??ruleSet[1].rules[15].oneOf[8].use[0]!D:\Jag\projects\aether-assist\node_modules\next\dist\client\detect-domain-locale.js|pages-dir-browser
    Used by 2 module(s), i. e.
    javascript/auto|D:\Jag\projects\aether-assist\node_modules\next\dist\build\webpack\loaders\next-swc-loader.js??ruleSet[1].rules[15].oneOf[8].use[0]!D:\Jag\projects\aether-assist\node_modules\next\dist\shared\lib\router\router.js|pages-dir-browser
* javascript/auto|D:\Jag\projects\aether-assist\node_modules\next\dist\build\webpack\loaders\next-swc-loader.js??ruleSet[1].rules[15].oneOf[8].use[0]!D:\jag\projects\aether-assist\node_modules\next\dist\client\detect-domain-locale.js|pages-dir-browser
    Used by 2 module(s), i. e.
    javascript/auto|D:\Jag\projects\aether-assist\node_modules\next\dist\build\webpack\loaders\next-swc-loader.js??ruleSet[1].rules[15].oneOf[8].use[0]!D:\jag\projects\aether-assist\node_modules\next\dist\shared\lib\router\router.js|pages-dir-browser
System.Management.Automation.RemoteException
Import trace for requested module:
./node_modules/next/dist/client/detect-domain-locale.js
./node_modules/next/dist/shared/lib/router/router.js
System.Management.Automation.RemoteException
./node_modules/next/dist/client/has-base-path.js
There are multiple modules with names that only differ in casing.
This can lead to unexpected behavior when compiling on a filesystem with other case-semantic.
Use equal casing. Compare these module identifiers:
* javascript/auto|D:\Jag\projects\aether-assist\node_modules\next\dist\build\webpack\loaders\next-swc-loader.js??ruleSet[1].rules[15].oneOf[8].use[0]!D:\Jag\projects\aether-assist\node_modules\next\dist\client\has-base-path.js|pages-dir-browser
    Used by 4 module(s), i. e.
    javascript/auto|D:\Jag\projects\aether-assist\node_modules\next\dist\build\webpack\loaders\next-swc-loader.js??ruleSet[1].rules[15].oneOf[8].use[0]!D:\Jag\projects\aether-assist\node_modules\next\dist\shared\lib\router\router.js|pages-dir-browser
* javascript/auto|D:\Jag\projects\aether-assist\node_modules\next\dist\build\webpack\loaders\next-swc-loader.js??ruleSet[1].rules[15].oneOf[8].use[0]!D:\jag\projects\aether-assist\node_modules\next\dist\client\has-base-path.js|pages-dir-browser
    Used by 5 module(s), i. e.
    javascript/auto|D:\Jag\projects\aether-assist\node_modules\next\dist\build\webpack\loaders\next-swc-loader.js??ruleSet[1].rules[15].oneOf[8].use[0]!D:\jag\projects\aether-assist\node_modules\next\dist\client\index.js|pages-dir-browser
System.Management.Automation.RemoteException
Import trace for requested module:
./node_modules/next/dist/client/has-base-path.js
./node_modules/next/dist/shared/lib/router/router.js
System.Management.Automation.RemoteException
./node_modules/next/dist/client/normalize-trailing-slash.js
There are multiple modules with names that only differ in casing.
This can lead to unexpected behavior when compiling on a filesystem with other case-semantic.
Use equal casing. Compare these module identifiers:
* javascript/auto|D:\Jag\projects\aether-assist\node_modules\next\dist\build\webpack\loaders\next-swc-loader.js??ruleSet[1].rules[15].oneOf[8].use[0]!D:\Jag\projects\aether-assist\node_modules\next\dist\client\normalize-trailing-slash.js|pages-dir-browser
    Used by 4 module(s), i. e.
    javascript/auto|D:\Jag\projects\aether-assist\node_modules\next\dist\build\webpack\loaders\next-swc-loader.js??ruleSet[1].rules[15].oneOf[8].use[0]!D:\Jag\projects\aether-assist\node_modules\next\dist\client\add-locale.js|pages-dir-browser
* javascript/auto|D:\Jag\projects\aether-assist\node_modules\next\dist\build\webpack\loaders\next-swc-loader.js??ruleSet[1].rules[15].oneOf[8].use[0]!D:\jag\projects\aether-assist\node_modules\next\dist\client\normalize-trailing-slash.js|pages-dir-browser
    Used by 4 module(s), i. e.
    javascript/auto|D:\Jag\projects\aether-assist\node_modules\next\dist\build\webpack\loaders\next-swc-loader.js??ruleSet[1].rules[15].oneOf[8].use[0]!D:\jag\projects\aether-assist\node_modules\next\dist\client\add-base-path.js|pages-dir-browser
System.Management.Automation.RemoteException
Import trace for requested module:
./node_modules/next/dist/client/normalize-trailing-slash.js
./node_modules/next/dist/client/add-locale.js
./node_modules/next/dist/shared/lib/router/router.js
System.Management.Automation.RemoteException
./node_modules/next/dist/client/remove-base-path.js
There are multiple modules with names that only differ in casing.
This can lead to unexpected behavior when compiling on a filesystem with other case-semantic.
Use equal casing. Compare these module identifiers:
* javascript/auto|D:\Jag\projects\aether-assist\node_modules\next\dist\build\webpack\loaders\next-swc-loader.js??ruleSet[1].rules[15].oneOf[8].use[0]!D:\Jag\projects\aether-assist\node_modules\next\dist\client\remove-base-path.js|pages-dir-browser
    Used by 2 module(s), i. e.
    javascript/auto|D:\Jag\projects\aether-assist\node_modules\next\dist\build\webpack\loaders\next-swc-loader.js??ruleSet[1].rules[15].oneOf[8].use[0]!D:\Jag\projects\aether-assist\node_modules\next\dist\shared\lib\router\router.js|pages-dir-browser
* javascript/auto|D:\Jag\projects\aether-assist\node_modules\next\dist\build\webpack\loaders\next-swc-loader.js??ruleSet[1].rules[15].oneOf[8].use[0]!D:\jag\projects\aether-assist\node_modules\next\dist\client\remove-base-path.js|pages-dir-browser
    Used by 4 module(s), i. e.
    javascript/auto|D:\Jag\projects\aether-assist\node_modules\next\dist\build\webpack\loaders\next-swc-loader.js??ruleSet[1].rules[15].oneOf[8].use[0]!D:\jag\projects\aether-assist\node_modules\next\dist\client\index.js|pages-dir-browser
System.Management.Automation.RemoteException
Import trace for requested module:
./node_modules/next/dist/client/remove-base-path.js
./node_modules/next/dist/shared/lib/router/router.js
System.Management.Automation.RemoteException
./node_modules/next/dist/client/remove-locale.js
There are multiple modules with names that only differ in casing.
This can lead to unexpected behavior when compiling on a filesystem with other case-semantic.
Use equal casing. Compare these module identifiers:
* javascript/auto|D:\Jag\projects\aether-assist\node_modules\next\dist\build\webpack\loaders\next-swc-loader.js??ruleSet[1].rules[15].oneOf[8].use[0]!D:\Jag\projects\aether-assist\node_modules\next\dist\client\remove-locale.js|pages-dir-browser
    Used by 2 module(s), i. e.
    javascript/auto|D:\Jag\projects\aether-assist\node_modules\next\dist\build\webpack\loaders\next-swc-loader.js??ruleSet[1].rules[15].oneOf[8].use[0]!D:\Jag\projects\aether-assist\node_modules\next\dist\shared\lib\router\router.js|pages-dir-browser
* javascript/auto|D:\Jag\projects\aether-assist\node_modules\next\dist\build\webpack\loaders\next-swc-loader.js??ruleSet[1].rules[15].oneOf[8].use[0]!D:\jag\projects\aether-assist\node_modules\next\dist\client\remove-locale.js|pages-dir-browser
    Used by 2 module(s), i. e.
    javascript/auto|D:\Jag\projects\aether-assist\node_modules\next\dist\build\webpack\loaders\next-swc-loader.js??ruleSet[1].rules[15].oneOf[8].use[0]!D:\jag\projects\aether-assist\node_modules\next\dist\shared\lib\router\router.js|pages-dir-browser
System.Management.Automation.RemoteException
Import trace for requested module:
./node_modules/next/dist/client/remove-locale.js
./node_modules/next/dist/shared/lib/router/router.js
System.Management.Automation.RemoteException
./node_modules/next/dist/client/request-idle-callback.js
There are multiple modules with names that only differ in casing.
This can lead to unexpected behavior when compiling on a filesystem with other case-semantic.
Use equal casing. Compare these module identifiers:
* javascript/auto|D:\Jag\projects\aether-assist\node_modules\next\dist\build\webpack\loaders\next-swc-loader.js??ruleSet[1].rules[15].oneOf[8].use[0]!D:\Jag\projects\aether-assist\node_modules\next\dist\client\request-idle-callback.js|pages-dir-browser
    Used by 3 module(s), i. e.
    javascript/auto|D:\Jag\projects\aether-assist\node_modules\next\dist\build\webpack\loaders\next-swc-loader.js??ruleSet[1].rules[15].oneOf[8].use[0]!D:\Jag\projects\aether-assist\node_modules\next\dist\client\route-loader.js|pages-dir-browser
* javascript/auto|D:\Jag\projects\aether-assist\node_modules\next\dist\build\webpack\loaders\next-swc-loader.js??ruleSet[1].rules[15].oneOf[8].use[0]!D:\jag\projects\aether-assist\node_modules\next\dist\client\request-idle-callback.js|pages-dir-browser
    Used by 3 module(s), i. e.
    javascript/auto|D:\Jag\projects\aether-assist\node_modules\next\dist\build\webpack\loaders\next-swc-loader.js??ruleSet[1].rules[15].oneOf[8].use[0]!D:\jag\projects\aether-assist\node_modules\next\dist\client\script.js|pages-dir-browser
System.Management.Automation.RemoteException
Import trace for requested module:
./node_modules/next/dist/client/request-idle-callback.js
./node_modules/next/dist/client/route-loader.js
./node_modules/next/dist/shared/lib/router/router.js
System.Management.Automation.RemoteException
./node_modules/next/dist/client/resolve-href.js
There are multiple modules with names that only differ in casing.
This can lead to unexpected behavior when compiling on a filesystem with other case-semantic.
Use equal casing. Compare these module identifiers:
* javascript/auto|D:\Jag\projects\aether-assist\node_modules\next\dist\build\webpack\loaders\next-swc-loader.js??ruleSet[1].rules[15].oneOf[8].use[0]!D:\Jag\projects\aether-assist\node_modules\next\dist\client\resolve-href.js|pages-dir-browser
    Used by 2 module(s), i. e.
    javascript/auto|D:\Jag\projects\aether-assist\node_modules\next\dist\build\webpack\loaders\next-swc-loader.js??ruleSet[1].rules[15].oneOf[8].use[0]!D:\Jag\projects\aether-assist\node_modules\next\dist\shared\lib\router\router.js|pages-dir-browser
* javascript/auto|D:\Jag\projects\aether-assist\node_modules\next\dist\build\webpack\loaders\next-swc-loader.js??ruleSet[1].rules[15].oneOf[8].use[0]!D:\jag\projects\aether-assist\node_modules\next\dist\client\resolve-href.js|pages-dir-browser
    Used by 2 module(s), i. e.
    javascript/auto|D:\Jag\projects\aether-assist\node_modules\next\dist\build\webpack\loaders\next-swc-loader.js??ruleSet[1].rules[15].oneOf[8].use[0]!D:\jag\projects\aether-assist\node_modules\next\dist\shared\lib\router\router.js|pages-dir-browser
System.Management.Automation.RemoteException
Import trace for requested module:
./node_modules/next/dist/client/resolve-href.js
./node_modules/next/dist/shared/lib/router/router.js
System.Management.Automation.RemoteException
./node_modules/next/dist/client/route-loader.js
There are multiple modules with names that only differ in casing.
This can lead to unexpected behavior when compiling on a filesystem with other case-semantic.
Use equal casing. Compare these module identifiers:
* javascript/auto|D:\Jag\projects\aether-assist\node_modules\next\dist\build\webpack\loaders\next-swc-loader.js??ruleSet[1].rules[15].oneOf[8].use[0]!D:\Jag\projects\aether-assist\node_modules\next\dist\client\route-loader.js|pages-dir-browser
    Used by 2 module(s), i. e.
    javascript/auto|D:\Jag\projects\aether-assist\node_modules\next\dist\build\webpack\loaders\next-swc-loader.js??ruleSet[1].rules[15].oneOf[8].use[0]!D:\Jag\projects\aether-assist\node_modules\next\dist\shared\lib\router\router.js|pages-dir-browser
* javascript/auto|D:\Jag\projects\aether-assist\node_modules\next\dist\build\webpack\loaders\next-swc-loader.js??ruleSet[1].rules[15].oneOf[8].use[0]!D:\jag\projects\aether-assist\node_modules\next\dist\client\route-loader.js|pages-dir-browser
    Used by 3 module(s), i. e.
    javascript/auto|D:\Jag\projects\aether-assist\node_modules\next\dist\build\webpack\loaders\next-swc-loader.js??ruleSet[1].rules[15].oneOf[8].use[0]!D:\jag\projects\aether-assist\node_modules\next\dist\client\page-loader.js|pages-dir-browser
System.Management.Automation.RemoteException
Import trace for requested module:
./node_modules/next/dist/client/route-loader.js
./node_modules/next/dist/shared/lib/router/router.js
System.Management.Automation.RemoteException
./node_modules/next/dist/client/router.js
There are multiple modules with names that only differ in casing.
This can lead to unexpected behavior when compiling on a filesystem with other case-semantic.
Use equal casing. Compare these module identifiers:
* javascript/auto|D:\Jag\projects\aether-assist\node_modules\next\dist\build\webpack\loaders\next-swc-loader.js??ruleSet[1].rules[15].oneOf[8].use[0]!D:\Jag\projects\aether-assist\node_modules\next\dist\client\router.js|pages-dir-browser
    Used by 2 module(s), i. e.
    javascript/auto|D:\Jag\projects\aether-assist\node_modules\next\dist\build\webpack\loaders\next-swc-loader.js??ruleSet[1].rules[15].oneOf[8].use[0]!D:\Jag\projects\aether-assist\node_modules\next\dist\client\router.js|pages-dir-browser
* javascript/auto|D:\Jag\projects\aether-assist\node_modules\next\dist\build\webpack\loaders\next-swc-loader.js??ruleSet[1].rules[15].oneOf[8].use[0]!D:\jag\projects\aether-assist\node_modules\next\dist\client\router.js|pages-dir-browser
    Used by 4 module(s), i. e.
    javascript/auto|D:\Jag\projects\aether-assist\node_modules\next\dist\build\webpack\loaders\next-swc-loader.js??ruleSet[1].rules[15].oneOf[8].use[0]!D:\jag\projects\aether-assist\node_modules\next\dist\client\index.js|pages-dir-browser
System.Management.Automation.RemoteException
./node_modules/next/dist/client/script.js
There are multiple modules with names that only differ in casing.
This can lead to unexpected behavior when compiling on a filesystem with other case-semantic.
Use equal casing. Compare these module identifiers:
* javascript/auto|D:\Jag\projects\aether-assist\node_modules\next\dist\build\webpack\loaders\next-swc-loader.js??ruleSet[1].rules[15].oneOf[8].use[0]!D:\Jag\projects\aether-assist\node_modules\next\dist\client\script.js|pages-dir-browser
    Used by 2 module(s), i. e.
    javascript/auto|D:\Jag\projects\aether-assist\node_modules\next\dist\build\webpack\loaders\next-swc-loader.js??ruleSet[1].rules[15].oneOf[8].use[0]!D:\Jag\projects\aether-assist\node_modules\next\dist\shared\lib\router\router.js|pages-dir-browser
* javascript/auto|D:\Jag\projects\aether-assist\node_modules\next\dist\build\webpack\loaders\next-swc-loader.js??ruleSet[1].rules[15].oneOf[8].use[0]!D:\jag\projects\aether-assist\node_modules\next\dist\client\script.js|pages-dir-browser
    Used by 3 module(s), i. e.
    javascript/auto|D:\Jag\projects\aether-assist\node_modules\next\dist\build\webpack\loaders\next-swc-loader.js??ruleSet[1].rules[15].oneOf[8].use[0]!D:\jag\projects\aether-assist\node_modules\next\dist\client\index.js|pages-dir-browser
System.Management.Automation.RemoteException
Import trace for requested module:
./node_modules/next/dist/client/script.js
./node_modules/next/dist/shared/lib/router/router.js
System.Management.Automation.RemoteException
./node_modules/next/dist/client/set-attributes-from-props.js
There are multiple modules with names that only differ in casing.
This can lead to unexpected behavior when compiling on a filesystem with other case-semantic.
Use equal casing. Compare these module identifiers:
* javascript/auto|D:\Jag\projects\aether-assist\node_modules\next\dist\build\webpack\loaders\next-swc-loader.js??ruleSet[1].rules[15].oneOf[8].use[0]!D:\Jag\projects\aether-assist\node_modules\next\dist\client\set-attributes-from-props.js|pages-dir-browser
    Used by 2 module(s), i. e.
    javascript/auto|D:\Jag\projects\aether-assist\node_modules\next\dist\build\webpack\loaders\next-swc-loader.js??ruleSet[1].rules[15].oneOf[8].use[0]!D:\Jag\projects\aether-assist\node_modules\next\dist\client\script.js|pages-dir-browser
* javascript/auto|D:\Jag\projects\aether-assist\node_modules\next\dist\build\webpack\loaders\next-swc-loader.js??ruleSet[1].rules[15].oneOf[8].use[0]!D:\jag\projects\aether-assist\node_modules\next\dist\client\set-attributes-from-props.js|pages-dir-browser
    Used by 3 module(s), i. e.
    javascript/auto|D:\Jag\projects\aether-assist\node_modules\next\dist\build\webpack\loaders\next-swc-loader.js??ruleSet[1].rules[15].oneOf[8].use[0]!D:\jag\projects\aether-assist\node_modules\next\dist\client\head-manager.js|pages-dir-browser
System.Management.Automation.RemoteException
Import trace for requested module:
./node_modules/next/dist/client/set-attributes-from-props.js
./node_modules/next/dist/client/script.js
./node_modules/next/dist/shared/lib/router/router.js
System.Management.Automation.RemoteException
./node_modules/next/dist/client/trusted-types.js
There are multiple modules with names that only differ in casing.
This can lead to unexpected behavior when compiling on a filesystem with other case-semantic.
Use equal casing. Compare these module identifiers:
* javascript/auto|D:\Jag\projects\aether-assist\node_modules\next\dist\build\webpack\loaders\next-swc-loader.js??ruleSet[1].rules[15].oneOf[8].use[0]!D:\Jag\projects\aether-assist\node_modules\next\dist\client\trusted-types.js|pages-dir-browser
    Used by 2 module(s), i. e.
    javascript/auto|D:\Jag\projects\aether-assist\node_modules\next\dist\build\webpack\loaders\next-swc-loader.js??ruleSet[1].rules[15].oneOf[8].use[0]!D:\Jag\projects\aether-assist\node_modules\next\dist\client\route-loader.js|pages-dir-browser
* javascript/auto|D:\Jag\projects\aether-assist\node_modules\next\dist\build\webpack\loaders\next-swc-loader.js??ruleSet[1].rules[15].oneOf[8].use[0]!D:\jag\projects\aether-assist\node_modules\next\dist\client\trusted-types.js|pages-dir-browser
    Used by 2 module(s), i. e.
    javascript/auto|D:\Jag\projects\aether-assist\node_modules\next\dist\build\webpack\loaders\next-swc-loader.js??ruleSet[1].rules[15].oneOf[8].use[0]!D:\jag\projects\aether-assist\node_modules\next\dist\client\route-loader.js|pages-dir-browser
System.Management.Automation.RemoteException
Import trace for requested module:
./node_modules/next/dist/client/trusted-types.js
./node_modules/next/dist/client/route-loader.js
./node_modules/next/dist/shared/lib/router/router.js
System.Management.Automation.RemoteException
./node_modules/next/dist/client/with-router.js
There are multiple modules with names that only differ in casing.
This can lead to unexpected behavior when compiling on a filesystem with other case-semantic.
Use equal casing. Compare these module identifiers:
* javascript/auto|D:\Jag\projects\aether-assist\node_modules\next\dist\build\webpack\loaders\next-swc-loader.js??ruleSet[1].rules[15].oneOf[8].use[0]!D:\Jag\projects\aether-assist\node_modules\next\dist\client\with-router.js|pages-dir-browser
    Used by 2 module(s), i. e.
    javascript/auto|D:\Jag\projects\aether-assist\node_modules\next\dist\build\webpack\loaders\next-swc-loader.js??ruleSet[1].rules[15].oneOf[8].use[0]!D:\Jag\projects\aether-assist\node_modules\next\dist\client\router.js|pages-dir-browser
* javascript/auto|D:\Jag\projects\aether-assist\node_modules\next\dist\build\webpack\loaders\next-swc-loader.js??ruleSet[1].rules[15].oneOf[8].use[0]!D:\jag\projects\aether-assist\node_modules\next\dist\client\with-router.js|pages-dir-browser
    Used by 2 module(s), i. e.
    javascript/auto|D:\Jag\projects\aether-assist\node_modules\next\dist\build\webpack\loaders\next-swc-loader.js??ruleSet[1].rules[15].oneOf[8].use[0]!D:\jag\projects\aether-assist\node_modules\next\dist\client\router.js|pages-dir-browser
System.Management.Automation.RemoteException
Import trace for requested module:
./node_modules/next/dist/client/with-router.js
System.Management.Automation.RemoteException
./node_modules/next/dist/pages/_app.js
There are multiple modules with names that only differ in casing.
This can lead to unexpected behavior when compiling on a filesystem with other case-semantic.
Use equal casing. Compare these module identifiers:
* javascript/auto|D:\Jag\projects\aether-assist\node_modules\next\dist\build\webpack\loaders\next-swc-loader.js??ruleSet[1].rules[15].oneOf[8].use[0]!D:\Jag\projects\aether-assist\node_modules\next\dist\pages\_app.js|pages-dir-browser
    Used by 2 module(s), i. e.
    javascript/auto|D:\Jag\projects\aether-assist\node_modules\next\dist\build\webpack\loaders\next-client-pages-loader.js?absolutePagePath=next%2Fdist%2Fpages%2F_app&page=%2F_app!|pages-dir-browser
* javascript/auto|D:\Jag\projects\aether-assist\node_modules\next\dist\build\webpack\loaders\next-swc-loader.js??ruleSet[1].rules[15].oneOf[8].use[0]!D:\jag\projects\aether-assist\node_modules\next\dist\pages\_app.js|pages-dir-browser
    Used by 2 module(s), i. e.
    javascript/auto|D:\Jag\projects\aether-assist\node_modules\next\dist\build\webpack\loaders\next-swc-loader.js??ruleSet[1].rules[15].oneOf[8].use[0]!D:\jag\projects\aether-assist\node_modules\next\dist\client\index.js|pages-dir-browser
System.Management.Automation.RemoteException
./node_modules/next/dist/pages/_error.js
There are multiple modules with names that only differ in casing.
This can lead to unexpected behavior when compiling on a filesystem with other case-semantic.
Use equal casing. Compare these module identifiers:
* javascript/auto|D:\Jag\projects\aether-assist\node_modules\next\dist\build\webpack\loaders\next-swc-loader.js??ruleSet[1].rules[15].oneOf[8].use[0]!D:\Jag\projects\aether-assist\node_modules\next\dist\pages\_error.js|pages-dir-browser
    Used by 2 module(s), i. e.
    javascript/auto|D:\Jag\projects\aether-assist\node_modules\next\dist\build\webpack\loaders\next-client-pages-loader.js?absolutePagePath=next%2Fdist%2Fpages%2F_error&page=%2F_error!|pages-dir-browser
* javascript/auto|D:\Jag\projects\aether-assist\node_modules\next\dist\build\webpack\loaders\next-swc-loader.js??ruleSet[1].rules[15].oneOf[8].use[0]!D:\jag\projects\aether-assist\node_modules\next\dist\pages\_error.js|pages-dir-browser
    Used by 2 module(s), i. e.
    javascript/auto|D:\Jag\projects\aether-assist\node_modules\next\dist\build\webpack\loaders\next-swc-loader.js??ruleSet[1].rules[15].oneOf[8].use[0]!D:\jag\projects\aether-assist\node_modules\next\dist\client\index.js|pages-dir-browser
System.Management.Automation.RemoteException
./node_modules/next/dist/shared/lib/amp-context.shared-runtime.js
There are multiple modules with names that only differ in casing.
This can lead to unexpected behavior when compiling on a filesystem with other case-semantic.
Use equal casing. Compare these module identifiers:
* javascript/auto|D:\Jag\projects\aether-assist\node_modules\next\dist\build\webpack\loaders\next-swc-loader.js??ruleSet[1].rules[15].oneOf[8].use[0]!D:\Jag\projects\aether-assist\node_modules\next\dist\shared\lib\amp-context.shared-runtime.js|pages-dir-browser
    Used by 1 module(s), i. e.
    javascript/auto|D:\Jag\projects\aether-assist\node_modules\next\dist\build\webpack\loaders\next-swc-loader.js??ruleSet[1].rules[15].oneOf[8].use[0]!D:\Jag\projects\aether-assist\node_modules\next\dist\shared\lib\head.js|pages-dir-browser
* javascript/auto|D:\Jag\projects\aether-assist\node_modules\next\dist\build\webpack\loaders\next-swc-loader.js??ruleSet[1].rules[15].oneOf[8].use[0]!D:\jag\projects\aether-assist\node_modules\next\dist\shared\lib\amp-context.shared-runtime.js|pages-dir-browser
    Used by 1 module(s), i. e.
    javascript/auto|D:\Jag\projects\aether-assist\node_modules\next\dist\build\webpack\loaders\next-swc-loader.js??ruleSet[1].rules[15].oneOf[8].use[0]!D:\jag\projects\aether-assist\node_modules\next\dist\shared\lib\head.js|pages-dir-browser
System.Management.Automation.RemoteException
Import trace for requested module:
./node_modules/next/dist/shared/lib/amp-context.shared-runtime.js
./node_modules/next/dist/shared/lib/head.js
System.Management.Automation.RemoteException
./node_modules/next/dist/shared/lib/amp-mode.js
There are multiple modules with names that only differ in casing.
This can lead to unexpected behavior when compiling on a filesystem with other case-semantic.
Use equal casing. Compare these module identifiers:
* javascript/auto|D:\Jag\projects\aether-assist\node_modules\next\dist\build\webpack\loaders\next-swc-loader.js??ruleSet[1].rules[15].oneOf[8].use[0]!D:\Jag\projects\aether-assist\node_modules\next\dist\shared\lib\amp-mode.js|pages-dir-browser
    Used by 1 module(s), i. e.
    javascript/auto|D:\Jag\projects\aether-assist\node_modules\next\dist\build\webpack\loaders\next-swc-loader.js??ruleSet[1].rules[15].oneOf[8].use[0]!D:\Jag\projects\aether-assist\node_modules\next\dist\shared\lib\head.js|pages-dir-browser
* javascript/auto|D:\Jag\projects\aether-assist\node_modules\next\dist\build\webpack\loaders\next-swc-loader.js??ruleSet[1].rules[15].oneOf[8].use[0]!D:\jag\projects\aether-assist\node_modules\next\dist\shared\lib\amp-mode.js|pages-dir-browser
    Used by 1 module(s), i. e.
    javascript/auto|D:\Jag\projects\aether-assist\node_modules\next\dist\build\webpack\loaders\next-swc-loader.js??ruleSet[1].rules[15].oneOf[8].use[0]!D:\jag\projects\aether-assist\node_modules\next\dist\shared\lib\head.js|pages-dir-browser
System.Management.Automation.RemoteException
Import trace for requested module:
./node_modules/next/dist/shared/lib/amp-mode.js
./node_modules/next/dist/shared/lib/head.js
System.Management.Automation.RemoteException
./node_modules/next/dist/shared/lib/bloom-filter.js
There are multiple modules with names that only differ in casing.
This can lead to unexpected behavior when compiling on a filesystem with other case-semantic.
Use equal casing. Compare these module identifiers:
* javascript/auto|D:\Jag\projects\aether-assist\node_modules\next\dist\build\webpack\loaders\next-swc-loader.js??ruleSet[1].rules[15].oneOf[8].use[0]!D:\Jag\projects\aether-assist\node_modules\next\dist\shared\lib\bloom-filter.js|pages-dir-browser
    Used by 1 module(s), i. e.
    javascript/auto|D:\Jag\projects\aether-assist\node_modules\next\dist\build\webpack\loaders\next-swc-loader.js??ruleSet[1].rules[15].oneOf[8].use[0]!D:\Jag\projects\aether-assist\node_modules\next\dist\shared\lib\router\router.js|pages-dir-browser
* javascript/auto|D:\Jag\projects\aether-assist\node_modules\next\dist\build\webpack\loaders\next-swc-loader.js??ruleSet[1].rules[15].oneOf[8].use[0]!D:\jag\projects\aether-assist\node_modules\next\dist\shared\lib\bloom-filter.js|pages-dir-browser
    Used by 1 module(s), i. e.
    javascript/auto|D:\Jag\projects\aether-assist\node_modules\next\dist\build\webpack\loaders\next-swc-loader.js??ruleSet[1].rules[15].oneOf[8].use[0]!D:\jag\projects\aether-assist\node_modules\next\dist\shared\lib\router\router.js|pages-dir-browser
System.Management.Automation.RemoteException
Import trace for requested module:
./node_modules/next/dist/shared/lib/bloom-filter.js
./node_modules/next/dist/shared/lib/router/router.js
System.Management.Automation.RemoteException
./node_modules/next/dist/shared/lib/encode-uri-path.js
There are multiple modules with names that only differ in casing.
This can lead to unexpected behavior when compiling on a filesystem with other case-semantic.
Use equal casing. Compare these module identifiers:
* javascript/auto|D:\Jag\projects\aether-assist\node_modules\next\dist\build\webpack\loaders\next-swc-loader.js??ruleSet[1].rules[15].oneOf[8].use[0]!D:\Jag\projects\aether-assist\node_modules\next\dist\shared\lib\encode-uri-path.js|pages-dir-browser
    Used by 1 module(s), i. e.
    javascript/auto|D:\Jag\projects\aether-assist\node_modules\next\dist\build\webpack\loaders\next-swc-loader.js??ruleSet[1].rules[15].oneOf[8].use[0]!D:\Jag\projects\aether-assist\node_modules\next\dist\client\route-loader.js|pages-dir-browser
* javascript/auto|D:\Jag\projects\aether-assist\node_modules\next\dist\build\webpack\loaders\next-swc-loader.js??ruleSet[1].rules[15].oneOf[8].use[0]!D:\jag\projects\aether-assist\node_modules\next\dist\shared\lib\encode-uri-path.js|pages-dir-browser
    Used by 1 module(s), i. e.
    javascript/auto|D:\Jag\projects\aether-assist\node_modules\next\dist\build\webpack\loaders\next-swc-loader.js??ruleSet[1].rules[15].oneOf[8].use[0]!D:\jag\projects\aether-assist\node_modules\next\dist\client\route-loader.js|pages-dir-browser
System.Management.Automation.RemoteException
Import trace for requested module:
./node_modules/next/dist/shared/lib/encode-uri-path.js
./node_modules/next/dist/client/route-loader.js
./node_modules/next/dist/shared/lib/router/router.js
System.Management.Automation.RemoteException
./node_modules/next/dist/shared/lib/escape-regexp.js
There are multiple modules with names that only differ in casing.
This can lead to unexpected behavior when compiling on a filesystem with other case-semantic.
Use equal casing. Compare these module identifiers:
* javascript/auto|D:\Jag\projects\aether-assist\node_modules\next\dist\build\webpack\loaders\next-swc-loader.js??ruleSet[1].rules[15].oneOf[8].use[0]!D:\Jag\projects\aether-assist\node_modules\next\dist\shared\lib\escape-regexp.js|pages-dir-browser
    Used by 1 module(s), i. e.
    javascript/auto|D:\Jag\projects\aether-assist\node_modules\next\dist\build\webpack\loaders\next-swc-loader.js??ruleSet[1].rules[15].oneOf[8].use[0]!D:\Jag\projects\aether-assist\node_modules\next\dist\shared\lib\router\utils\route-regex.js|pages-dir-browser
* javascript/auto|D:\Jag\projects\aether-assist\node_modules\next\dist\build\webpack\loaders\next-swc-loader.js??ruleSet[1].rules[15].oneOf[8].use[0]!D:\jag\projects\aether-assist\node_modules\next\dist\shared\lib\escape-regexp.js|pages-dir-browser
    Used by 2 module(s), i. e.
    javascript/auto|D:\Jag\projects\aether-assist\node_modules\next\dist\build\webpack\loaders\next-swc-loader.js??ruleSet[1].rules[15].oneOf[8].use[0]!D:\jag\projects\aether-assist\node_modules\next\dist\shared\lib\router\utils\route-regex.js|pages-dir-browser
System.Management.Automation.RemoteException
Import trace for requested module:
./node_modules/next/dist/shared/lib/escape-regexp.js
./node_modules/next/dist/shared/lib/router/utils/route-regex.js
./node_modules/next/dist/shared/lib/router/router.js
System.Management.Automation.RemoteException
./node_modules/next/dist/shared/lib/head-manager-context.shared-runtime.js
There are multiple modules with names that only differ in casing.
This can lead to unexpected behavior when compiling on a filesystem with other case-semantic.
Use equal casing. Compare these module identifiers:
* javascript/auto|D:\Jag\projects\aether-assist\node_modules\next\dist\build\webpack\loaders\next-swc-loader.js??ruleSet[1].rules[15].oneOf[8].use[0]!D:\Jag\projects\aether-assist\node_modules\next\dist\shared\lib\head-manager-context.shared-runtime.js|pages-dir-browser
    Used by 2 module(s), i. e.
    javascript/auto|D:\Jag\projects\aether-assist\node_modules\next\dist\build\webpack\loaders\next-swc-loader.js??ruleSet[1].rules[15].oneOf[8].use[0]!D:\Jag\projects\aether-assist\node_modules\next\dist\shared\lib\head.js|pages-dir-browser
* javascript/auto|D:\Jag\projects\aether-assist\node_modules\next\dist\build\webpack\loaders\next-swc-loader.js??ruleSet[1].rules[15].oneOf[8].use[0]!D:\jag\projects\aether-assist\node_modules\next\dist\shared\lib\head-manager-context.shared-runtime.js|pages-dir-browser
    Used by 3 module(s), i. e.
    javascript/auto|D:\Jag\projects\aether-assist\node_modules\next\dist\build\webpack\loaders\next-swc-loader.js??ruleSet[1].rules[15].oneOf[8].use[0]!D:\jag\projects\aether-assist\node_modules\next\dist\client\index.js|pages-dir-browser
System.Management.Automation.RemoteException
Import trace for requested module:
./node_modules/next/dist/shared/lib/head-manager-context.shared-runtime.js
./node_modules/next/dist/shared/lib/head.js
System.Management.Automation.RemoteException
./node_modules/next/dist/shared/lib/head.js
There are multiple modules with names that only differ in casing.
This can lead to unexpected behavior when compiling on a filesystem with other case-semantic.
Use equal casing. Compare these module identifiers:
* javascript/auto|D:\Jag\projects\aether-assist\node_modules\next\dist\build\webpack\loaders\next-swc-loader.js??ruleSet[1].rules[15].oneOf[8].use[0]!D:\Jag\projects\aether-assist\node_modules\next\dist\shared\lib\head.js|pages-dir-browser
    Used by 2 module(s), i. e.
    javascript/auto|D:\Jag\projects\aether-assist\node_modules\next\dist\build\webpack\loaders\next-swc-loader.js??ruleSet[1].rules[15].oneOf[8].use[0]!D:\Jag\projects\aether-assist\node_modules\next\dist\pages\_error.js|pages-dir-browser
* javascript/auto|D:\Jag\projects\aether-assist\node_modules\next\dist\build\webpack\loaders\next-swc-loader.js??ruleSet[1].rules[15].oneOf[8].use[0]!D:\jag\projects\aether-assist\node_modules\next\dist\shared\lib\head.js|pages-dir-browser
    Used by 2 module(s), i. e.
    javascript/auto|D:\Jag\projects\aether-assist\node_modules\next\dist\build\webpack\loaders\next-swc-loader.js??ruleSet[1].rules[15].oneOf[8].use[0]!D:\jag\projects\aether-assist\node_modules\next\dist\pages\_error.js|pages-dir-browser
System.Management.Automation.RemoteException
Import trace for requested module:
./node_modules/next/dist/shared/lib/head.js
System.Management.Automation.RemoteException
./node_modules/next/dist/shared/lib/is-plain-object.js
There are multiple modules with names that only differ in casing.
This can lead to unexpected behavior when compiling on a filesystem with other case-semantic.
Use equal casing. Compare these module identifiers:
* javascript/auto|D:\Jag\projects\aether-assist\node_modules\next\dist\build\webpack\loaders\next-swc-loader.js??ruleSet[1].rules[15].oneOf[8].use[0]!D:\Jag\projects\aether-assist\node_modules\next\dist\shared\lib\is-plain-object.js|pages-dir-browser
    Used by 2 module(s), i. e.
    javascript/auto|D:\Jag\projects\aether-assist\node_modules\next\dist\lib\is-error.js|pages-dir-browser
* javascript/auto|D:\Jag\projects\aether-assist\node_modules\next\dist\build\webpack\loaders\next-swc-loader.js??ruleSet[1].rules[15].oneOf[8].use[0]!D:\jag\projects\aether-assist\node_modules\next\dist\shared\lib\is-plain-object.js|pages-dir-browser
    Used by 2 module(s), i. e.
    javascript/auto|D:\jag\projects\aether-assist\node_modules\next\dist\lib\is-error.js|pages-dir-browser
System.Management.Automation.RemoteException
Import trace for requested module:
./node_modules/next/dist/shared/lib/is-plain-object.js
./node_modules/next/dist/lib/is-error.js
System.Management.Automation.RemoteException
./node_modules/next/dist/shared/lib/i18n/normalize-locale-path.js
There are multiple modules with names that only differ in casing.
This can lead to unexpected behavior when compiling on a filesystem with other case-semantic.
Use equal casing. Compare these module identifiers:
* javascript/auto|D:\Jag\projects\aether-assist\node_modules\next\dist\build\webpack\loaders\next-swc-loader.js??ruleSet[1].rules[15].oneOf[8].use[0]!D:\Jag\projects\aether-assist\node_modules\next\dist\shared\lib\i18n\normalize-locale-path.js|pages-dir-browser
    Used by 2 module(s), i. e.
    javascript/auto|D:\Jag\projects\aether-assist\node_modules\next\dist\build\webpack\loaders\next-swc-loader.js??ruleSet[1].rules[15].oneOf[8].use[0]!D:\Jag\projects\aether-assist\node_modules\next\dist\shared\lib\router\router.js|pages-dir-browser
* javascript/auto|D:\Jag\projects\aether-assist\node_modules\next\dist\build\webpack\loaders\next-swc-loader.js??ruleSet[1].rules[15].oneOf[8].use[0]!D:\jag\projects\aether-assist\node_modules\next\dist\shared\lib\i18n\normalize-locale-path.js|pages-dir-browser
    Used by 3 module(s), i. e.
    javascript/auto|D:\Jag\projects\aether-assist\node_modules\next\dist\build\webpack\loaders\next-swc-loader.js??ruleSet[1].rules[15].oneOf[8].use[0]!D:\jag\projects\aether-assist\node_modules\next\dist\shared\lib\router\router.js|pages-dir-browser
System.Management.Automation.RemoteException
Import trace for requested module:
./node_modules/next/dist/shared/lib/i18n/normalize-locale-path.js
./node_modules/next/dist/shared/lib/router/router.js
System.Management.Automation.RemoteException
./node_modules/next/dist/shared/lib/mitt.js
There are multiple modules with names that only differ in casing.
This can lead to unexpected behavior when compiling on a filesystem with other case-semantic.
Use equal casing. Compare these module identifiers:
* javascript/auto|D:\Jag\projects\aether-assist\node_modules\next\dist\build\webpack\loaders\next-swc-loader.js??ruleSet[1].rules[15].oneOf[8].use[0]!D:\Jag\projects\aether-assist\node_modules\next\dist\shared\lib\mitt.js|pages-dir-browser
    Used by 1 module(s), i. e.
    javascript/auto|D:\Jag\projects\aether-assist\node_modules\next\dist\build\webpack\loaders\next-swc-loader.js??ruleSet[1].rules[15].oneOf[8].use[0]!D:\Jag\projects\aether-assist\node_modules\next\dist\shared\lib\router\router.js|pages-dir-browser
* javascript/auto|D:\Jag\projects\aether-assist\node_modules\next\dist\build\webpack\loaders\next-swc-loader.js??ruleSet[1].rules[15].oneOf[8].use[0]!D:\jag\projects\aether-assist\node_modules\next\dist\shared\lib\mitt.js|pages-dir-browser
    Used by 3 module(s), i. e.
    javascript/auto|D:\Jag\projects\aether-assist\node_modules\next\dist\build\webpack\loaders\next-swc-loader.js??ruleSet[1].rules[15].oneOf[8].use[0]!D:\jag\projects\aether-assist\node_modules\next\dist\client\index.js|pages-dir-browser
System.Management.Automation.RemoteException
Import trace for requested module:
./node_modules/next/dist/shared/lib/mitt.js
./node_modules/next/dist/shared/lib/router/router.js
System.Management.Automation.RemoteException
./node_modules/next/dist/shared/lib/page-path/denormalize-page-path.js
There are multiple modules with names that only differ in casing.
This can lead to unexpected behavior when compiling on a filesystem with other case-semantic.
Use equal casing. Compare these module identifiers:
* javascript/auto|D:\Jag\projects\aether-assist\node_modules\next\dist\build\webpack\loaders\next-swc-loader.js??ruleSet[1].rules[15].oneOf[8].use[0]!D:\Jag\projects\aether-assist\node_modules\next\dist\shared\lib\page-path\denormalize-page-path.js|pages-dir-browser
    Used by 1 module(s), i. e.
    javascript/auto|D:\Jag\projects\aether-assist\node_modules\next\dist\build\webpack\loaders\next-swc-loader.js??ruleSet[1].rules[15].oneOf[8].use[0]!D:\Jag\projects\aether-assist\node_modules\next\dist\shared\lib\router\router.js|pages-dir-browser
* javascript/auto|D:\Jag\projects\aether-assist\node_modules\next\dist\build\webpack\loaders\next-swc-loader.js??ruleSet[1].rules[15].oneOf[8].use[0]!D:\jag\projects\aether-assist\node_modules\next\dist\shared\lib\page-path\denormalize-page-path.js|pages-dir-browser
    Used by 1 module(s), i. e.
    javascript/auto|D:\Jag\projects\aether-assist\node_modules\next\dist\build\webpack\loaders\next-swc-loader.js??ruleSet[1].rules[15].oneOf[8].use[0]!D:\jag\projects\aether-assist\node_modules\next\dist\shared\lib\router\router.js|pages-dir-browser
System.Management.Automation.RemoteException
Import trace for requested module:
./node_modules/next/dist/shared/lib/page-path/denormalize-page-path.js
./node_modules/next/dist/shared/lib/router/router.js
System.Management.Automation.RemoteException
./node_modules/next/dist/shared/lib/page-path/ensure-leading-slash.js
There are multiple modules with names that only differ in casing.
This can lead to unexpected behavior when compiling on a filesystem with other case-semantic.
Use equal casing. Compare these module identifiers:
* javascript/auto|D:\Jag\projects\aether-assist\node_modules\next\dist\build\webpack\loaders\next-swc-loader.js??ruleSet[1].rules[15].oneOf[8].use[0]!D:\Jag\projects\aether-assist\node_modules\next\dist\shared\lib\page-path\ensure-leading-slash.js|pages-dir-browser
    Used by 1 module(s), i. e.
    javascript/auto|D:\Jag\projects\aether-assist\node_modules\next\dist\build\webpack\loaders\next-swc-loader.js??ruleSet[1].rules[15].oneOf[8].use[0]!D:\Jag\projects\aether-assist\node_modules\next\dist\shared\lib\router\utils\app-paths.js|pages-dir-browser
* javascript/auto|D:\Jag\projects\aether-assist\node_modules\next\dist\build\webpack\loaders\next-swc-loader.js??ruleSet[1].rules[15].oneOf[8].use[0]!D:\jag\projects\aether-assist\node_modules\next\dist\shared\lib\page-path\ensure-leading-slash.js|pages-dir-browser
    Used by 1 module(s), i. e.
    javascript/auto|D:\Jag\projects\aether-assist\node_modules\next\dist\build\webpack\loaders\next-swc-loader.js??ruleSet[1].rules[15].oneOf[8].use[0]!D:\jag\projects\aether-assist\node_modules\next\dist\shared\lib\router\utils\app-paths.js|pages-dir-browser
System.Management.Automation.RemoteException
Import trace for requested module:
./node_modules/next/dist/shared/lib/page-path/ensure-leading-slash.js
./node_modules/next/dist/shared/lib/router/utils/app-paths.js
./node_modules/next/dist/shared/lib/router/utils/interception-routes.js
./node_modules/next/dist/shared/lib/router/utils/is-dynamic.js
./node_modules/next/dist/shared/lib/router/router.js
System.Management.Automation.RemoteException
./node_modules/next/dist/shared/lib/page-path/normalize-path-sep.js
There are multiple modules with names that only differ in casing.
This can lead to unexpected behavior when compiling on a filesystem with other case-semantic.
Use equal casing. Compare these module identifiers:
* javascript/auto|D:\Jag\projects\aether-assist\node_modules\next\dist\build\webpack\loaders\next-swc-loader.js??ruleSet[1].rules[15].oneOf[8].use[0]!D:\Jag\projects\aether-assist\node_modules\next\dist\shared\lib\page-path\normalize-path-sep.js|pages-dir-browser
    Used by 1 module(s), i. e.
    javascript/auto|D:\Jag\projects\aether-assist\node_modules\next\dist\build\webpack\loaders\next-swc-loader.js??ruleSet[1].rules[15].oneOf[8].use[0]!D:\Jag\projects\aether-assist\node_modules\next\dist\shared\lib\page-path\denormalize-page-path.js|pages-dir-browser
* javascript/auto|D:\Jag\projects\aether-assist\node_modules\next\dist\build\webpack\loaders\next-swc-loader.js??ruleSet[1].rules[15].oneOf[8].use[0]!D:\jag\projects\aether-assist\node_modules\next\dist\shared\lib\page-path\normalize-path-sep.js|pages-dir-browser
    Used by 1 module(s), i. e.
    javascript/auto|D:\Jag\projects\aether-assist\node_modules\next\dist\build\webpack\loaders\next-swc-loader.js??ruleSet[1].rules[15].oneOf[8].use[0]!D:\jag\projects\aether-assist\node_modules\next\dist\shared\lib\page-path\denormalize-page-path.js|pages-dir-browser
System.Management.Automation.RemoteException
Import trace for requested module:
./node_modules/next/dist/shared/lib/page-path/normalize-path-sep.js
./node_modules/next/dist/shared/lib/page-path/denormalize-page-path.js
./node_modules/next/dist/shared/lib/router/router.js
System.Management.Automation.RemoteException
./node_modules/next/dist/shared/lib/router-context.shared-runtime.js
There are multiple modules with names that only differ in casing.
This can lead to unexpected behavior when compiling on a filesystem with other case-semantic.
Use equal casing. Compare these module identifiers:
* javascript/auto|D:\Jag\projects\aether-assist\node_modules\next\dist\build\webpack\loaders\next-swc-loader.js??ruleSet[1].rules[15].oneOf[8].use[0]!D:\Jag\projects\aether-assist\node_modules\next\dist\shared\lib\router-context.shared-runtime.js|pages-dir-browser
    Used by 1 module(s), i. e.
    javascript/auto|D:\Jag\projects\aether-assist\node_modules\next\dist\build\webpack\loaders\next-swc-loader.js??ruleSet[1].rules[15].oneOf[8].use[0]!D:\Jag\projects\aether-assist\node_modules\next\dist\client\router.js|pages-dir-browser
* javascript/auto|D:\Jag\projects\aether-assist\node_modules\next\dist\build\webpack\loaders\next-swc-loader.js??ruleSet[1].rules[15].oneOf[8].use[0]!D:\jag\projects\aether-assist\node_modules\next\dist\shared\lib\router-context.shared-runtime.js|pages-dir-browser
    Used by 2 module(s), i. e.
    javascript/auto|D:\Jag\projects\aether-assist\node_modules\next\dist\build\webpack\loaders\next-swc-loader.js??ruleSet[1].rules[15].oneOf[8].use[0]!D:\jag\projects\aether-assist\node_modules\next\dist\client\index.js|pages-dir-browser
System.Management.Automation.RemoteException
Import trace for requested module:
./node_modules/next/dist/shared/lib/router-context.shared-runtime.js
System.Management.Automation.RemoteException
./node_modules/next/dist/shared/lib/router/router.js
There are multiple modules with names that only differ in casing.
This can lead to unexpected behavior when compiling on a filesystem with other case-semantic.
Use equal casing. Compare these module identifiers:
* javascript/auto|D:\Jag\projects\aether-assist\node_modules\next\dist\build\webpack\loaders\next-swc-loader.js??ruleSet[1].rules[15].oneOf[8].use[0]!D:\Jag\projects\aether-assist\node_modules\next\dist\shared\lib\router\router.js|pages-dir-browser
    Used by 2 module(s), i. e.
    javascript/auto|D:\Jag\projects\aether-assist\node_modules\next\dist\build\webpack\loaders\next-swc-loader.js??ruleSet[1].rules[15].oneOf[8].use[0]!D:\Jag\projects\aether-assist\node_modules\next\dist\client\router.js|pages-dir-browser
* javascript/auto|D:\Jag\projects\aether-assist\node_modules\next\dist\build\webpack\loaders\next-swc-loader.js??ruleSet[1].rules[15].oneOf[8].use[0]!D:\jag\projects\aether-assist\node_modules\next\dist\shared\lib\router\router.js|pages-dir-browser
    Used by 2 module(s), i. e.
    javascript/auto|D:\Jag\projects\aether-assist\node_modules\next\dist\build\webpack\loaders\next-swc-loader.js??ruleSet[1].rules[15].oneOf[8].use[0]!D:\jag\projects\aether-assist\node_modules\next\dist\client\router.js|pages-dir-browser
System.Management.Automation.RemoteException
Import trace for requested module:
./node_modules/next/dist/shared/lib/router/router.js
System.Management.Automation.RemoteException
./node_modules/next/dist/shared/lib/router/utils/add-locale.js
There are multiple modules with names that only differ in casing.
This can lead to unexpected behavior when compiling on a filesystem with other case-semantic.
Use equal casing. Compare these module identifiers:
* javascript/auto|D:\Jag\projects\aether-assist\node_modules\next\dist\build\webpack\loaders\next-swc-loader.js??ruleSet[1].rules[15].oneOf[8].use[0]!D:\Jag\projects\aether-assist\node_modules\next\dist\shared\lib\router\utils\add-locale.js|pages-dir-browser
    Used by 1 module(s), i. e.
    javascript/auto|D:\Jag\projects\aether-assist\node_modules\next\dist\build\webpack\loaders\next-swc-loader.js??ruleSet[1].rules[15].oneOf[8].use[0]!D:\Jag\projects\aether-assist\node_modules\next\dist\shared\lib\router\utils\format-next-pathname-info.js|pages-dir-browser
* javascript/auto|D:\Jag\projects\aether-assist\node_modules\next\dist\build\webpack\loaders\next-swc-loader.js??ruleSet[1].rules[15].oneOf[8].use[0]!D:\jag\projects\aether-assist\node_modules\next\dist\shared\lib\router\utils\add-locale.js|pages-dir-browser
    Used by 1 module(s), i. e.
    javascript/auto|D:\Jag\projects\aether-assist\node_modules\next\dist\build\webpack\loaders\next-swc-loader.js??ruleSet[1].rules[15].oneOf[8].use[0]!D:\jag\projects\aether-assist\node_modules\next\dist\shared\lib\router\utils\format-next-pathname-info.js|pages-dir-browser
System.Management.Automation.RemoteException
Import trace for requested module:
./node_modules/next/dist/shared/lib/router/utils/add-locale.js
./node_modules/next/dist/shared/lib/router/utils/format-next-pathname-info.js
./node_modules/next/dist/shared/lib/router/router.js
System.Management.Automation.RemoteException
./node_modules/next/dist/shared/lib/router/utils/add-path-prefix.js
There are multiple modules with names that only differ in casing.
This can lead to unexpected behavior when compiling on a filesystem with other case-semantic.
Use equal casing. Compare these module identifiers:
* javascript/auto|D:\Jag\projects\aether-assist\node_modules\next\dist\build\webpack\loaders\next-swc-loader.js??ruleSet[1].rules[15].oneOf[8].use[0]!D:\Jag\projects\aether-assist\node_modules\next\dist\shared\lib\router\utils\add-path-prefix.js|pages-dir-browser
    Used by 3 module(s), i. e.
    javascript/auto|D:\Jag\projects\aether-assist\node_modules\next\dist\build\webpack\loaders\next-swc-loader.js??ruleSet[1].rules[15].oneOf[8].use[0]!D:\Jag\projects\aether-assist\node_modules\next\dist\client\add-base-path.js|pages-dir-browser
* javascript/auto|D:\Jag\projects\aether-assist\node_modules\next\dist\build\webpack\loaders\next-swc-loader.js??ruleSet[1].rules[15].oneOf[8].use[0]!D:\jag\projects\aether-assist\node_modules\next\dist\shared\lib\router\utils\add-path-prefix.js|pages-dir-browser
    Used by 3 module(s), i. e.
    javascript/auto|D:\Jag\projects\aether-assist\node_modules\next\dist\build\webpack\loaders\next-swc-loader.js??ruleSet[1].rules[15].oneOf[8].use[0]!D:\jag\projects\aether-assist\node_modules\next\dist\client\add-base-path.js|pages-dir-browser
System.Management.Automation.RemoteException
Import trace for requested module:
./node_modules/next/dist/shared/lib/router/utils/add-path-prefix.js
./node_modules/next/dist/client/add-base-path.js
./node_modules/next/dist/shared/lib/router/router.js
System.Management.Automation.RemoteException
./node_modules/next/dist/shared/lib/router/utils/add-path-suffix.js
There are multiple modules with names that only differ in casing.
This can lead to unexpected behavior when compiling on a filesystem with other case-semantic.
Use equal casing. Compare these module identifiers:
* javascript/auto|D:\Jag\projects\aether-assist\node_modules\next\dist\build\webpack\loaders\next-swc-loader.js??ruleSet[1].rules[15].oneOf[8].use[0]!D:\Jag\projects\aether-assist\node_modules\next\dist\shared\lib\router\utils\add-path-suffix.js|pages-dir-browser
    Used by 1 module(s), i. e.
    javascript/auto|D:\Jag\projects\aether-assist\node_modules\next\dist\build\webpack\loaders\next-swc-loader.js??ruleSet[1].rules[15].oneOf[8].use[0]!D:\Jag\projects\aether-assist\node_modules\next\dist\shared\lib\router\utils\format-next-pathname-info.js|pages-dir-browser
* javascript/auto|D:\Jag\projects\aether-assist\node_modules\next\dist\build\webpack\loaders\next-swc-loader.js??ruleSet[1].rules[15].oneOf[8].use[0]!D:\jag\projects\aether-assist\node_modules\next\dist\shared\lib\router\utils\add-path-suffix.js|pages-dir-browser
    Used by 1 module(s), i. e.
    javascript/auto|D:\Jag\projects\aether-assist\node_modules\next\dist\build\webpack\loaders\next-swc-loader.js??ruleSet[1].rules[15].oneOf[8].use[0]!D:\jag\projects\aether-assist\node_modules\next\dist\shared\lib\router\utils\format-next-pathname-info.js|pages-dir-browser
System.Management.Automation.RemoteException
Import trace for requested module:
./node_modules/next/dist/shared/lib/router/utils/add-path-suffix.js
./node_modules/next/dist/shared/lib/router/utils/format-next-pathname-info.js
./node_modules/next/dist/shared/lib/router/router.js
System.Management.Automation.RemoteException
./node_modules/next/dist/shared/lib/router/utils/app-paths.js
There are multiple modules with names that only differ in casing.
This can lead to unexpected behavior when compiling on a filesystem with other case-semantic.
Use equal casing. Compare these module identifiers:
* javascript/auto|D:\Jag\projects\aether-assist\node_modules\next\dist\build\webpack\loaders\next-swc-loader.js??ruleSet[1].rules[15].oneOf[8].use[0]!D:\Jag\projects\aether-assist\node_modules\next\dist\shared\lib\router\utils\app-paths.js|pages-dir-browser
    Used by 2 module(s), i. e.
    javascript/auto|D:\Jag\projects\aether-assist\node_modules\next\dist\build\webpack\loaders\next-swc-loader.js??ruleSet[1].rules[15].oneOf[8].use[0]!D:\Jag\projects\aether-assist\node_modules\next\dist\shared\lib\router\utils\interception-routes.js|pages-dir-browser
* javascript/auto|D:\Jag\projects\aether-assist\node_modules\next\dist\build\webpack\loaders\next-swc-loader.js??ruleSet[1].rules[15].oneOf[8].use[0]!D:\jag\projects\aether-assist\node_modules\next\dist\shared\lib\router\utils\app-paths.js|pages-dir-browser
    Used by 2 module(s), i. e.
    javascript/auto|D:\Jag\projects\aether-assist\node_modules\next\dist\build\webpack\loaders\next-swc-loader.js??ruleSet[1].rules[15].oneOf[8].use[0]!D:\jag\projects\aether-assist\node_modules\next\dist\shared\lib\router\utils\interception-routes.js|pages-dir-browser
System.Management.Automation.RemoteException
Import trace for requested module:
./node_modules/next/dist/shared/lib/router/utils/app-paths.js
./node_modules/next/dist/shared/lib/router/utils/interception-routes.js
./node_modules/next/dist/shared/lib/router/utils/is-dynamic.js
./node_modules/next/dist/shared/lib/router/router.js
System.Management.Automation.RemoteException
./node_modules/next/dist/shared/lib/router/utils/compare-states.js
There are multiple modules with names that only differ in casing.
This can lead to unexpected behavior when compiling on a filesystem with other case-semantic.
Use equal casing. Compare these module identifiers:
* javascript/auto|D:\Jag\projects\aether-assist\node_modules\next\dist\build\webpack\loaders\next-swc-loader.js??ruleSet[1].rules[15].oneOf[8].use[0]!D:\Jag\projects\aether-assist\node_modules\next\dist\shared\lib\router\utils\compare-states.js|pages-dir-browser
    Used by 1 module(s), i. e.
    javascript/auto|D:\Jag\projects\aether-assist\node_modules\next\dist\build\webpack\loaders\next-swc-loader.js??ruleSet[1].rules[15].oneOf[8].use[0]!D:\Jag\projects\aether-assist\node_modules\next\dist\shared\lib\router\router.js|pages-dir-browser
* javascript/auto|D:\Jag\projects\aether-assist\node_modules\next\dist\build\webpack\loaders\next-swc-loader.js??ruleSet[1].rules[15].oneOf[8].use[0]!D:\jag\projects\aether-assist\node_modules\next\dist\shared\lib\router\utils\compare-states.js|pages-dir-browser
    Used by 1 module(s), i. e.
    javascript/auto|D:\Jag\projects\aether-assist\node_modules\next\dist\build\webpack\loaders\next-swc-loader.js??ruleSet[1].rules[15].oneOf[8].use[0]!D:\jag\projects\aether-assist\node_modules\next\dist\shared\lib\router\router.js|pages-dir-browser
System.Management.Automation.RemoteException
Import trace for requested module:
./node_modules/next/dist/shared/lib/router/utils/compare-states.js
./node_modules/next/dist/shared/lib/router/router.js
System.Management.Automation.RemoteException
./node_modules/next/dist/shared/lib/router/utils/format-next-pathname-info.js
There are multiple modules with names that only differ in casing.
This can lead to unexpected behavior when compiling on a filesystem with other case-semantic.
Use equal casing. Compare these module identifiers:
* javascript/auto|D:\Jag\projects\aether-assist\node_modules\next\dist\build\webpack\loaders\next-swc-loader.js??ruleSet[1].rules[15].oneOf[8].use[0]!D:\Jag\projects\aether-assist\node_modules\next\dist\shared\lib\router\utils\format-next-pathname-info.js|pages-dir-browser
    Used by 1 module(s), i. e.
    javascript/auto|D:\Jag\projects\aether-assist\node_modules\next\dist\build\webpack\loaders\next-swc-loader.js??ruleSet[1].rules[15].oneOf[8].use[0]!D:\Jag\projects\aether-assist\node_modules\next\dist\shared\lib\router\router.js|pages-dir-browser
* javascript/auto|D:\Jag\projects\aether-assist\node_modules\next\dist\build\webpack\loaders\next-swc-loader.js??ruleSet[1].rules[15].oneOf[8].use[0]!D:\jag\projects\aether-assist\node_modules\next\dist\shared\lib\router\utils\format-next-pathname-info.js|pages-dir-browser
    Used by 1 module(s), i. e.
    javascript/auto|D:\Jag\projects\aether-assist\node_modules\next\dist\build\webpack\loaders\next-swc-loader.js??ruleSet[1].rules[15].oneOf[8].use[0]!D:\jag\projects\aether-assist\node_modules\next\dist\shared\lib\router\router.js|pages-dir-browser
System.Management.Automation.RemoteException
Import trace for requested module:
./node_modules/next/dist/shared/lib/router/utils/format-next-pathname-info.js
./node_modules/next/dist/shared/lib/router/router.js
System.Management.Automation.RemoteException
./node_modules/next/dist/shared/lib/router/utils/format-url.js
There are multiple modules with names that only differ in casing.
This can lead to unexpected behavior when compiling on a filesystem with other case-semantic.
Use equal casing. Compare these module identifiers:
* javascript/auto|D:\Jag\projects\aether-assist\node_modules\next\dist\build\webpack\loaders\next-swc-loader.js??ruleSet[1].rules[15].oneOf[8].use[0]!D:\Jag\projects\aether-assist\node_modules\next\dist\shared\lib\router\utils\format-url.js|pages-dir-browser
    Used by 3 module(s), i. e.
    javascript/auto|D:\Jag\projects\aether-assist\node_modules\next\dist\build\webpack\loaders\next-swc-loader.js??ruleSet[1].rules[15].oneOf[8].use[0]!D:\Jag\projects\aether-assist\node_modules\next\dist\shared\lib\router\router.js|pages-dir-browser
* javascript/auto|D:\Jag\projects\aether-assist\node_modules\next\dist\build\webpack\loaders\next-swc-loader.js??ruleSet[1].rules[15].oneOf[8].use[0]!D:\jag\projects\aether-assist\node_modules\next\dist\shared\lib\router\utils\format-url.js|pages-dir-browser
    Used by 3 module(s), i. e.
    javascript/auto|D:\Jag\projects\aether-assist\node_modules\next\dist\build\webpack\loaders\next-swc-loader.js??ruleSet[1].rules[15].oneOf[8].use[0]!D:\jag\projects\aether-assist\node_modules\next\dist\shared\lib\router\router.js|pages-dir-browser
System.Management.Automation.RemoteException
Import trace for requested module:
./node_modules/next/dist/shared/lib/router/utils/format-url.js
./node_modules/next/dist/shared/lib/router/router.js
System.Management.Automation.RemoteException
./node_modules/next/dist/shared/lib/router/utils/get-asset-path-from-route.js
There are multiple modules with names that only differ in casing.
This can lead to unexpected behavior when compiling on a filesystem with other case-semantic.
Use equal casing. Compare these module identifiers:
* javascript/auto|D:\Jag\projects\aether-assist\node_modules\next\dist\build\webpack\loaders\next-swc-loader.js??ruleSet[1].rules[15].oneOf[8].use[0]!D:\Jag\projects\aether-assist\node_modules\next\dist\shared\lib\router\utils\get-asset-path-from-route.js|pages-dir-browser
    Used by 1 module(s), i. e.
    javascript/auto|D:\Jag\projects\aether-assist\node_modules\next\dist\build\webpack\loaders\next-swc-loader.js??ruleSet[1].rules[15].oneOf[8].use[0]!D:\Jag\projects\aether-assist\node_modules\next\dist\client\route-loader.js|pages-dir-browser
* javascript/auto|D:\Jag\projects\aether-assist\node_modules\next\dist\build\webpack\loaders\next-swc-loader.js??ruleSet[1].rules[15].oneOf[8].use[0]!D:\jag\projects\aether-assist\node_modules\next\dist\shared\lib\router\utils\get-asset-path-from-route.js|pages-dir-browser
    Used by 2 module(s), i. e.
    javascript/auto|D:\Jag\projects\aether-assist\node_modules\next\dist\build\webpack\loaders\next-swc-loader.js??ruleSet[1].rules[15].oneOf[8].use[0]!D:\jag\projects\aether-assist\node_modules\next\dist\client\page-loader.js|pages-dir-browser
System.Management.Automation.RemoteException
Import trace for requested module:
./node_modules/next/dist/shared/lib/router/utils/get-asset-path-from-route.js
./node_modules/next/dist/client/route-loader.js
./node_modules/next/dist/shared/lib/router/router.js
System.Management.Automation.RemoteException
./node_modules/next/dist/shared/lib/router/utils/get-next-pathname-info.js
There are multiple modules with names that only differ in casing.
This can lead to unexpected behavior when compiling on a filesystem with other case-semantic.
Use equal casing. Compare these module identifiers:
* javascript/auto|D:\Jag\projects\aether-assist\node_modules\next\dist\build\webpack\loaders\next-swc-loader.js??ruleSet[1].rules[15].oneOf[8].use[0]!D:\Jag\projects\aether-assist\node_modules\next\dist\shared\lib\router\utils\get-next-pathname-info.js|pages-dir-browser
    Used by 1 module(s), i. e.
    javascript/auto|D:\Jag\projects\aether-assist\node_modules\next\dist\build\webpack\loaders\next-swc-loader.js??ruleSet[1].rules[15].oneOf[8].use[0]!D:\Jag\projects\aether-assist\node_modules\next\dist\shared\lib\router\router.js|pages-dir-browser
* javascript/auto|D:\Jag\projects\aether-assist\node_modules\next\dist\build\webpack\loaders\next-swc-loader.js??ruleSet[1].rules[15].oneOf[8].use[0]!D:\jag\projects\aether-assist\node_modules\next\dist\shared\lib\router\utils\get-next-pathname-info.js|pages-dir-browser
    Used by 1 module(s), i. e.
    javascript/auto|D:\Jag\projects\aether-assist\node_modules\next\dist\build\webpack\loaders\next-swc-loader.js??ruleSet[1].rules[15].oneOf[8].use[0]!D:\jag\projects\aether-assist\node_modules\next\dist\shared\lib\router\router.js|pages-dir-browser
System.Management.Automation.RemoteException
Import trace for requested module:
./node_modules/next/dist/shared/lib/router/utils/get-next-pathname-info.js
./node_modules/next/dist/shared/lib/router/router.js
System.Management.Automation.RemoteException
./node_modules/next/dist/shared/lib/router/utils/handle-smooth-scroll.js
There are multiple modules with names that only differ in casing.
This can lead to unexpected behavior when compiling on a filesystem with other case-semantic.
Use equal casing. Compare these module identifiers:
* javascript/auto|D:\Jag\projects\aether-assist\node_modules\next\dist\build\webpack\loaders\next-swc-loader.js??ruleSet[1].rules[15].oneOf[8].use[0]!D:\Jag\projects\aether-assist\node_modules\next\dist\shared\lib\router\utils\handle-smooth-scroll.js|pages-dir-browser
    Used by 1 module(s), i. e.
    javascript/auto|D:\Jag\projects\aether-assist\node_modules\next\dist\build\webpack\loaders\next-swc-loader.js??ruleSet[1].rules[15].oneOf[8].use[0]!D:\Jag\projects\aether-assist\node_modules\next\dist\shared\lib\router\router.js|pages-dir-browser
* javascript/auto|D:\Jag\projects\aether-assist\node_modules\next\dist\build\webpack\loaders\next-swc-loader.js??ruleSet[1].rules[15].oneOf[8].use[0]!D:\jag\projects\aether-assist\node_modules\next\dist\shared\lib\router\utils\handle-smooth-scroll.js|pages-dir-browser
    Used by 2 module(s), i. e.
    javascript/auto|D:\Jag\projects\aether-assist\node_modules\next\dist\build\webpack\loaders\next-swc-loader.js??ruleSet[1].rules[15].oneOf[8].use[0]!D:\jag\projects\aether-assist\node_modules\next\dist\client\index.js|pages-dir-browser
System.Management.Automation.RemoteException
Import trace for requested module:
./node_modules/next/dist/shared/lib/router/utils/handle-smooth-scroll.js
./node_modules/next/dist/shared/lib/router/router.js
System.Management.Automation.RemoteException
./node_modules/next/dist/shared/lib/router/utils/html-bots.js
There are multiple modules with names that only differ in casing.
This can lead to unexpected behavior when compiling on a filesystem with other case-semantic.
Use equal casing. Compare these module identifiers:
* javascript/auto|D:\Jag\projects\aether-assist\node_modules\next\dist\build\webpack\loaders\next-swc-loader.js??ruleSet[1].rules[15].oneOf[8].use[0]!D:\Jag\projects\aether-assist\node_modules\next\dist\shared\lib\router\utils\html-bots.js|pages-dir-browser
    Used by 1 module(s), i. e.
    javascript/auto|D:\Jag\projects\aether-assist\node_modules\next\dist\build\webpack\loaders\next-swc-loader.js??ruleSet[1].rules[15].oneOf[8].use[0]!D:\Jag\projects\aether-assist\node_modules\next\dist\shared\lib\router\utils\is-bot.js|pages-dir-browser
* javascript/auto|D:\Jag\projects\aether-assist\node_modules\next\dist\build\webpack\loaders\next-swc-loader.js??ruleSet[1].rules[15].oneOf[8].use[0]!D:\jag\projects\aether-assist\node_modules\next\dist\shared\lib\router\utils\html-bots.js|pages-dir-browser
    Used by 1 module(s), i. e.
    javascript/auto|D:\Jag\projects\aether-assist\node_modules\next\dist\build\webpack\loaders\next-swc-loader.js??ruleSet[1].rules[15].oneOf[8].use[0]!D:\jag\projects\aether-assist\node_modules\next\dist\shared\lib\router\utils\is-bot.js|pages-dir-browser
System.Management.Automation.RemoteException
Import trace for requested module:
./node_modules/next/dist/shared/lib/router/utils/html-bots.js
./node_modules/next/dist/shared/lib/router/utils/is-bot.js
./node_modules/next/dist/shared/lib/router/router.js
System.Management.Automation.RemoteException
./node_modules/next/dist/shared/lib/router/utils/index.js
There are multiple modules with names that only differ in casing.
This can lead to unexpected behavior when compiling on a filesystem with other case-semantic.
Use equal casing. Compare these module identifiers:
* javascript/auto|D:\Jag\projects\aether-assist\node_modules\next\dist\build\webpack\loaders\next-swc-loader.js??ruleSet[1].rules[15].oneOf[8].use[0]!D:\Jag\projects\aether-assist\node_modules\next\dist\shared\lib\router\utils\index.js|pages-dir-browser
    Used by 3 module(s), i. e.
    javascript/auto|D:\Jag\projects\aether-assist\node_modules\next\dist\build\webpack\loaders\next-swc-loader.js??ruleSet[1].rules[15].oneOf[8].use[0]!D:\Jag\projects\aether-assist\node_modules\next\dist\shared\lib\page-path\denormalize-page-path.js|pages-dir-browser
* javascript/auto|D:\Jag\projects\aether-assist\node_modules\next\dist\build\webpack\loaders\next-swc-loader.js??ruleSet[1].rules[15].oneOf[8].use[0]!D:\jag\projects\aether-assist\node_modules\next\dist\shared\lib\router\utils\index.js|pages-dir-browser
    Used by 4 module(s), i. e.
    javascript/auto|D:\Jag\projects\aether-assist\node_modules\next\dist\build\webpack\loaders\next-swc-loader.js??ruleSet[1].rules[15].oneOf[8].use[0]!D:\jag\projects\aether-assist\node_modules\next\dist\shared\lib\router\adapters.js|pages-dir-browser
System.Management.Automation.RemoteException
Import trace for requested module:
./node_modules/next/dist/shared/lib/router/utils/index.js
./node_modules/next/dist/shared/lib/page-path/denormalize-page-path.js
./node_modules/next/dist/shared/lib/router/router.js
System.Management.Automation.RemoteException
./node_modules/next/dist/shared/lib/router/utils/interception-routes.js
There are multiple modules with names that only differ in casing.
This can lead to unexpected behavior when compiling on a filesystem with other case-semantic.
Use equal casing. Compare these module identifiers:
* javascript/auto|D:\Jag\projects\aether-assist\node_modules\next\dist\build\webpack\loaders\next-swc-loader.js??ruleSet[1].rules[15].oneOf[8].use[0]!D:\Jag\projects\aether-assist\node_modules\next\dist\shared\lib\router\utils\interception-routes.js|pages-dir-browser
    Used by 3 module(s), i. e.
    javascript/auto|D:\Jag\projects\aether-assist\node_modules\next\dist\build\webpack\loaders\next-swc-loader.js??ruleSet[1].rules[15].oneOf[8].use[0]!D:\Jag\projects\aether-assist\node_modules\next\dist\shared\lib\router\utils\is-dynamic.js|pages-dir-browser
* javascript/auto|D:\Jag\projects\aether-assist\node_modules\next\dist\build\webpack\loaders\next-swc-loader.js??ruleSet[1].rules[15].oneOf[8].use[0]!D:\jag\projects\aether-assist\node_modules\next\dist\shared\lib\router\utils\interception-routes.js|pages-dir-browser
    Used by 4 module(s), i. e.
    javascript/auto|D:\Jag\projects\aether-assist\node_modules\next\dist\build\webpack\loaders\next-swc-loader.js??ruleSet[1].rules[15].oneOf[8].use[0]!D:\jag\projects\aether-assist\node_modules\next\dist\shared\lib\router\utils\is-dynamic.js|pages-dir-browser
System.Management.Automation.RemoteException
Import trace for requested module:
./node_modules/next/dist/shared/lib/router/utils/interception-routes.js
./node_modules/next/dist/shared/lib/router/utils/is-dynamic.js
./node_modules/next/dist/shared/lib/router/router.js
System.Management.Automation.RemoteException
./node_modules/next/dist/shared/lib/router/utils/interpolate-as.js
There are multiple modules with names that only differ in casing.
This can lead to unexpected behavior when compiling on a filesystem with other case-semantic.
Use equal casing. Compare these module identifiers:
* javascript/auto|D:\Jag\projects\aether-assist\node_modules\next\dist\build\webpack\loaders\next-swc-loader.js??ruleSet[1].rules[15].oneOf[8].use[0]!D:\Jag\projects\aether-assist\node_modules\next\dist\shared\lib\router\utils\interpolate-as.js|pages-dir-browser
    Used by 2 module(s), i. e.
    javascript/auto|D:\Jag\projects\aether-assist\node_modules\next\dist\build\webpack\loaders\next-swc-loader.js??ruleSet[1].rules[15].oneOf[8].use[0]!D:\Jag\projects\aether-assist\node_modules\next\dist\shared\lib\router\router.js|pages-dir-browser
* javascript/auto|D:\Jag\projects\aether-assist\node_modules\next\dist\build\webpack\loaders\next-swc-loader.js??ruleSet[1].rules[15].oneOf[8].use[0]!D:\jag\projects\aether-assist\node_modules\next\dist\shared\lib\router\utils\interpolate-as.js|pages-dir-browser
    Used by 3 module(s), i. e.
    javascript/auto|D:\Jag\projects\aether-assist\node_modules\next\dist\build\webpack\loaders\next-swc-loader.js??ruleSet[1].rules[15].oneOf[8].use[0]!D:\jag\projects\aether-assist\node_modules\next\dist\client\page-loader.js|pages-dir-browser
System.Management.Automation.RemoteException
Import trace for requested module:
./node_modules/next/dist/shared/lib/router/utils/interpolate-as.js
./node_modules/next/dist/shared/lib/router/router.js
System.Management.Automation.RemoteException
./node_modules/next/dist/shared/lib/router/utils/is-bot.js
There are multiple modules with names that only differ in casing.
This can lead to unexpected behavior when compiling on a filesystem with other case-semantic.
Use equal casing. Compare these module identifiers:
* javascript/auto|D:\Jag\projects\aether-assist\node_modules\next\dist\build\webpack\loaders\next-swc-loader.js??ruleSet[1].rules[15].oneOf[8].use[0]!D:\Jag\projects\aether-assist\node_modules\next\dist\shared\lib\router\utils\is-bot.js|pages-dir-browser
    Used by 2 module(s), i. e.
    javascript/auto|D:\Jag\projects\aether-assist\node_modules\next\dist\build\webpack\loaders\next-swc-loader.js??ruleSet[1].rules[15].oneOf[8].use[0]!D:\Jag\projects\aether-assist\node_modules\next\dist\shared\lib\router\router.js|pages-dir-browser
* javascript/auto|D:\Jag\projects\aether-assist\node_modules\next\dist\build\webpack\loaders\next-swc-loader.js??ruleSet[1].rules[15].oneOf[8].use[0]!D:\jag\projects\aether-assist\node_modules\next\dist\shared\lib\router\utils\is-bot.js|pages-dir-browser
    Used by 2 module(s), i. e.
    javascript/auto|D:\Jag\projects\aether-assist\node_modules\next\dist\build\webpack\loaders\next-swc-loader.js??ruleSet[1].rules[15].oneOf[8].use[0]!D:\jag\projects\aether-assist\node_modules\next\dist\shared\lib\router\router.js|pages-dir-browser
System.Management.Automation.RemoteException
Import trace for requested module:
./node_modules/next/dist/shared/lib/router/utils/is-bot.js
./node_modules/next/dist/shared/lib/router/router.js
System.Management.Automation.RemoteException
./node_modules/next/dist/shared/lib/router/utils/is-dynamic.js
There are multiple modules with names that only differ in casing.
This can lead to unexpected behavior when compiling on a filesystem with other case-semantic.
Use equal casing. Compare these module identifiers:
* javascript/auto|D:\Jag\projects\aether-assist\node_modules\next\dist\build\webpack\loaders\next-swc-loader.js??ruleSet[1].rules[15].oneOf[8].use[0]!D:\Jag\projects\aether-assist\node_modules\next\dist\shared\lib\router\utils\is-dynamic.js|pages-dir-browser
    Used by 2 module(s), i. e.
    javascript/auto|D:\Jag\projects\aether-assist\node_modules\next\dist\build\webpack\loaders\next-swc-loader.js??ruleSet[1].rules[15].oneOf[8].use[0]!D:\Jag\projects\aether-assist\node_modules\next\dist\shared\lib\router\router.js|pages-dir-browser
* javascript/auto|D:\Jag\projects\aether-assist\node_modules\next\dist\build\webpack\loaders\next-swc-loader.js??ruleSet[1].rules[15].oneOf[8].use[0]!D:\jag\projects\aether-assist\node_modules\next\dist\shared\lib\router\utils\is-dynamic.js|pages-dir-browser
    Used by 4 module(s), i. e.
    javascript/auto|D:\Jag\projects\aether-assist\node_modules\next\dist\build\webpack\loaders\next-swc-loader.js??ruleSet[1].rules[15].oneOf[8].use[0]!D:\jag\projects\aether-assist\node_modules\next\dist\client\index.js|pages-dir-browser
System.Management.Automation.RemoteException
Import trace for requested module:
./node_modules/next/dist/shared/lib/router/utils/is-dynamic.js
./node_modules/next/dist/shared/lib/router/router.js
System.Management.Automation.RemoteException
./node_modules/next/dist/shared/lib/router/utils/is-local-url.js
There are multiple modules with names that only differ in casing.
This can lead to unexpected behavior when compiling on a filesystem with other case-semantic.
Use equal casing. Compare these module identifiers:
* javascript/auto|D:\Jag\projects\aether-assist\node_modules\next\dist\build\webpack\loaders\next-swc-loader.js??ruleSet[1].rules[15].oneOf[8].use[0]!D:\Jag\projects\aether-assist\node_modules\next\dist\shared\lib\router\utils\is-local-url.js|pages-dir-browser
    Used by 2 module(s), i. e.
    javascript/auto|D:\Jag\projects\aether-assist\node_modules\next\dist\build\webpack\loaders\next-swc-loader.js??ruleSet[1].rules[15].oneOf[8].use[0]!D:\Jag\projects\aether-assist\node_modules\next\dist\shared\lib\router\router.js|pages-dir-browser
* javascript/auto|D:\Jag\projects\aether-assist\node_modules\next\dist\build\webpack\loaders\next-swc-loader.js??ruleSet[1].rules[15].oneOf[8].use[0]!D:\jag\projects\aether-assist\node_modules\next\dist\shared\lib\router\utils\is-local-url.js|pages-dir-browser
    Used by 2 module(s), i. e.
    javascript/auto|D:\Jag\projects\aether-assist\node_modules\next\dist\build\webpack\loaders\next-swc-loader.js??ruleSet[1].rules[15].oneOf[8].use[0]!D:\jag\projects\aether-assist\node_modules\next\dist\shared\lib\router\router.js|pages-dir-browser
System.Management.Automation.RemoteException
Import trace for requested module:
./node_modules/next/dist/shared/lib/router/utils/is-local-url.js
./node_modules/next/dist/shared/lib/router/router.js
System.Management.Automation.RemoteException
./node_modules/next/dist/shared/lib/router/utils/omit.js
There are multiple modules with names that only differ in casing.
This can lead to unexpected behavior when compiling on a filesystem with other case-semantic.
Use equal casing. Compare these module identifiers:
* javascript/auto|D:\Jag\projects\aether-assist\node_modules\next\dist\build\webpack\loaders\next-swc-loader.js??ruleSet[1].rules[15].oneOf[8].use[0]!D:\Jag\projects\aether-assist\node_modules\next\dist\shared\lib\router\utils\omit.js|pages-dir-browser
    Used by 2 module(s), i. e.
    javascript/auto|D:\Jag\projects\aether-assist\node_modules\next\dist\build\webpack\loaders\next-swc-loader.js??ruleSet[1].rules[15].oneOf[8].use[0]!D:\Jag\projects\aether-assist\node_modules\next\dist\shared\lib\router\router.js|pages-dir-browser
* javascript/auto|D:\Jag\projects\aether-assist\node_modules\next\dist\build\webpack\loaders\next-swc-loader.js??ruleSet[1].rules[15].oneOf[8].use[0]!D:\jag\projects\aether-assist\node_modules\next\dist\shared\lib\router\utils\omit.js|pages-dir-browser
    Used by 2 module(s), i. e.
    javascript/auto|D:\Jag\projects\aether-assist\node_modules\next\dist\build\webpack\loaders\next-swc-loader.js??ruleSet[1].rules[15].oneOf[8].use[0]!D:\jag\projects\aether-assist\node_modules\next\dist\shared\lib\router\router.js|pages-dir-browser
System.Management.Automation.RemoteException
Import trace for requested module:
./node_modules/next/dist/shared/lib/router/utils/omit.js
./node_modules/next/dist/shared/lib/router/router.js
System.Management.Automation.RemoteException
./node_modules/next/dist/shared/lib/router/utils/parse-path.js
There are multiple modules with names that only differ in casing.
This can lead to unexpected behavior when compiling on a filesystem with other case-semantic.
Use equal casing. Compare these module identifiers:
* javascript/auto|D:\Jag\projects\aether-assist\node_modules\next\dist\build\webpack\loaders\next-swc-loader.js??ruleSet[1].rules[15].oneOf[8].use[0]!D:\Jag\projects\aether-assist\node_modules\next\dist\shared\lib\router\utils\parse-path.js|pages-dir-browser
    Used by 6 module(s), i. e.
    javascript/auto|D:\Jag\projects\aether-assist\node_modules\next\dist\build\webpack\loaders\next-swc-loader.js??ruleSet[1].rules[15].oneOf[8].use[0]!D:\Jag\projects\aether-assist\node_modules\next\dist\shared\lib\router\router.js|pages-dir-browser
* javascript/auto|D:\Jag\projects\aether-assist\node_modules\next\dist\build\webpack\loaders\next-swc-loader.js??ruleSet[1].rules[15].oneOf[8].use[0]!D:\jag\projects\aether-assist\node_modules\next\dist\shared\lib\router\utils\parse-path.js|pages-dir-browser
    Used by 6 module(s), i. e.
    javascript/auto|D:\Jag\projects\aether-assist\node_modules\next\dist\build\webpack\loaders\next-swc-loader.js??ruleSet[1].rules[15].oneOf[8].use[0]!D:\jag\projects\aether-assist\node_modules\next\dist\shared\lib\router\router.js|pages-dir-browser
System.Management.Automation.RemoteException
Import trace for requested module:
./node_modules/next/dist/shared/lib/router/utils/parse-path.js
./node_modules/next/dist/shared/lib/router/router.js
System.Management.Automation.RemoteException
./node_modules/next/dist/shared/lib/router/utils/parse-relative-url.js
There are multiple modules with names that only differ in casing.
This can lead to unexpected behavior when compiling on a filesystem with other case-semantic.
Use equal casing. Compare these module identifiers:
* javascript/auto|D:\Jag\projects\aether-assist\node_modules\next\dist\build\webpack\loaders\next-swc-loader.js??ruleSet[1].rules[15].oneOf[8].use[0]!D:\Jag\projects\aether-assist\node_modules\next\dist\shared\lib\router\utils\parse-relative-url.js|pages-dir-browser
    Used by 1 module(s), i. e.
    javascript/auto|D:\Jag\projects\aether-assist\node_modules\next\dist\build\webpack\loaders\next-swc-loader.js??ruleSet[1].rules[15].oneOf[8].use[0]!D:\Jag\projects\aether-assist\node_modules\next\dist\shared\lib\router\router.js|pages-dir-browser
* javascript/auto|D:\Jag\projects\aether-assist\node_modules\next\dist\build\webpack\loaders\next-swc-loader.js??ruleSet[1].rules[15].oneOf[8].use[0]!D:\jag\projects\aether-assist\node_modules\next\dist\shared\lib\router\utils\parse-relative-url.js|pages-dir-browser
    Used by 4 module(s), i. e.
    javascript/auto|D:\Jag\projects\aether-assist\node_modules\next\dist\build\webpack\loaders\next-swc-loader.js??ruleSet[1].rules[15].oneOf[8].use[0]!D:\jag\projects\aether-assist\node_modules\next\dist\client\page-loader.js|pages-dir-browser
System.Management.Automation.RemoteException
Import trace for requested module:
./node_modules/next/dist/shared/lib/router/utils/parse-relative-url.js
./node_modules/next/dist/shared/lib/router/router.js
System.Management.Automation.RemoteException
./node_modules/next/dist/shared/lib/router/utils/path-has-prefix.js
There are multiple modules with names that only differ in casing.
This can lead to unexpected behavior when compiling on a filesystem with other case-semantic.
Use equal casing. Compare these module identifiers:
* javascript/auto|D:\Jag\projects\aether-assist\node_modules\next\dist\build\webpack\loaders\next-swc-loader.js??ruleSet[1].rules[15].oneOf[8].use[0]!D:\Jag\projects\aether-assist\node_modules\next\dist\shared\lib\router\utils\path-has-prefix.js|pages-dir-browser
    Used by 4 module(s), i. e.
    javascript/auto|D:\Jag\projects\aether-assist\node_modules\next\dist\build\webpack\loaders\next-swc-loader.js??ruleSet[1].rules[15].oneOf[8].use[0]!D:\Jag\projects\aether-assist\node_modules\next\dist\client\has-base-path.js|pages-dir-browser
* javascript/auto|D:\Jag\projects\aether-assist\node_modules\next\dist\build\webpack\loaders\next-swc-loader.js??ruleSet[1].rules[15].oneOf[8].use[0]!D:\jag\projects\aether-assist\node_modules\next\dist\shared\lib\router\utils\path-has-prefix.js|pages-dir-browser
    Used by 4 module(s), i. e.
    javascript/auto|D:\Jag\projects\aether-assist\node_modules\next\dist\build\webpack\loaders\next-swc-loader.js??ruleSet[1].rules[15].oneOf[8].use[0]!D:\jag\projects\aether-assist\node_modules\next\dist\client\has-base-path.js|pages-dir-browser
System.Management.Automation.RemoteException
Import trace for requested module:
./node_modules/next/dist/shared/lib/router/utils/path-has-prefix.js
./node_modules/next/dist/client/has-base-path.js
./node_modules/next/dist/shared/lib/router/router.js
System.Management.Automation.RemoteException
./node_modules/next/dist/shared/lib/router/utils/querystring.js
There are multiple modules with names that only differ in casing.
This can lead to unexpected behavior when compiling on a filesystem with other case-semantic.
Use equal casing. Compare these module identifiers:
* javascript/auto|D:\Jag\projects\aether-assist\node_modules\next\dist\build\webpack\loaders\next-swc-loader.js??ruleSet[1].rules[15].oneOf[8].use[0]!D:\Jag\projects\aether-assist\node_modules\next\dist\shared\lib\router\utils\querystring.js|pages-dir-browser
    Used by 4 module(s), i. e.
    javascript/auto|D:\Jag\projects\aether-assist\node_modules\next\dist\build\webpack\loaders\next-swc-loader.js??ruleSet[1].rules[15].oneOf[8].use[0]!D:\Jag\projects\aether-assist\node_modules\next\dist\shared\lib\router\utils\parse-relative-url.js|pages-dir-browser
* javascript/auto|D:\Jag\projects\aether-assist\node_modules\next\dist\build\webpack\loaders\next-swc-loader.js??ruleSet[1].rules[15].oneOf[8].use[0]!D:\jag\projects\aether-assist\node_modules\next\dist\shared\lib\router\utils\querystring.js|pages-dir-browser
    Used by 6 module(s), i. e.
    javascript/auto|D:\Jag\projects\aether-assist\node_modules\next\dist\build\webpack\loaders\next-swc-loader.js??ruleSet[1].rules[15].oneOf[8].use[0]!D:\jag\projects\aether-assist\node_modules\next\dist\client\index.js|pages-dir-browser
System.Management.Automation.RemoteException
Import trace for requested module:
./node_modules/next/dist/shared/lib/router/utils/querystring.js
./node_modules/next/dist/shared/lib/router/utils/parse-relative-url.js
./node_modules/next/dist/shared/lib/router/router.js
System.Management.Automation.RemoteException
./node_modules/next/dist/shared/lib/router/utils/remove-path-prefix.js
There are multiple modules with names that only differ in casing.
This can lead to unexpected behavior when compiling on a filesystem with other case-semantic.
Use equal casing. Compare these module identifiers:
* javascript/auto|D:\Jag\projects\aether-assist\node_modules\next\dist\build\webpack\loaders\next-swc-loader.js??ruleSet[1].rules[15].oneOf[8].use[0]!D:\Jag\projects\aether-assist\node_modules\next\dist\shared\lib\router\utils\remove-path-prefix.js|pages-dir-browser
    Used by 1 module(s), i. e.
    javascript/auto|D:\Jag\projects\aether-assist\node_modules\next\dist\build\webpack\loaders\next-swc-loader.js??ruleSet[1].rules[15].oneOf[8].use[0]!D:\Jag\projects\aether-assist\node_modules\next\dist\shared\lib\router\utils\get-next-pathname-info.js|pages-dir-browser
* javascript/auto|D:\Jag\projects\aether-assist\node_modules\next\dist\build\webpack\loaders\next-swc-loader.js??ruleSet[1].rules[15].oneOf[8].use[0]!D:\jag\projects\aether-assist\node_modules\next\dist\shared\lib\router\utils\remove-path-prefix.js|pages-dir-browser
    Used by 1 module(s), i. e.
    javascript/auto|D:\Jag\projects\aether-assist\node_modules\next\dist\build\webpack\loaders\next-swc-loader.js??ruleSet[1].rules[15].oneOf[8].use[0]!D:\jag\projects\aether-assist\node_modules\next\dist\shared\lib\router\utils\get-next-pathname-info.js|pages-dir-browser
System.Management.Automation.RemoteException
Import trace for requested module:
./node_modules/next/dist/shared/lib/router/utils/remove-path-prefix.js
./node_modules/next/dist/shared/lib/router/utils/get-next-pathname-info.js
./node_modules/next/dist/shared/lib/router/router.js
System.Management.Automation.RemoteException
./node_modules/next/dist/shared/lib/router/utils/remove-trailing-slash.js
There are multiple modules with names that only differ in casing.
This can lead to unexpected behavior when compiling on a filesystem with other case-semantic.
Use equal casing. Compare these module identifiers:
* javascript/auto|D:\Jag\projects\aether-assist\node_modules\next\dist\build\webpack\loaders\next-swc-loader.js??ruleSet[1].rules[15].oneOf[8].use[0]!D:\Jag\projects\aether-assist\node_modules\next\dist\shared\lib\router\utils\remove-trailing-slash.js|pages-dir-browser
    Used by 4 module(s), i. e.
    javascript/auto|D:\Jag\projects\aether-assist\node_modules\next\dist\build\webpack\loaders\next-swc-loader.js??ruleSet[1].rules[15].oneOf[8].use[0]!D:\Jag\projects\aether-assist\node_modules\next\dist\shared\lib\router\router.js|pages-dir-browser
* javascript/auto|D:\Jag\projects\aether-assist\node_modules\next\dist\build\webpack\loaders\next-swc-loader.js??ruleSet[1].rules[15].oneOf[8].use[0]!D:\jag\projects\aether-assist\node_modules\next\dist\shared\lib\router\utils\remove-trailing-slash.js|pages-dir-browser
    Used by 6 module(s), i. e.
    javascript/auto|D:\Jag\projects\aether-assist\node_modules\next\dist\build\webpack\loaders\next-swc-loader.js??ruleSet[1].rules[15].oneOf[8].use[0]!D:\jag\projects\aether-assist\node_modules\next\dist\client\page-loader.js|pages-dir-browser
System.Management.Automation.RemoteException
Import trace for requested module:
./node_modules/next/dist/shared/lib/router/utils/remove-trailing-slash.js
./node_modules/next/dist/shared/lib/router/router.js
System.Management.Automation.RemoteException
./node_modules/next/dist/shared/lib/router/utils/route-matcher.js
There are multiple modules with names that only differ in casing.
This can lead to unexpected behavior when compiling on a filesystem with other case-semantic.
Use equal casing. Compare these module identifiers:
* javascript/auto|D:\Jag\projects\aether-assist\node_modules\next\dist\build\webpack\loaders\next-swc-loader.js??ruleSet[1].rules[15].oneOf[8].use[0]!D:\Jag\projects\aether-assist\node_modules\next\dist\shared\lib\router\utils\route-matcher.js|pages-dir-browser
    Used by 2 module(s), i. e.
    javascript/auto|D:\Jag\projects\aether-assist\node_modules\next\dist\build\webpack\loaders\next-swc-loader.js??ruleSet[1].rules[15].oneOf[8].use[0]!D:\Jag\projects\aether-assist\node_modules\next\dist\shared\lib\router\router.js|pages-dir-browser
* javascript/auto|D:\Jag\projects\aether-assist\node_modules\next\dist\build\webpack\loaders\next-swc-loader.js??ruleSet[1].rules[15].oneOf[8].use[0]!D:\jag\projects\aether-assist\node_modules\next\dist\shared\lib\router\utils\route-matcher.js|pages-dir-browser
    Used by 2 module(s), i. e.
    javascript/auto|D:\Jag\projects\aether-assist\node_modules\next\dist\build\webpack\loaders\next-swc-loader.js??ruleSet[1].rules[15].oneOf[8].use[0]!D:\jag\projects\aether-assist\node_modules\next\dist\shared\lib\router\utils\interpolate-as.js|pages-dir-browser
System.Management.Automation.RemoteException
Import trace for requested module:
./node_modules/next/dist/shared/lib/router/utils/route-matcher.js
./node_modules/next/dist/shared/lib/router/router.js
System.Management.Automation.RemoteException
./node_modules/next/dist/shared/lib/router/utils/route-regex.js
There are multiple modules with names that only differ in casing.
This can lead to unexpected behavior when compiling on a filesystem with other case-semantic.
Use equal casing. Compare these module identifiers:
* javascript/auto|D:\Jag\projects\aether-assist\node_modules\next\dist\build\webpack\loaders\next-swc-loader.js??ruleSet[1].rules[15].oneOf[8].use[0]!D:\Jag\projects\aether-assist\node_modules\next\dist\shared\lib\router\utils\route-regex.js|pages-dir-browser
    Used by 3 module(s), i. e.
    javascript/auto|D:\Jag\projects\aether-assist\node_modules\next\dist\build\webpack\loaders\next-swc-loader.js??ruleSet[1].rules[15].oneOf[8].use[0]!D:\Jag\projects\aether-assist\node_modules\next\dist\shared\lib\router\router.js|pages-dir-browser
* javascript/auto|D:\Jag\projects\aether-assist\node_modules\next\dist\build\webpack\loaders\next-swc-loader.js??ruleSet[1].rules[15].oneOf[8].use[0]!D:\jag\projects\aether-assist\node_modules\next\dist\shared\lib\router\utils\route-regex.js|pages-dir-browser
    Used by 4 module(s), i. e.
    javascript/auto|D:\Jag\projects\aether-assist\node_modules\next\dist\build\webpack\loaders\next-swc-loader.js??ruleSet[1].rules[15].oneOf[8].use[0]!D:\jag\projects\aether-assist\node_modules\next\dist\shared\lib\router\adapters.js|pages-dir-browser
System.Management.Automation.RemoteException
Import trace for requested module:
./node_modules/next/dist/shared/lib/router/utils/route-regex.js
./node_modules/next/dist/shared/lib/router/router.js
System.Management.Automation.RemoteException
./node_modules/next/dist/shared/lib/router/utils/sorted-routes.js
There are multiple modules with names that only differ in casing.
This can lead to unexpected behavior when compiling on a filesystem with other case-semantic.
Use equal casing. Compare these module identifiers:
* javascript/auto|D:\Jag\projects\aether-assist\node_modules\next\dist\build\webpack\loaders\next-swc-loader.js??ruleSet[1].rules[15].oneOf[8].use[0]!D:\Jag\projects\aether-assist\node_modules\next\dist\shared\lib\router\utils\sorted-routes.js|pages-dir-browser
    Used by 2 module(s), i. e.
    javascript/auto|D:\Jag\projects\aether-assist\node_modules\next\dist\build\webpack\loaders\next-swc-loader.js??ruleSet[1].rules[15].oneOf[8].use[0]!D:\Jag\projects\aether-assist\node_modules\next\dist\shared\lib\router\utils\index.js|pages-dir-browser
* javascript/auto|D:\Jag\projects\aether-assist\node_modules\next\dist\build\webpack\loaders\next-swc-loader.js??ruleSet[1].rules[15].oneOf[8].use[0]!D:\jag\projects\aether-assist\node_modules\next\dist\shared\lib\router\utils\sorted-routes.js|pages-dir-browser
    Used by 2 module(s), i. e.
    javascript/auto|D:\Jag\projects\aether-assist\node_modules\next\dist\build\webpack\loaders\next-swc-loader.js??ruleSet[1].rules[15].oneOf[8].use[0]!D:\jag\projects\aether-assist\node_modules\next\dist\shared\lib\router\utils\index.js|pages-dir-browser
System.Management.Automation.RemoteException
Import trace for requested module:
./node_modules/next/dist/shared/lib/router/utils/sorted-routes.js
./node_modules/next/dist/shared/lib/router/utils/index.js
./node_modules/next/dist/shared/lib/page-path/denormalize-page-path.js
./node_modules/next/dist/shared/lib/router/router.js
System.Management.Automation.RemoteException
./node_modules/next/dist/shared/lib/segment.js
There are multiple modules with names that only differ in casing.
This can lead to unexpected behavior when compiling on a filesystem with other case-semantic.
Use equal casing. Compare these module identifiers:
* javascript/auto|D:\Jag\projects\aether-assist\node_modules\next\dist\build\webpack\loaders\next-swc-loader.js??ruleSet[1].rules[15].oneOf[8].use[0]!D:\Jag\projects\aether-assist\node_modules\next\dist\shared\lib\segment.js|pages-dir-browser
    Used by 2 module(s), i. e.
    javascript/auto|D:\Jag\projects\aether-assist\node_modules\next\dist\build\webpack\loaders\next-swc-loader.js??ruleSet[1].rules[15].oneOf[8].use[0]!D:\Jag\projects\aether-assist\node_modules\next\dist\shared\lib\router\utils\app-paths.js|pages-dir-browser
* javascript/auto|D:\Jag\projects\aether-assist\node_modules\next\dist\build\webpack\loaders\next-swc-loader.js??ruleSet[1].rules[15].oneOf[8].use[0]!D:\jag\projects\aether-assist\node_modules\next\dist\shared\lib\segment.js|pages-dir-browser
    Used by 2 module(s), i. e.
    javascript/auto|D:\Jag\projects\aether-assist\node_modules\next\dist\build\webpack\loaders\next-swc-loader.js??ruleSet[1].rules[15].oneOf[8].use[0]!D:\jag\projects\aether-assist\node_modules\next\dist\shared\lib\router\utils\app-paths.js|pages-dir-browser
System.Management.Automation.RemoteException
Import trace for requested module:
./node_modules/next/dist/shared/lib/segment.js
./node_modules/next/dist/shared/lib/router/utils/app-paths.js
./node_modules/next/dist/shared/lib/router/utils/interception-routes.js
./node_modules/next/dist/shared/lib/router/utils/is-dynamic.js
./node_modules/next/dist/shared/lib/router/router.js
System.Management.Automation.RemoteException
./node_modules/next/dist/shared/lib/side-effect.js
There are multiple modules with names that only differ in casing.
This can lead to unexpected behavior when compiling on a filesystem with other case-semantic.
Use equal casing. Compare these module identifiers:
* javascript/auto|D:\Jag\projects\aether-assist\node_modules\next\dist\build\webpack\loaders\next-swc-loader.js??ruleSet[1].rules[15].oneOf[8].use[0]!D:\Jag\projects\aether-assist\node_modules\next\dist\shared\lib\side-effect.js|pages-dir-browser
    Used by 1 module(s), i. e.
    javascript/auto|D:\Jag\projects\aether-assist\node_modules\next\dist\build\webpack\loaders\next-swc-loader.js??ruleSet[1].rules[15].oneOf[8].use[0]!D:\Jag\projects\aether-assist\node_modules\next\dist\shared\lib\head.js|pages-dir-browser
* javascript/auto|D:\Jag\projects\aether-assist\node_modules\next\dist\build\webpack\loaders\next-swc-loader.js??ruleSet[1].rules[15].oneOf[8].use[0]!D:\jag\projects\aether-assist\node_modules\next\dist\shared\lib\side-effect.js|pages-dir-browser
    Used by 1 module(s), i. e.
    javascript/auto|D:\Jag\projects\aether-assist\node_modules\next\dist\build\webpack\loaders\next-swc-loader.js??ruleSet[1].rules[15].oneOf[8].use[0]!D:\jag\projects\aether-assist\node_modules\next\dist\shared\lib\head.js|pages-dir-browser
System.Management.Automation.RemoteException
Import trace for requested module:
./node_modules/next/dist/shared/lib/side-effect.js
./node_modules/next/dist/shared/lib/head.js
System.Management.Automation.RemoteException
./node_modules/next/dist/shared/lib/utils.js
There are multiple modules with names that only differ in casing.
This can lead to unexpected behavior when compiling on a filesystem with other case-semantic.
Use equal casing. Compare these module identifiers:
* javascript/auto|D:\Jag\projects\aether-assist\node_modules\next\dist\build\webpack\loaders\next-swc-loader.js??ruleSet[1].rules[15].oneOf[8].use[0]!D:\Jag\projects\aether-assist\node_modules\next\dist\shared\lib\utils.js|pages-dir-browser
    Used by 7 module(s), i. e.
    javascript/auto|D:\Jag\projects\aether-assist\node_modules\next\dist\build\webpack\loaders\next-swc-loader.js??ruleSet[1].rules[15].oneOf[8].use[0]!D:\Jag\projects\aether-assist\node_modules\next\dist\pages\_app.js|pages-dir-browser
* javascript/auto|D:\Jag\projects\aether-assist\node_modules\next\dist\build\webpack\loaders\next-swc-loader.js??ruleSet[1].rules[15].oneOf[8].use[0]!D:\jag\projects\aether-assist\node_modules\next\dist\shared\lib\utils.js|pages-dir-browser
    Used by 8 module(s), i. e.
    javascript/auto|D:\Jag\projects\aether-assist\node_modules\next\dist\build\webpack\loaders\next-swc-loader.js??ruleSet[1].rules[15].oneOf[8].use[0]!D:\jag\projects\aether-assist\node_modules\next\dist\client\index.js|pages-dir-browser
System.Management.Automation.RemoteException
Import trace for requested module:
./node_modules/next/dist/shared/lib/utils.js
System.Management.Automation.RemoteException
./node_modules/next/dist/shared/lib/utils/warn-once.js
There are multiple modules with names that only differ in casing.
This can lead to unexpected behavior when compiling on a filesystem with other case-semantic.
Use equal casing. Compare these module identifiers:
* javascript/auto|D:\Jag\projects\aether-assist\node_modules\next\dist\build\webpack\loaders\next-swc-loader.js??ruleSet[1].rules[15].oneOf[8].use[0]!D:\Jag\projects\aether-assist\node_modules\next\dist\shared\lib\utils\warn-once.js|pages-dir-browser
    Used by 1 module(s), i. e.
    javascript/auto|D:\Jag\projects\aether-assist\node_modules\next\dist\build\webpack\loaders\next-swc-loader.js??ruleSet[1].rules[15].oneOf[8].use[0]!D:\Jag\projects\aether-assist\node_modules\next\dist\shared\lib\head.js|pages-dir-browser
* javascript/auto|D:\Jag\projects\aether-assist\node_modules\next\dist\build\webpack\loaders\next-swc-loader.js??ruleSet[1].rules[15].oneOf[8].use[0]!D:\jag\projects\aether-assist\node_modules\next\dist\shared\lib\utils\warn-once.js|pages-dir-browser
    Used by 1 module(s), i. e.
    javascript/auto|D:\Jag\projects\aether-assist\node_modules\next\dist\build\webpack\loaders\next-swc-loader.js??ruleSet[1].rules[15].oneOf[8].use[0]!D:\jag\projects\aether-assist\node_modules\next\dist\shared\lib\head.js|pages-dir-browser
System.Management.Automation.RemoteException
Import trace for requested module:
./node_modules/next/dist/shared/lib/utils/warn-once.js
./node_modules/next/dist/shared/lib/head.js
System.Management.Automation.RemoteException
./node_modules/next/dist/lib/constants.js
There are multiple modules with names that only differ in casing.
This can lead to unexpected behavior when compiling on a filesystem with other case-semantic.
Use equal casing. Compare these module identifiers:
* javascript/auto|D:\Jag\projects\aether-assist\node_modules\next\dist\lib\constants.js|pages-dir-browser
    Used by 3 module(s), i. e.
    javascript/auto|D:\Jag\projects\aether-assist\node_modules\next\dist\build\webpack\loaders\next-swc-loader.js??ruleSet[1].rules[15].oneOf[8].use[0]!D:\Jag\projects\aether-assist\node_modules\next\dist\shared\lib\router\router.js|pages-dir-browser
* javascript/auto|D:\jag\projects\aether-assist\node_modules\next\dist\lib\constants.js|pages-dir-browser
    Used by 3 module(s), i. e.
    javascript/auto|D:\Jag\projects\aether-assist\node_modules\next\dist\build\webpack\loaders\next-swc-loader.js??ruleSet[1].rules[15].oneOf[8].use[0]!D:\jag\projects\aether-assist\node_modules\next\dist\shared\lib\router\router.js|pages-dir-browser
System.Management.Automation.RemoteException
Import trace for requested module:
./node_modules/next/dist/lib/constants.js
./node_modules/next/dist/shared/lib/router/router.js
System.Management.Automation.RemoteException
./node_modules/next/dist/lib/is-api-route.js
There are multiple modules with names that only differ in casing.
This can lead to unexpected behavior when compiling on a filesystem with other case-semantic.
Use equal casing. Compare these module identifiers:
* javascript/auto|D:\Jag\projects\aether-assist\node_modules\next\dist\lib\is-api-route.js|pages-dir-browser
    Used by 1 module(s), i. e.
    javascript/auto|D:\Jag\projects\aether-assist\node_modules\next\dist\build\webpack\loaders\next-swc-loader.js??ruleSet[1].rules[15].oneOf[8].use[0]!D:\Jag\projects\aether-assist\node_modules\next\dist\shared\lib\router\router.js|pages-dir-browser
* javascript/auto|D:\jag\projects\aether-assist\node_modules\next\dist\lib\is-api-route.js|pages-dir-browser
    Used by 1 module(s), i. e.
    javascript/auto|D:\Jag\projects\aether-assist\node_modules\next\dist\build\webpack\loaders\next-swc-loader.js??ruleSet[1].rules[15].oneOf[8].use[0]!D:\jag\projects\aether-assist\node_modules\next\dist\shared\lib\router\router.js|pages-dir-browser
System.Management.Automation.RemoteException
Import trace for requested module:
./node_modules/next/dist/lib/is-api-route.js
./node_modules/next/dist/shared/lib/router/router.js
System.Management.Automation.RemoteException
./node_modules/next/dist/lib/is-error.js
There are multiple modules with names that only differ in casing.
This can lead to unexpected behavior when compiling on a filesystem with other case-semantic.
Use equal casing. Compare these module identifiers:
* javascript/auto|D:\Jag\projects\aether-assist\node_modules\next\dist\lib\is-error.js|pages-dir-browser
    Used by 3 module(s), i. e.
    javascript/auto|D:\Jag\projects\aether-assist\node_modules\next\dist\build\webpack\loaders\next-swc-loader.js??ruleSet[1].rules[15].oneOf[8].use[0]!D:\Jag\projects\aether-assist\node_modules\next\dist\client\router.js|pages-dir-browser
* javascript/auto|D:\jag\projects\aether-assist\node_modules\next\dist\lib\is-error.js|pages-dir-browser
    Used by 6 module(s), i. e.
    javascript/auto|D:\Jag\projects\aether-assist\node_modules\next\dist\build\webpack\loaders\next-swc-loader.js??ruleSet[1].rules[15].oneOf[8].use[0]!D:\jag\projects\aether-assist\node_modules\next\dist\client\index.js|pages-dir-browser
System.Management.Automation.RemoteException
Import trace for requested module:
./node_modules/next/dist/lib/is-error.js
System.Management.Automation.RemoteException
./node_modules/react-dom/cjs/react-dom.production.js
There are multiple modules with names that only differ in casing.
This can lead to unexpected behavior when compiling on a filesystem with other case-semantic.
Use equal casing. Compare these module identifiers:
* javascript/auto|D:\Jag\projects\aether-assist\node_modules\react-dom\cjs\react-dom.production.js|pages-dir-browser
    Used by 1 module(s), i. e.
    javascript/auto|D:\Jag\projects\aether-assist\node_modules\react-dom\index.js|pages-dir-browser
* javascript/auto|D:\jag\projects\aether-assist\node_modules\react-dom\cjs\react-dom.production.js|pages-dir-browser
    Used by 1 module(s), i. e.
    javascript/auto|D:\jag\projects\aether-assist\node_modules\react-dom\index.js|pages-dir-browser
System.Management.Automation.RemoteException
Import trace for requested module:
./node_modules/react-dom/cjs/react-dom.production.js
./node_modules/react-dom/index.js
./node_modules/next/dist/client/script.js
./node_modules/next/dist/shared/lib/router/router.js
System.Management.Automation.RemoteException
./node_modules/react-dom/index.js
There are multiple modules with names that only differ in casing.
This can lead to unexpected behavior when compiling on a filesystem with other case-semantic.
Use equal casing. Compare these module identifiers:
* javascript/auto|D:\Jag\projects\aether-assist\node_modules\react-dom\index.js|pages-dir-browser
    Used by 1 module(s), i. e.
    javascript/auto|D:\Jag\projects\aether-assist\node_modules\next\dist\build\webpack\loaders\next-swc-loader.js??ruleSet[1].rules[15].oneOf[8].use[0]!D:\Jag\projects\aether-assist\node_modules\next\dist\client\script.js|pages-dir-browser
* javascript/auto|D:\jag\projects\aether-assist\node_modules\react-dom\index.js|pages-dir-browser
    Used by 3 module(s), i. e.
    javascript/auto|D:\Jag\projects\aether-assist\node_modules\next\dist\build\webpack\loaders\next-swc-loader.js??ruleSet[1].rules[15].oneOf[8].use[0]!D:\jag\projects\aether-assist\node_modules\next\dist\client\portal\index.js|pages-dir-browser
System.Management.Automation.RemoteException
Import trace for requested module:
./node_modules/react-dom/index.js
./node_modules/next/dist/client/script.js
./node_modules/next/dist/shared/lib/router/router.js
System.Management.Automation.RemoteException
./node_modules/react/cjs/react-jsx-runtime.production.js
There are multiple modules with names that only differ in casing.
This can lead to unexpected behavior when compiling on a filesystem with other case-semantic.
Use equal casing. Compare these module identifiers:
* javascript/auto|D:\Jag\projects\aether-assist\node_modules\react\cjs\react-jsx-runtime.production.js|pages-dir-browser
    Used by 1 module(s), i. e.
    javascript/auto|D:\Jag\projects\aether-assist\node_modules\react\jsx-runtime.js|pages-dir-browser
* javascript/auto|D:\jag\projects\aether-assist\node_modules\react\cjs\react-jsx-runtime.production.js|pages-dir-browser
    Used by 1 module(s), i. e.
    javascript/auto|D:\jag\projects\aether-assist\node_modules\react\jsx-runtime.js|pages-dir-browser
System.Management.Automation.RemoteException
Import trace for requested module:
./node_modules/react/cjs/react-jsx-runtime.production.js
./node_modules/react/jsx-runtime.js
System.Management.Automation.RemoteException
./node_modules/react/cjs/react.production.js
There are multiple modules with names that only differ in casing.
This can lead to unexpected behavior when compiling on a filesystem with other case-semantic.
Use equal casing. Compare these module identifiers:
* javascript/auto|D:\Jag\projects\aether-assist\node_modules\react\cjs\react.production.js|pages-dir-browser
    Used by 1 module(s), i. e.
    javascript/auto|D:\Jag\projects\aether-assist\node_modules\react\index.js|pages-dir-browser
* javascript/auto|D:\jag\projects\aether-assist\node_modules\react\cjs\react.production.js|pages-dir-browser
    Used by 1 module(s), i. e.
    javascript/auto|D:\jag\projects\aether-assist\node_modules\react\index.js|pages-dir-browser
System.Management.Automation.RemoteException
Import trace for requested module:
./node_modules/react/cjs/react.production.js
./node_modules/react/index.js
System.Management.Automation.RemoteException
./node_modules/react/index.js
There are multiple modules with names that only differ in casing.
This can lead to unexpected behavior when compiling on a filesystem with other case-semantic.
Use equal casing. Compare these module identifiers:
* javascript/auto|D:\Jag\projects\aether-assist\node_modules\react\index.js|pages-dir-browser
    Used by 11 module(s), i. e.
    javascript/auto|D:\Jag\projects\aether-assist\node_modules\next\dist\build\webpack\loaders\next-swc-loader.js??ruleSet[1].rules[15].oneOf[8].use[0]!D:\Jag\projects\aether-assist\node_modules\next\dist\client\router.js|pages-dir-browser
* javascript/auto|D:\jag\projects\aether-assist\node_modules\react\index.js|pages-dir-browser
    Used by 20 module(s), i. e.
    javascript/auto|D:\Jag\projects\aether-assist\node_modules\next\dist\build\webpack\loaders\next-swc-loader.js??ruleSet[1].rules[15].oneOf[8].use[0]!D:\jag\projects\aether-assist\node_modules\next\dist\client\index.js|pages-dir-browser
System.Management.Automation.RemoteException
Import trace for requested module:
./node_modules/react/index.js
System.Management.Automation.RemoteException
./node_modules/react/jsx-runtime.js
There are multiple modules with names that only differ in casing.
This can lead to unexpected behavior when compiling on a filesystem with other case-semantic.
Use equal casing. Compare these module identifiers:
* javascript/auto|D:\Jag\projects\aether-assist\node_modules\react\jsx-runtime.js|pages-dir-browser
    Used by 5 module(s), i. e.
    javascript/auto|D:\Jag\projects\aether-assist\node_modules\next\dist\build\webpack\loaders\next-swc-loader.js??ruleSet[1].rules[15].oneOf[8].use[0]!D:\Jag\projects\aether-assist\node_modules\next\dist\pages\_app.js|pages-dir-browser
* javascript/auto|D:\jag\projects\aether-assist\node_modules\react\jsx-runtime.js|pages-dir-browser
    Used by 8 module(s), i. e.
    javascript/auto|D:\Jag\projects\aether-assist\node_modules\next\dist\build\webpack\loaders\next-swc-loader.js??ruleSet[1].rules[15].oneOf[8].use[0]!D:\jag\projects\aether-assist\node_modules\next\dist\client\index.js|pages-dir-browser
System.Management.Automation.RemoteException
Import trace for requested module:
./node_modules/react/jsx-runtime.js
System.Management.Automation.RemoteException
 G£ô Compiled successfully
   Linting and checking validity of types ...
 G¿» ESLint: Cannot find module 'D:\jag\projects\aether-assist\node_modules\eslint-config-next\core-web-vitals' imported from D:\jag\projects\aether-assist\eslint.config.mjs Did you mean to import "eslint-config-next/core-web-vitals.js"?
   Collecting page data ...
   Generating static pages (0/6) ...
TypeError: Cannot read properties of null (reading 'useContext')
    at h (D:\jag\projects\aether-assist\.next\server\pages\_error.js:1:47470)
Error occurred prerendering page "/404". Read more: https://nextjs.org/docs/messages/prerender-error
TypeError: Cannot read properties of null (reading 'useContext')
    at exports.useContext (D:\jag\projects\aether-assist\node_modules\react\cjs\react.production.js:489:33)
    at h (D:\jag\projects\aether-assist\.next\server\pages\_error.js:1:47470)
    at renderWithHooks (D:\Jag\projects\aether-assist\node_modules\react-dom\cjs\react-dom-server.edge.production.js:4747:18)
    at renderElement (D:\Jag\projects\aether-assist\node_modules\react-dom\cjs\react-dom-server.edge.production.js:4885:14)
    at retryNode (D:\Jag\projects\aether-assist\node_modules\react-dom\cjs\react-dom-server.edge.production.js:5603:16)
    at renderNodeDestructive (D:\Jag\projects\aether-assist\node_modules\react-dom\cjs\react-dom-server.edge.production.js:5397:7)
    at renderNode (D:\Jag\projects\aether-assist\node_modules\react-dom\cjs\react-dom-server.edge.production.js:5964:14)
    at renderChildrenArray (D:\Jag\projects\aether-assist\node_modules\react-dom\cjs\react-dom-server.edge.production.js:5746:7)
    at retryNode (D:\Jag\projects\aether-assist\node_modules\react-dom\cjs\react-dom-server.edge.production.js:5617:9)
    at renderNodeDestructive (D:\Jag\projects\aether-assist\node_modules\react-dom\cjs\react-dom-server.edge.production.js:5397:7)
Export encountered an error on /_error: /404, exiting the build.
 G¿» Next.js build worker exited with code: 1 and signal: null
